<html>
<body>
<pre>
<h1>µVision Build Log</h1>
<h2>Tool Versions:</h2>
IDE-Version: ¦ÌVision V5.40.0.0
Copyright (C) 2024 ARM Ltd and ARM Germany GmbH. All rights reserved.
License Information:    ,   , LIC=50D7S-L9TM1-240SS-LWJLK-JVCY4-0X1SM
 
Tool Versions:
Toolchain:       MDK-ARM Professional  Version: 5.40.0.3
Toolchain Path:  E:\Keil_v5\ARM\ARMCC\Bin
C Compiler:      Armcc.exe V5.06 update 1 (build 61)
Assembler:       Armasm.exe V5.06 update 1 (build 61)
Linker/Locator:  ArmLink.exe V5.06 update 1 (build 61)
Library Manager: ArmAr.exe V5.06 update 1 (build 61)
Hex Converter:   FromElf.exe V5.06 update 1 (build 61)
CPU DLL:         SARMCM3.DLL V5.40.0.3
Dialog DLL:      DCM.DLL V1.17.5.0
Target DLL:      CMSIS_AGDI.dll V1.33.18.0
Dialog DLL:      TCM.DLL V1.56.4.0
 
<h2>Project:</h2>
D:\code\mcu\stm32\FOC\FOC_G431\MDK-ARM\FOC_G431.uvprojx
Project File Date:  07/26/2026

<h2>Output:</h2>
*** Using Compiler 'V5.06 update 1 (build 61)', folder: 'E:\Keil_v5\ARM\ARMCC\Bin'
Build target 'FOC_G431'
compiling foc_app.c...
compiling foc_ident.c...
compiling foc_telemetry.c...
compiling abz_encoder.c...
compiling foc_calib.c...
compiling foc_board_g431.c...
compiling stm32g4xx_it.c...
compiling foc_cmd.c...
compiling current_shunt.c...
compiling main.c...
linking...
Program Size: Code=37448 RO-data=3660 RW-data=236 ZI-data=2980  
FromELF: creating hex file...
"FOC_G431\FOC_G431.axf" - 0 Error(s), 0 Warning(s).

<h2>Software Packages used:</h2>

Package Vendor: ARM
                https://www.keil.com/pack/ARM.CMSIS.6.1.0.pack
                ARM::CMSIS@6.1.0
                CMSIS (Common Microcontroller Software Interface Standard)
   * Component: CORE Version: 6.1.0

Package Vendor: ARM
                https://www.keil.com/pack/ARM.CMSIS-DSP.1.17.0.pack
                ARM::CMSIS-DSP@1.17.0
                CMSIS Embedded Compute Library
   * Component: DSP Variant: Source Version: 1.17.0

Package Vendor: Keil
                https://www.keil.com/pack/Keil.STM32G4xx_DFP.1.5.0.pack
                Keil::STM32G4xx_DFP@1.5.0
                STMicroelectronics STM32G4 Series Device Support, Drivers and Examples

<h2>Collection of Component include folders:</h2>
  ./RTE/_FOC_G431
  E:/Keil_v5/ARM/CMSIS-DSP/1.17.0/Include
  E:/Keil_v5/ARM/CMSIS-DSP/1.17.0/PrivateInclude
  E:/Keil_v5/ARM/CMSIS/6.1.0/CMSIS/Core/Include
  E:/Keil_v5/Keil/STM32G4xx_DFP/1.5.0/Drivers/CMSIS/Device/ST/STM32G4xx/Include

<h2>Collection of Component Files used:</h2>

   * Component: ARM::CMSIS:CORE@6.1.0
      Include file:  CMSIS/Core/Include/tz_context.h

   * Component: ARM::CMSIS:DSP&Source@1.17.0
      Source file:   Source/SVMFunctions/SVMFunctions.c
      Source file:   Source/QuaternionMathFunctions/QuaternionMathFunctions.c
      Include file:  Include/arm_const_structs.h
      Source file:   Source/ControllerFunctions/ControllerFunctions.c
      Include file:  Include/arm_math.h
      Source file:   Source/FilteringFunctions/FilteringFunctions.c
      Include file:  Include/arm_common_tables.h
      Source file:   Source/StatisticsFunctions/StatisticsFunctions.c
      Source file:   Source/DistanceFunctions/DistanceFunctions.c
      Source file:   Source/FastMathFunctions/FastMathFunctions.c
      Source file:   Source/BayesFunctions/BayesFunctions.c
      Include file:  Include/arm_common_tables_f16.h
      Source file:   Source/BasicMathFunctions/BasicMathFunctions.c
      Include file:  Include/arm_const_structs_f16.h
      Source file:   Source/ComplexMathFunctions/ComplexMathFunctions.c
      Source file:   Source/MatrixFunctions/MatrixFunctions.c
      Source file:   Source/CommonTables/CommonTables.c
      Include file:  Include/arm_math_f16.h
      Source file:   Source/SupportFunctions/SupportFunctions.c
      Source file:   Source/BayesFunctions/BayesFunctionsF16.c
      Source file:   Source/WindowFunctions/WindowFunctions.c
      Source file:   Source/MatrixFunctions/MatrixFunctionsF16.c
      Source file:   Source/CommonTables/CommonTablesF16.c
      Source file:   Source/InterpolationFunctions/InterpolationFunctionsF16.c
      Source file:   Source/FilteringFunctions/FilteringFunctionsF16.c
      Source file:   Source/ComplexMathFunctions/ComplexMathFunctionsF16.c
      Source file:   Source/FastMathFunctions/FastMathFunctionsF16.c
      Source file:   Source/DistanceFunctions/DistanceFunctionsF16.c
      Source file:   Source/SupportFunctions/SupportFunctionsF16.c
      Source file:   Source/BasicMathFunctions/BasicMathFunctionsF16.c
      Source file:   Source/StatisticsFunctions/StatisticsFunctionsF16.c
      Source file:   Source/TransformFunctions/TransformFunctionsF16.c
      Source file:   Source/SVMFunctions/SVMFunctionsF16.c
      Source file:   Source/InterpolationFunctions/InterpolationFunctions.c
      Source file:   Source/TransformFunctions/TransformFunctions.c
Build Time Elapsed:  00:00:14
</pre>
</body>
</html>
