Component: ARM Compiler 5.06 update 1 (build 61) Tool: armlink [4d35a8]

==============================================================================

Section Cross References

    startup_stm32g431xx.o(RESET) refers to startup_stm32g431xx.o(STACK) for __initial_sp
    startup_stm32g431xx.o(RESET) refers to startup_stm32g431xx.o(.text) for Reset_Handler
    startup_stm32g431xx.o(RESET) refers to stm32g4xx_it.o(i.NMI_Handler) for NMI_Handler
    startup_stm32g431xx.o(RESET) refers to stm32g4xx_it.o(i.HardFault_Handler) for HardFault_Handler
    startup_stm32g431xx.o(RESET) refers to stm32g4xx_it.o(i.MemManage_Handler) for MemManage_Handler
    startup_stm32g431xx.o(RESET) refers to stm32g4xx_it.o(i.BusFault_Handler) for BusFault_Handler
    startup_stm32g431xx.o(RESET) refers to stm32g4xx_it.o(i.UsageFault_Handler) for UsageFault_Handler
    startup_stm32g431xx.o(RESET) refers to stm32g4xx_it.o(i.SVC_Handler) for SVC_Handler
    startup_stm32g431xx.o(RESET) refers to stm32g4xx_it.o(i.DebugMon_Handler) for DebugMon_Handler
    startup_stm32g431xx.o(RESET) refers to stm32g4xx_it.o(i.PendSV_Handler) for PendSV_Handler
    startup_stm32g431xx.o(RESET) refers to stm32g4xx_it.o(i.SysTick_Handler) for SysTick_Handler
    startup_stm32g431xx.o(RESET) refers to stm32g4xx_it.o(i.DMA1_Channel1_IRQHandler) for DMA1_Channel1_IRQHandler
    startup_stm32g431xx.o(RESET) refers to stm32g4xx_it.o(i.DMA1_Channel2_IRQHandler) for DMA1_Channel2_IRQHandler
    startup_stm32g431xx.o(RESET) refers to stm32g4xx_it.o(i.ADC1_2_IRQHandler) for ADC1_2_IRQHandler
    startup_stm32g431xx.o(RESET) refers to stm32g4xx_it.o(i.EXTI9_5_IRQHandler) for EXTI9_5_IRQHandler
    startup_stm32g431xx.o(RESET) refers to stm32g4xx_it.o(i.TIM1_UP_TIM16_IRQHandler) for TIM1_UP_TIM16_IRQHandler
    startup_stm32g431xx.o(RESET) refers to stm32g4xx_it.o(i.USART2_IRQHandler) for USART2_IRQHandler
    startup_stm32g431xx.o(RESET) refers to stm32g4xx_it.o(i.EXTI15_10_IRQHandler) for EXTI15_10_IRQHandler
    startup_stm32g431xx.o(.text) refers to system_stm32g4xx.o(i.SystemInit) for SystemInit
    startup_stm32g431xx.o(.text) refers to entry.o(.ARM.Collect$$$$00000000) for __main
    main.o(i.Error_Handler) refers to main.o(i.system_fault_capture) for system_fault_capture
    main.o(i.HAL_GPIO_EXTI_Callback) refers to abz_encoder.o(i.abz_encoder_on_index) for abz_encoder_on_index
    main.o(i.HAL_GPIO_EXTI_Callback) refers to stm32g4xx_hal.o(i.HAL_GetTick) for HAL_GetTick
    main.o(i.HAL_GPIO_EXTI_Callback) refers to foc_app.o(i.foc_app_on_key) for foc_app_on_key
    main.o(i.HAL_GPIO_EXTI_Callback) refers to main.o(.data) for .data
    main.o(i.HAL_TIM_PeriodElapsedCallback) refers to current_shunt.o(i.current_shunt_tim_update_irq) for current_shunt_tim_update_irq
    main.o(i.MX_ADC1_Init) refers to memseta.o(.text) for __aeabi_memclr4
    main.o(i.MX_ADC1_Init) refers to stm32g4xx_hal_adc.o(i.HAL_ADC_Init) for HAL_ADC_Init
    main.o(i.MX_ADC1_Init) refers to stm32g4xx_hal_adc_ex.o(i.HAL_ADCEx_MultiModeConfigChannel) for HAL_ADCEx_MultiModeConfigChannel
    main.o(i.MX_ADC1_Init) refers to stm32g4xx_hal_adc_ex.o(i.HAL_ADCEx_InjectedConfigChannel) for HAL_ADCEx_InjectedConfigChannel
    main.o(i.MX_ADC1_Init) refers to main.o(i.Error_Handler) for Error_Handler
    main.o(i.MX_ADC1_Init) refers to main.o(.bss) for .bss
    main.o(i.MX_ADC2_Init) refers to memseta.o(.text) for __aeabi_memclr4
    main.o(i.MX_ADC2_Init) refers to stm32g4xx_hal_adc.o(i.HAL_ADC_Init) for HAL_ADC_Init
    main.o(i.MX_ADC2_Init) refers to stm32g4xx_hal_adc_ex.o(i.HAL_ADCEx_InjectedConfigChannel) for HAL_ADCEx_InjectedConfigChannel
    main.o(i.MX_ADC2_Init) refers to main.o(i.Error_Handler) for Error_Handler
    main.o(i.MX_ADC2_Init) refers to main.o(.bss) for .bss
    main.o(i.MX_GPIO_Init) refers to memseta.o(.text) for __aeabi_memclr4
    main.o(i.MX_GPIO_Init) refers to stm32g4xx_hal_gpio.o(i.HAL_GPIO_Init) for HAL_GPIO_Init
    main.o(i.MX_GPIO_Init) refers to stm32g4xx_hal_cortex.o(i.HAL_NVIC_SetPriority) for HAL_NVIC_SetPriority
    main.o(i.MX_GPIO_Init) refers to stm32g4xx_hal_cortex.o(i.HAL_NVIC_EnableIRQ) for HAL_NVIC_EnableIRQ
    main.o(i.MX_OPAMP1_Init) refers to stm32g4xx_hal_opamp.o(i.HAL_OPAMP_Init) for HAL_OPAMP_Init
    main.o(i.MX_OPAMP1_Init) refers to main.o(i.Error_Handler) for Error_Handler
    main.o(i.MX_OPAMP1_Init) refers to main.o(.bss) for .bss
    main.o(i.MX_OPAMP2_Init) refers to stm32g4xx_hal_opamp.o(i.HAL_OPAMP_Init) for HAL_OPAMP_Init
    main.o(i.MX_OPAMP2_Init) refers to main.o(i.Error_Handler) for Error_Handler
    main.o(i.MX_OPAMP2_Init) refers to main.o(.bss) for .bss
    main.o(i.MX_OPAMP3_Init) refers to stm32g4xx_hal_opamp.o(i.HAL_OPAMP_Init) for HAL_OPAMP_Init
    main.o(i.MX_OPAMP3_Init) refers to main.o(i.Error_Handler) for Error_Handler
    main.o(i.MX_OPAMP3_Init) refers to main.o(.bss) for .bss
    main.o(i.MX_TIM1_Init) refers to memseta.o(.text) for __aeabi_memclr4
[...]
    _printf_longlong_oct                     0x00000000   Number         0  stubs.o ABSOLUTE
    _printf_ls                               0x00000000   Number         0  stubs.o ABSOLUTE
    _printf_mbtowc                           0x00000000   Number         0  stubs.o ABSOLUTE
    _printf_n                                0x00000000   Number         0  stubs.o ABSOLUTE
    _printf_o                                0x00000000   Number         0  stubs.o ABSOLUTE
    _printf_p                                0x00000000   Number         0  stubs.o ABSOLUTE
    _printf_percent                          0x00000000   Number         0  stubs.o ABSOLUTE
    _printf_pre_padding                      0x00000000   Number         0  stubs.o ABSOLUTE
    _printf_return_value                     0x00000000   Number         0  stubs.o ABSOLUTE
    _printf_s                                0x00000000   Number         0  stubs.o ABSOLUTE
    _printf_sizespec                         0x00000000   Number         0  stubs.o ABSOLUTE
    _printf_str                              0x00000000   Number         0  stubs.o ABSOLUTE
    _printf_truncate_signed                  0x00000000   Number         0  stubs.o ABSOLUTE
    _printf_truncate_unsigned                0x00000000   Number         0  stubs.o ABSOLUTE
    _printf_u                                0x00000000   Number         0  stubs.o ABSOLUTE
    _printf_wc                               0x00000000   Number         0  stubs.o ABSOLUTE
    _printf_wctomb                           0x00000000   Number         0  stubs.o ABSOLUTE
    _printf_widthprec                        0x00000000   Number         0  stubs.o ABSOLUTE
    _printf_x                                0x00000000   Number         0  stubs.o ABSOLUTE
    __cpp_initialize__aeabi_                  - Undefined Weak Reference
    __cxa_finalize                            - Undefined Weak Reference
    __decompress                              - Undefined Weak Reference
    _clock_init                               - Undefined Weak Reference
    _microlib_exit                            - Undefined Weak Reference
    __Vectors_Size                           0x000001d8   Number         0  startup_stm32g431xx.o ABSOLUTE
    __Vectors                                0x08000000   Data           4  startup_stm32g431xx.o(RESET)
    __Vectors_End                            0x080001d8   Data           0  startup_stm32g431xx.o(RESET)
    __main                                   0x080001d9   Thumb Code     0  entry.o(.ARM.Collect$$$$00000000)
    _main_stk                                0x080001d9   Thumb Code     0  entry2.o(.ARM.Collect$$$$00000001)
    _main_scatterload                        0x080001dd   Thumb Code     0  entry5.o(.ARM.Collect$$$$00000004)
    __main_after_scatterload                 0x080001e1   Thumb Code     0  entry5.o(.ARM.Collect$$$$00000004)
    _main_clock                              0x080001e1   Thumb Code     0  entry7b.o(.ARM.Collect$$$$00000008)
    _main_cpp_init                           0x080001e1   Thumb Code     0  entry8b.o(.ARM.Collect$$$$0000000A)
    _main_init                               0x080001e1   Thumb Code     0  entry9a.o(.ARM.Collect$$$$0000000B)
    __rt_final_cpp                           0x080001e9   Thumb Code     0  entry10a.o(.ARM.Collect$$$$0000000D)
    __rt_final_exit                          0x080001e9   Thumb Code     0  entry11a.o(.ARM.Collect$$$$0000000F)
    Reset_Handler                            0x080001ed   Thumb Code     8  startup_stm32g431xx.o(.text)
    COMP1_2_3_IRQHandler                     0x08000207   Thumb Code     0  startup_stm32g431xx.o(.text)
    COMP4_IRQHandler                         0x08000207   Thumb Code     0  startup_stm32g431xx.o(.text)
    CORDIC_IRQHandler                        0x08000207   Thumb Code     0  startup_stm32g431xx.o(.text)
    CRS_IRQHandler                           0x08000207   Thumb Code     0  startup_stm32g431xx.o(.text)
    DMA1_Channel3_IRQHandler                 0x08000207   Thumb Code     0  startup_stm32g431xx.o(.text)
    DMA1_Channel4_IRQHandler                 0x08000207   Thumb Code     0  startup_stm32g431xx.o(.text)
    DMA1_Channel5_IRQHandler                 0x08000207   Thumb Code     0  startup_stm32g431xx.o(.text)
    DMA1_Channel6_IRQHandler                 0x08000207   Thumb Code     0  startup_stm32g431xx.o(.text)
    DMA2_Channel1_IRQHandler                 0x08000207   Thumb Code     0  startup_stm32g431xx.o(.text)
    DMA2_Channel2_IRQHandler                 0x08000207   Thumb Code     0  startup_stm32g431xx.o(.text)
    DMA2_Channel3_IRQHandler                 0x08000207   Thumb Code     0  startup_stm32g431xx.o(.text)
    DMA2_Channel4_IRQHandler                 0x08000207   Thumb Code     0  startup_stm32g431xx.o(.text)
    DMA2_Channel5_IRQHandler                 0x08000207   Thumb Code     0  startup_stm32g431xx.o(.text)
    DMA2_Channel6_IRQHandler                 0x08000207   Thumb Code     0  startup_stm32g431xx.o(.text)
    DMAMUX_OVR_IRQHandler                    0x08000207   Thumb Code     0  startup_stm32g431xx.o(.text)
    EXTI0_IRQHandler                         0x08000207   Thumb Code     0  startup_stm32g431xx.o(.text)
    EXTI1_IRQHandler                         0x08000207   Thumb Code     0  startup_stm32g431xx.o(.text)
    EXTI2_IRQHandler                         0x08000207   Thumb Code     0  startup_stm32g431xx.o(.text)
    EXTI3_IRQHandler                         0x08000207   Thumb Code     0  startup_stm32g431xx.o(.text)
    EXTI4_IRQHandler                         0x08000207   Thumb Code     0  startup_stm32g431xx.o(.text)
    FDCAN1_IT0_IRQHandler                    0x08000207   Thumb Code     0  startup_stm32g431xx.o(.text)
    FDCAN1_IT1_IRQHandler                    0x08000207   Thumb Code     0  startup_stm32g431xx.o(.text)
    FLASH_IRQHandler                         0x08000207   Thumb Code     0  startup_stm32g431xx.o(.text)
    FMAC_IRQHandler                          0x08000207   Thumb Code     0  startup_stm32g431xx.o(.text)
    FPU_IRQHandler                           0x08000207   Thumb Code     0  startup_stm32g431xx.o(.text)
    I2C1_ER_IRQHandler                       0x08000207   Thumb Code     0  startup_stm32g431xx.o(.text)
    I2C1_EV_IRQHandler                       0x08000207   Thumb Code     0  startup_stm32g431xx.o(.text)
    I2C2_ER_IRQHandler                       0x08000207   Thumb Code     0  startup_stm32g431xx.o(.text)
    I2C2_EV_IRQHandler                       0x08000207   Thumb Code     0  startup_stm32g431xx.o(.text)
    I2C3_ER_IRQHandler                       0x08000207   Thumb Code     0  startup_stm32g431xx.o(.text)
    I2C3_EV_IRQHandler                       0x08000207   Thumb Code     0  startup_stm32g431xx.o(.text)
    LPTIM1_IRQHandler                        0x08000207   Thumb Code     0  startup_stm32g431xx.o(.text)
    LPUART1_IRQHandler                       0x08000207   Thumb Code     0  startup_stm32g431xx.o(.text)
    PVD_PVM_IRQHandler                       0x08000207   Thumb Code     0  startup_stm32g431xx.o(.text)
    RCC_IRQHandler                           0x08000207   Thumb Code     0  startup_stm32g431xx.o(.text)
    RNG_IRQHandler                           0x08000207   Thumb Code     0  startup_stm32g431xx.o(.text)
    RTC_Alarm_IRQHandler                     0x08000207   Thumb Code     0  startup_stm32g431xx.o(.text)
    RTC_TAMP_LSECSS_IRQHandler               0x08000207   Thumb Code     0  startup_stm32g431xx.o(.text)
    RTC_WKUP_IRQHandler                      0x08000207   Thumb Code     0  startup_stm32g431xx.o(.text)
    SAI1_IRQHandler                          0x08000207   Thumb Code     0  startup_stm32g431xx.o(.text)
    SPI1_IRQHandler                          0x08000207   Thumb Code     0  startup_stm32g431xx.o(.text)
    SPI2_IRQHandler                          0x08000207   Thumb Code     0  startup_stm32g431xx.o(.text)
    SPI3_IRQHandler                          0x08000207   Thumb Code     0  startup_stm32g431xx.o(.text)
    TIM1_BRK_TIM15_IRQHandler                0x08000207   Thumb Code     0  startup_stm32g431xx.o(.text)
    TIM1_CC_IRQHandler                       0x08000207   Thumb Code     0  startup_stm32g431xx.o(.text)
    TIM1_TRG_COM_TIM17_IRQHandler            0x08000207   Thumb Code     0  startup_stm32g431xx.o(.text)
    TIM2_IRQHandler                          0x08000207   Thumb Code     0  startup_stm32g431xx.o(.text)
    TIM3_IRQHandler                          0x08000207   Thumb Code     0  startup_stm32g431xx.o(.text)
    TIM4_IRQHandler                          0x08000207   Thumb Code     0  startup_stm32g431xx.o(.text)
    TIM6_DAC_IRQHandler                      0x08000207   Thumb Code     0  startup_stm32g431xx.o(.text)
    TIM7_IRQHandler                          0x08000207   Thumb Code     0  startup_stm32g431xx.o(.text)
    TIM8_BRK_IRQHandler                      0x08000207   Thumb Code     0  startup_stm32g431xx.o(.text)
    TIM8_CC_IRQHandler                       0x08000207   Thumb Code     0  startup_stm32g431xx.o(.text)
    TIM8_TRG_COM_IRQHandler                  0x08000207   Thumb Code     0  startup_stm32g431xx.o(.text)
    TIM8_UP_IRQHandler                       0x08000207   Thumb Code     0  startup_stm32g431xx.o(.text)
    UART4_IRQHandler                         0x08000207   Thumb Code     0  startup_stm32g431xx.o(.text)
    UCPD1_IRQHandler                         0x08000207   Thumb Code     0  startup_stm32g431xx.o(.text)
    USART1_IRQHandler                        0x08000207   Thumb Code     0  startup_stm32g431xx.o(.text)
    USART3_IRQHandler                        0x08000207   Thumb Code     0  startup_stm32g431xx.o(.text)
    USBWakeUp_IRQHandler                     0x08000207   Thumb Code     0  startup_stm32g431xx.o(.text)
    USB_HP_IRQHandler                        0x08000207   Thumb Code     0  startup_stm32g431xx.o(.text)
    USB_LP_IRQHandler                        0x08000207   Thumb Code     0  startup_stm32g431xx.o(.text)
    WWDG_IRQHandler                          0x08000207   Thumb Code     0  startup_stm32g431xx.o(.text)
    __aeabi_uldivmod                         0x08000211   Thumb Code    98  uldiv.o(.text)
    __aeabi_llsl                             0x08000273   Thumb Code    30  llshl.o(.text)
    _ll_shift_l                              0x08000273   Thumb Code     0  llshl.o(.text)
    __aeabi_lasr                             0x08000291   Thumb Code    36  llsshr.o(.text)
    _ll_sshift_r                             0x08000291   Thumb Code     0  llsshr.o(.text)
    __aeabi_memcpy                           0x080002b5   Thumb Code    36  memcpya.o(.text)
    __aeabi_memcpy4                          0x080002b5   Thumb Code     0  memcpya.o(.text)
    __aeabi_memcpy8                          0x080002b5   Thumb Code     0  memcpya.o(.text)
    __aeabi_memset                           0x080002d9   Thumb Code    14  memseta.o(.text)
    __aeabi_memset4                          0x080002d9   Thumb Code     0  memseta.o(.text)
    __aeabi_memset8                          0x080002d9   Thumb Code     0  memseta.o(.text)
    __aeabi_memclr                           0x080002e7   Thumb Code     4  memseta.o(.text)
    __aeabi_memclr4                          0x080002e7   Thumb Code     0  memseta.o(.text)
    __aeabi_memclr8                          0x080002e7   Thumb Code     0  memseta.o(.text)
    _memset$wrapper                          0x080002eb   Thumb Code    18  memseta.o(.text)
    strcmp                                   0x080002fd   Thumb Code    28  strcmp.o(.text)
    memcmp                                   0x08000319   Thumb Code    26  memcmp.o(.text)
    strtok                                   0x08000335   Thumb Code    62  strtok.o(.text)
    __aeabi_dadd                             0x08000379   Thumb Code   322  dadd.o(.text)
    __aeabi_dsub                             0x080004bb   Thumb Code     6  dadd.o(.text)
    __aeabi_drsub                            0x080004c1   Thumb Code     6  dadd.o(.text)
    __aeabi_dmul                             0x080004c7   Thumb Code   228  dmul.o(.text)
    __aeabi_ddiv                             0x080005ab   Thumb Code   222  ddiv.o(.text)
    __aeabi_f2d                              0x08000689   Thumb Code    38  f2d.o(.text)
    __aeabi_cdrcmple                         0x080006b1   Thumb Code    48  cdrcmple.o(.text)
    __aeabi_d2f                              0x080006e1   Thumb Code    56  d2f.o(.text)
    __aeabi_uidiv                            0x08000719   Thumb Code     0  uidiv.o(.text)
    __aeabi_uidivmod                         0x08000719   Thumb Code    44  uidiv.o(.text)
    __aeabi_llsr                             0x08000745   Thumb Code    32  llushr.o(.text)
    _ll_ushift_r                             0x08000745   Thumb Code     0  llushr.o(.text)
    __strtod_int                             0x0800079b   Thumb Code    88  strtod.o(.text)
    __I$use$fp                               0x08000801   Thumb Code     0  iusefp.o(.text)
    _float_round                             0x08000801   Thumb Code    18  fepilogue.o(.text)
    _float_epilogue                          0x08000813   Thumb Code    92  fepilogue.o(.text)
    _frem                                    0x0800086f   Thumb Code    82  frem.o(.text)
    _double_round                            0x080008c1   Thumb Code    30  depilogue.o(.text)
    _double_epilogue                         0x080008df   Thumb Code   156  depilogue.o(.text)
    __aeabi_d2ulz                            0x0800097b   Thumb Code    48  dfixul.o(.text)
    __scatterload                            0x080009ad   Thumb Code    28  init.o(.text)
    __scatterload_rt2                        0x080009ad   Thumb Code     0  init.o(.text)
    isspace                                  0x080009d1   Thumb Code    10  isspace_c.o(.text)
    _scanf_real                              0x08000add   Thumb Code     0  scanf_fp.o(.text)
    _scanf_really_real                       0x08000add   Thumb Code   556  scanf_fp.o(.text)
    _sgetc                                   0x08000d15   Thumb Code    30  _sgetc.o(.text)
    _sbackspace                              0x08000d33   Thumb Code    34  _sgetc.o(.text)
    __ctype_lookup                           0x08000d55   Thumb Code    34  ctype_c.o(.text)
    __aeabi_ul2d                             0x08000d7d   Thumb Code    24  dfltul.o(.text)
    ADC1_2_IRQHandler                        0x08000d95   Thumb Code    70  stm32g4xx_it.o(i.ADC1_2_IRQHandler)
    ADC_Disable                              0x08000de9   Thumb Code   106  stm32g4xx_hal_adc.o(i.ADC_Disable)
    BusFault_Handler                         0x08000e59   Thumb Code     8  stm32g4xx_it.o(i.BusFault_Handler)
    DMA1_Channel1_IRQHandler                 0x08000e61   Thumb Code     6  stm32g4xx_it.o(i.DMA1_Channel1_IRQHandler)
    DMA1_Channel2_IRQHandler                 0x08000e6d   Thumb Code     6  stm32g4xx_it.o(i.DMA1_Channel2_IRQHandler)
    DebugMon_Handler                         0x08000f1b   Thumb Code     2  stm32g4xx_it.o(i.DebugMon_Handler)
    EXTI15_10_IRQHandler                     0x08000f1d   Thumb Code     8  stm32g4xx_it.o(i.EXTI15_10_IRQHandler)
    EXTI9_5_IRQHandler                       0x08000f25   Thumb Code     8  stm32g4xx_it.o(i.EXTI9_5_IRQHandler)
    Error_Handler                            0x08000f2d   Thumb Code    10  main.o(i.Error_Handler)
    FLASH_FlushCaches                        0x08000f39   Thumb Code    84  stm32g4xx_hal_flash_ex.o(i.FLASH_FlushCaches)
    FLASH_PageErase                          0x08000fb1   Thumb Code    34  stm32g4xx_hal_flash_ex.o(i.FLASH_PageErase)
    FLASH_WaitForLastOperation               0x08001021   Thumb Code    90  stm32g4xx_hal_flash.o(i.FLASH_WaitForLastOperation)
    HAL_ADCEx_Calibration_Start              0x08001085   Thumb Code   138  stm32g4xx_hal_adc_ex.o(i.HAL_ADCEx_Calibration_Start)
    HAL_ADCEx_EndOfSamplingCallback          0x08001119   Thumb Code     2  stm32g4xx_hal_adc_ex.o(i.HAL_ADCEx_EndOfSamplingCallback)
    HAL_ADCEx_InjectedConfigChannel          0x0800111d   Thumb Code  1264  stm32g4xx_hal_adc_ex.o(i.HAL_ADCEx_InjectedConfigChannel)
    HAL_ADCEx_InjectedConvCpltCallback       0x08001635   Thumb Code     2  stm32g4xx_hal_adc_ex.o(i.HAL_ADCEx_InjectedConvCpltCallback)
    HAL_ADCEx_InjectedQueueOverflowCallback  0x08001637   Thumb Code     2  stm32g4xx_hal_adc_ex.o(i.HAL_ADCEx_InjectedQueueOverflowCallback)
    HAL_ADCEx_LevelOutOfWindow2Callback      0x08001639   Thumb Code     2  stm32g4xx_hal_adc_ex.o(i.HAL_ADCEx_LevelOutOfWindow2Callback)
    HAL_ADCEx_LevelOutOfWindow3Callback      0x0800163b   Thumb Code     2  stm32g4xx_hal_adc_ex.o(i.HAL_ADCEx_LevelOutOfWindow3Callback)
    HAL_ADCEx_MultiModeConfigChannel         0x0800163d   Thumb Code   204  stm32g4xx_hal_adc_ex.o(i.HAL_ADCEx_MultiModeConfigChannel)
    HAL_ADC_ConvCpltCallback                 0x08001711   Thumb Code     2  stm32g4xx_hal_adc.o(i.HAL_ADC_ConvCpltCallback)
    HAL_ADC_ErrorCallback                    0x08001713   Thumb Code     2  stm32g4xx_hal_adc.o(i.HAL_ADC_ErrorCallback)
    HAL_ADC_IRQHandler                       0x08001715   Thumb Code   612  stm32g4xx_hal_adc.o(i.HAL_ADC_IRQHandler)
    HAL_ADC_Init                             0x08001981   Thumb Code   470  stm32g4xx_hal_adc.o(i.HAL_ADC_Init)
    HAL_ADC_LevelOutOfWindowCallback         0x08001b79   Thumb Code     2  stm32g4xx_hal_adc.o(i.HAL_ADC_LevelOutOfWindowCallback)
    HAL_ADC_MspInit                          0x08001b7d   Thumb Code   258  stm32g4xx_hal_msp.o(i.HAL_ADC_MspInit)
    HAL_DMA_Abort                            0x08001c91   Thumb Code   106  stm32g4xx_hal_dma.o(i.HAL_DMA_Abort)
    HAL_DMA_Abort_IT                         0x08001cfb   Thumb Code   120  stm32g4xx_hal_dma.o(i.HAL_DMA_Abort_IT)
    HAL_DMA_IRQHandler                       0x08001d73   Thumb Code   186  stm32g4xx_hal_dma.o(i.HAL_DMA_IRQHandler)
    HAL_DMA_Init                             0x08001e2d   Thumb Code   178  stm32g4xx_hal_dma.o(i.HAL_DMA_Init)
    HAL_DMA_Start_IT                         0x08001eed   Thumb Code   140  stm32g4xx_hal_dma.o(i.HAL_DMA_Start_IT)
    HAL_Delay                                0x08001f79   Thumb Code    32  stm32g4xx_hal.o(i.HAL_Delay)
    HAL_FLASHEx_Erase                        0x08001f9d   Thumb Code   202  stm32g4xx_hal_flash_ex.o(i.HAL_FLASHEx_Erase)
    HAL_FLASH_Lock                           0x08002071   Thumb Code    22  stm32g4xx_hal_flash.o(i.HAL_FLASH_Lock)
    HAL_FLASH_Program                        0x0800208d   Thumb Code   156  stm32g4xx_hal_flash.o(i.HAL_FLASH_Program)
    HAL_FLASH_Unlock                         0x08002131   Thumb Code    28  stm32g4xx_hal_flash.o(i.HAL_FLASH_Unlock)
    HAL_GPIO_EXTI_Callback                   0x08002159   Thumb Code    54  main.o(i.HAL_GPIO_EXTI_Callback)
    HAL_GPIO_EXTI_IRQHandler                 0x08002195   Thumb Code    18  stm32g4xx_hal_gpio.o(i.HAL_GPIO_EXTI_IRQHandler)
    HAL_GPIO_Init                            0x080021ad   Thumb Code   550  stm32g4xx_hal_gpio.o(i.HAL_GPIO_Init)
    HAL_GetTick                              0x080023f5   Thumb Code     6  stm32g4xx_hal.o(i.HAL_GetTick)
    HAL_IncTick                              0x08002401   Thumb Code    12  stm32g4xx_hal.o(i.HAL_IncTick)
    HAL_Init                                 0x08002411   Thumb Code    30  stm32g4xx_hal.o(i.HAL_Init)
    HAL_InitTick                             0x08002431   Thumb Code    58  stm32g4xx_hal.o(i.HAL_InitTick)
    HAL_MspInit                              0x08002475   Thumb Code    42  stm32g4xx_hal_msp.o(i.HAL_MspInit)
    HAL_NVIC_EnableIRQ                       0x080024a5   Thumb Code    26  stm32g4xx_hal_cortex.o(i.HAL_NVIC_EnableIRQ)
    HAL_NVIC_SetPriority                     0x080024c1   Thumb Code    60  stm32g4xx_hal_cortex.o(i.HAL_NVIC_SetPriority)
    HAL_NVIC_SetPriorityGrouping             0x08002501   Thumb Code    26  stm32g4xx_hal_cortex.o(i.HAL_NVIC_SetPriorityGrouping)
    HAL_OPAMP_Init                           0x08002525   Thumb Code   236  stm32g4xx_hal_opamp.o(i.HAL_OPAMP_Init)
    HAL_OPAMP_MspInit                        0x08002619   Thumb Code   134  stm32g4xx_hal_msp.o(i.HAL_OPAMP_MspInit)
    HAL_OPAMP_Start                          0x080026ad   Thumb Code    44  stm32g4xx_hal_opamp.o(i.HAL_OPAMP_Start)
    HAL_PWREx_ControlVoltageScaling          0x080026d9   Thumb Code   174  stm32g4xx_hal_pwr_ex.o(i.HAL_PWREx_ControlVoltageScaling)
    HAL_PWREx_DisableUCPDDeadBattery         0x08002795   Thumb Code    12  stm32g4xx_hal_pwr_ex.o(i.HAL_PWREx_DisableUCPDDeadBattery)
    HAL_RCCEx_PeriphCLKConfig                0x080027a5   Thumb Code   638  stm32g4xx_hal_rcc_ex.o(i.HAL_RCCEx_PeriphCLKConfig)
    HAL_RCC_ClockConfig                      0x08002a2d   Thumb Code   444  stm32g4xx_hal_rcc.o(i.HAL_RCC_ClockConfig)
    HAL_RCC_GetPCLK1Freq                     0x08002c09   Thumb Code    24  stm32g4xx_hal_rcc.o(i.HAL_RCC_GetPCLK1Freq)
    HAL_RCC_GetPCLK2Freq                     0x08002c2d   Thumb Code    24  stm32g4xx_hal_rcc.o(i.HAL_RCC_GetPCLK2Freq)
    HAL_RCC_GetSysClockFreq                  0x08002c51   Thumb Code    98  stm32g4xx_hal_rcc.o(i.HAL_RCC_GetSysClockFreq)
    HAL_RCC_OscConfig                        0x08002cbd   Thumb Code  1028  stm32g4xx_hal_rcc.o(i.HAL_RCC_OscConfig)
    HAL_SYSTICK_Config                       0x080030c1   Thumb Code    40  stm32g4xx_hal_cortex.o(i.HAL_SYSTICK_Config)
    HAL_TIMEx_Break2Callback                 0x080030e9   Thumb Code     2  stm32g4xx_hal_tim_ex.o(i.HAL_TIMEx_Break2Callback)
    HAL_TIMEx_BreakCallback                  0x080030eb   Thumb Code     2  stm32g4xx_hal_tim_ex.o(i.HAL_TIMEx_BreakCallback)
    HAL_TIMEx_CommutCallback                 0x080030ed   Thumb Code     2  stm32g4xx_hal_tim_ex.o(i.HAL_TIMEx_CommutCallback)
    HAL_TIMEx_ConfigBreakDeadTime            0x080030f1   Thumb Code   148  stm32g4xx_hal_tim_ex.o(i.HAL_TIMEx_ConfigBreakDeadTime)
    HAL_TIMEx_DirectionChangeCallback        0x0800318d   Thumb Code     2  stm32g4xx_hal_tim_ex.o(i.HAL_TIMEx_DirectionChangeCallback)
    HAL_TIMEx_EncoderIndexCallback           0x0800318f   Thumb Code     2  stm32g4xx_hal_tim_ex.o(i.HAL_TIMEx_EncoderIndexCallback)
    HAL_TIMEx_IndexErrorCallback             0x08003191   Thumb Code     2  stm32g4xx_hal_tim_ex.o(i.HAL_TIMEx_IndexErrorCallback)
    HAL_TIMEx_MasterConfigSynchronization    0x08003195   Thumb Code   132  stm32g4xx_hal_tim_ex.o(i.HAL_TIMEx_MasterConfigSynchronization)
    HAL_TIMEx_TransitionErrorCallback        0x08003231   Thumb Code     2  stm32g4xx_hal_tim_ex.o(i.HAL_TIMEx_TransitionErrorCallback)
    HAL_TIM_Base_Init                        0x08003233   Thumb Code    98  stm32g4xx_hal_tim.o(i.HAL_TIM_Base_Init)
    HAL_TIM_Base_MspInit                     0x08003295   Thumb Code    50  stm32g4xx_hal_msp.o(i.HAL_TIM_Base_MspInit)
    HAL_TIM_ConfigClockSource                0x080032d1   Thumb Code   246  stm32g4xx_hal_tim.o(i.HAL_TIM_ConfigClockSource)
    HAL_TIM_Encoder_Init                     0x080033d1   Thumb Code   162  stm32g4xx_hal_tim.o(i.HAL_TIM_Encoder_Init)
    HAL_TIM_Encoder_MspInit                  0x08003479   Thumb Code    84  stm32g4xx_hal_msp.o(i.HAL_TIM_Encoder_MspInit)
    HAL_TIM_Encoder_Start                    0x080034d9   Thumb Code   142  stm32g4xx_hal_tim.o(i.HAL_TIM_Encoder_Start)
    HAL_TIM_IC_CaptureCallback               0x08003567   Thumb Code     2  stm32g4xx_hal_tim.o(i.HAL_TIM_IC_CaptureCallback)
    HAL_TIM_IRQHandler                       0x08003569   Thumb Code   418  stm32g4xx_hal_tim.o(i.HAL_TIM_IRQHandler)
    HAL_TIM_MspPostInit                      0x0800370d   Thumb Code   148  stm32g4xx_hal_msp.o(i.HAL_TIM_MspPostInit)
    HAL_TIM_OC_DelayElapsedCallback          0x080037b1   Thumb Code     2  stm32g4xx_hal_tim.o(i.HAL_TIM_OC_DelayElapsedCallback)
    HAL_TIM_PWM_ConfigChannel                0x080037b3   Thumb Code   292  stm32g4xx_hal_tim.o(i.HAL_TIM_PWM_ConfigChannel)
    HAL_TIM_PWM_Init                         0x080038d7   Thumb Code    98  stm32g4xx_hal_tim.o(i.HAL_TIM_PWM_Init)
    HAL_TIM_PWM_MspInit                      0x08003939   Thumb Code     2  stm32g4xx_hal_tim.o(i.HAL_TIM_PWM_MspInit)
    HAL_TIM_PWM_PulseFinishedCallback        0x0800393b   Thumb Code     2  stm32g4xx_hal_tim.o(i.HAL_TIM_PWM_PulseFinishedCallback)
    HAL_TIM_PWM_Start                        0x0800393d   Thumb Code   218  stm32g4xx_hal_tim.o(i.HAL_TIM_PWM_Start)
    HAL_TIM_PeriodElapsedCallback            0x08003a39   Thumb Code    14  main.o(i.HAL_TIM_PeriodElapsedCallback)
    HAL_TIM_TriggerCallback                  0x08003a4d   Thumb Code     2  stm32g4xx_hal_tim.o(i.HAL_TIM_TriggerCallback)
    HAL_UARTEx_DisableFifoMode               0x08003a4f   Thumb Code    62  stm32g4xx_hal_uart_ex.o(i.HAL_UARTEx_DisableFifoMode)
    HAL_UARTEx_ReceiveToIdle_DMA             0x08003a8d   Thumb Code    74  stm32g4xx_hal_uart_ex.o(i.HAL_UARTEx_ReceiveToIdle_DMA)
    HAL_UARTEx_RxEventCallback               0x08003ad9   Thumb Code   124  foc_cmd.o(i.HAL_UARTEx_RxEventCallback)
    HAL_UARTEx_RxFifoFullCallback            0x08003b65   Thumb Code     2  stm32g4xx_hal_uart_ex.o(i.HAL_UARTEx_RxFifoFullCallback)
    HAL_UARTEx_SetRxFifoThreshold            0x08003b67   Thumb Code    76  stm32g4xx_hal_uart_ex.o(i.HAL_UARTEx_SetRxFifoThreshold)
    HAL_UARTEx_SetTxFifoThreshold            0x08003bb3   Thumb Code    76  stm32g4xx_hal_uart_ex.o(i.HAL_UARTEx_SetTxFifoThreshold)
    HAL_UARTEx_TxFifoEmptyCallback           0x08003bff   Thumb Code     2  stm32g4xx_hal_uart_ex.o(i.HAL_UARTEx_TxFifoEmptyCallback)
    HAL_UARTEx_WakeupCallback                0x08003c01   Thumb Code     2  stm32g4xx_hal_uart_ex.o(i.HAL_UARTEx_WakeupCallback)
    HAL_UART_ErrorCallback                   0x08003c05   Thumb Code    40  foc_cmd.o(i.HAL_UART_ErrorCallback)
    HAL_UART_IRQHandler                      0x08003c3d   Thumb Code   782  stm32g4xx_hal_uart.o(i.HAL_UART_IRQHandler)
    HAL_UART_Init                            0x08003f59   Thumb Code   106  stm32g4xx_hal_uart.o(i.HAL_UART_Init)
    HAL_UART_MspInit                         0x08003fc5   Thumb Code   218  stm32g4xx_hal_msp.o(i.HAL_UART_MspInit)
    HAL_UART_RxCpltCallback                  0x080040b9   Thumb Code     2  stm32g4xx_hal_uart.o(i.HAL_UART_RxCpltCallback)
    HAL_UART_RxHalfCpltCallback              0x080040bb   Thumb Code     2  stm32g4xx_hal_uart.o(i.HAL_UART_RxHalfCpltCallback)
    HAL_UART_Transmit                        0x080040bd   Thumb Code   174  stm32g4xx_hal_uart.o(i.HAL_UART_Transmit)
    HAL_UART_Transmit_DMA                    0x0800416d   Thumb Code   132  stm32g4xx_hal_uart.o(i.HAL_UART_Transmit_DMA)
    HAL_UART_TxCpltCallback                  0x080041fd   Thumb Code     2  stm32g4xx_hal_uart.o(i.HAL_UART_TxCpltCallback)
    HAL_UART_TxHalfCpltCallback              0x080041ff   Thumb Code     2  stm32g4xx_hal_uart.o(i.HAL_UART_TxHalfCpltCallback)
    HardFault_Handler                        0x08004201   Thumb Code     8  stm32g4xx_it.o(i.HardFault_Handler)
    MemManage_Handler                        0x080046f9   Thumb Code     8  stm32g4xx_it.o(i.MemManage_Handler)
    NMI_Handler                              0x08004701   Thumb Code     8  stm32g4xx_it.o(i.NMI_Handler)
    PendSV_Handler                           0x08004709   Thumb Code     2  stm32g4xx_it.o(i.PendSV_Handler)
    SVC_Handler                              0x0800470b   Thumb Code     2  stm32g4xx_it.o(i.SVC_Handler)
    SysTick_Handler                          0x0800470d   Thumb Code     4  stm32g4xx_it.o(i.SysTick_Handler)
    SystemClock_Config                       0x08004711   Thumb Code    98  main.o(i.SystemClock_Config)
    SystemInit                               0x08004775   Thumb Code    12  system_stm32g4xx.o(i.SystemInit)
    TIM1_UP_TIM16_IRQHandler                 0x08004785   Thumb Code     6  stm32g4xx_it.o(i.TIM1_UP_TIM16_IRQHandler)
    TIM_Base_SetConfig                       0x08004791   Thumb Code   160  stm32g4xx_hal_tim.o(i.TIM_Base_SetConfig)
    TIM_CCxChannelCmd                        0x0800484d   Thumb Code    26  stm32g4xx_hal_tim.o(i.TIM_CCxChannelCmd)
    TIM_ETR_SetConfig                        0x08004867   Thumb Code    20  stm32g4xx_hal_tim.o(i.TIM_ETR_SetConfig)
    TIM_OC2_SetConfig                        0x0800492d   Thumb Code   120  stm32g4xx_hal_tim.o(i.TIM_OC2_SetConfig)
    UART_AdvFeatureConfig                    0x08004c49   Thumb Code   200  stm32g4xx_hal_uart.o(i.UART_AdvFeatureConfig)
    UART_CheckIdleState                      0x08004d11   Thumb Code   172  stm32g4xx_hal_uart.o(i.UART_CheckIdleState)
    UART_SetConfig                           0x08004f95   Thumb Code   582  stm32g4xx_hal_uart.o(i.UART_SetConfig)
    UART_Start_Receive_DMA                   0x08005209   Thumb Code   156  stm32g4xx_hal_uart.o(i.UART_Start_Receive_DMA)
    UART_WaitOnFlagUntilTimeout              0x080052b1   Thumb Code   148  stm32g4xx_hal_uart.o(i.UART_WaitOnFlagUntilTimeout)
    USART2_IRQHandler                        0x08005345   Thumb Code     6  stm32g4xx_it.o(i.USART2_IRQHandler)
    UsageFault_Handler                       0x08005351   Thumb Code     8  stm32g4xx_it.o(i.UsageFault_Handler)
    __0printf                                0x08005359   Thumb Code    22  printfa.o(i.__0printf)
    __1printf                                0x08005359   Thumb Code     0  printfa.o(i.__0printf)
    __2printf                                0x08005359   Thumb Code     0  printfa.o(i.__0printf)
    __c89printf                              0x08005359   Thumb Code     0  printfa.o(i.__0printf)
    printf                                   0x08005359   Thumb Code     0  printfa.o(i.__0printf)
    __0vsnprintf                             0x08005379   Thumb Code    32  printfa.o(i.__0vsnprintf)
    __1vsnprintf                             0x08005379   Thumb Code     0  printfa.o(i.__0vsnprintf)
    __2vsnprintf                             0x08005379   Thumb Code     0  printfa.o(i.__0vsnprintf)
    __c89vsnprintf                           0x08005379   Thumb Code     0  printfa.o(i.__0vsnprintf)
    vsnprintf                                0x08005379   Thumb Code     0  printfa.o(i.__0vsnprintf)
    __hardfp_fmodf                           0x080053bd   Thumb Code   176  fmodf.o(i.__hardfp_fmodf)
    __hardfp_sqrtf                           0x0800546d   Thumb Code    58  sqrtf.o(i.__hardfp_sqrtf)
    __hardfp_strtof                          0x080054a9   Thumb Code    42  strtof.o(i.__hardfp_strtof)
    __mathlib_flt_invalid                    0x080054e1   Thumb Code    10  funder.o(i.__mathlib_flt_invalid)
    __scatterload_copy                       0x080054f1   Thumb Code    14  handlers.o(i.__scatterload_copy)
    __scatterload_null                       0x080054ff   Thumb Code     2  handlers.o(i.__scatterload_null)
    __scatterload_zeroinit                   0x08005501   Thumb Code    14  handlers.o(i.__scatterload_zeroinit)
    __set_errno                              0x08005511   Thumb Code     6  errno.o(i.__set_errno)
    _is_digit                                0x08005681   Thumb Code    14  scanf_fp.o(i._is_digit)
    abz_encoder_angle_rad                    0x08005df1   Thumb Code     8  abz_encoder.o(i.abz_encoder_angle_rad)
    abz_encoder_consume_index                0x08005dfd   Thumb Code    28  abz_encoder.o(i.abz_encoder_consume_index)
    abz_encoder_force_zero                   0x08005e1d   Thumb Code    10  abz_encoder.o(i.abz_encoder_force_zero)
    abz_encoder_init                         0x08005e2d   Thumb Code    76  abz_encoder.o(i.abz_encoder_init)
    abz_encoder_on_index                     0x08005e85   Thumb Code    18  abz_encoder.o(i.abz_encoder_on_index)
    abz_encoder_set_zero_on_index            0x08005ea1   Thumb Code    12  abz_encoder.o(i.abz_encoder_set_zero_on_index)
    abz_encoder_update                       0x08005eb1   Thumb Code   290  abz_encoder.o(i.abz_encoder_update)
    abz_encoder_velocity_rpm                 0x08005ff1   Thumb Code     8  abz_encoder.o(i.abz_encoder_velocity_rpm)
    arm_cos_f32                              0x08006011   Thumb Code   118  fastmathfunctions.o(i.arm_cos_f32)
    arm_sin_f32                              0x08006095   Thumb Code   114  fastmathfunctions.o(i.arm_sin_f32)
    current_shunt_adc_irq                    0x08006c39   Thumb Code   374  current_shunt.o(i.current_shunt_adc_irq)
    current_shunt_calibrate                  0x08006dc5   Thumb Code   112  current_shunt.o(i.current_shunt_calibrate)
    current_shunt_get_currents               0x08006f31   Thumb Code    36  current_shunt.o(i.current_shunt_get_currents)
    current_shunt_init                       0x08006f59   Thumb Code   266  current_shunt.o(i.current_shunt_init)
    current_shunt_is_ready                   0x0800708d   Thumb Code     6  current_shunt.o(i.current_shunt_is_ready)
    current_shunt_prepare_pwm                0x080070a9   Thumb Code   172  current_shunt.o(i.current_shunt_prepare_pwm)
    current_shunt_tim_update_irq             0x08007295   Thumb Code   236  current_shunt.o(i.current_shunt_tim_update_irq)
    foc_app_diag_state                       0x08007395   Thumb Code     8  foc_app.o(i.foc_app_diag_state)
    foc_app_init                             0x080073a1   Thumb Code   360  foc_app.o(i.foc_app_init)
    foc_app_isr_current_loop                 0x08007579   Thumb Code    32  foc_app.o(i.foc_app_isr_current_loop)
    foc_app_motor                            0x0800759d   Thumb Code     4  foc_app.o(i.foc_app_motor)
    foc_app_on_key                           0x080075a5   Thumb Code    76  foc_app.o(i.foc_app_on_key)
    foc_app_task                             0x080075fd   Thumb Code    90  foc_app.o(i.foc_app_task)
    foc_board_cpu_sample                     0x08007665   Thumb Code    42  foc_board_g431.o(i.foc_board_cpu_sample)
    foc_board_cycles                         0x0800769d   Thumb Code     6  foc_board_g431.o(i.foc_board_cycles)
    foc_board_dwt_init                       0x080076a9   Thumb Code    26  foc_board_g431.o(i.foc_board_dwt_init)
    foc_board_init                           0x080076cd   Thumb Code   170  foc_board_g431.o(i.foc_board_init)
    foc_board_watchdog_init                  0x08007785   Thumb Code    60  foc_board_g431.o(i.foc_board_watchdog_init)
    foc_board_watchdog_kick                  0x080077c9   Thumb Code    10  foc_board_g431.o(i.foc_board_watchdog_kick)
    foc_calib_get_state                      0x080077d9   Thumb Code     6  foc_calib.o(i.foc_calib_get_state)
    foc_calib_is_active                      0x080077e5   Thumb Code    32  foc_calib.o(i.foc_calib_is_active)
    foc_calib_start                          0x08007809   Thumb Code   192  foc_calib.o(i.foc_calib_start)
    foc_calib_task                           0x080078d1   Thumb Code   640  foc_calib.o(i.foc_calib_task)
    foc_cmd_init                             0x08007bb9   Thumb Code    10  foc_cmd.o(i.foc_cmd_init)
    foc_cmd_print                            0x08007bcd   Thumb Code    78  foc_cmd.o(i.foc_cmd_print)
    foc_cmd_task                             0x08007c25   Thumb Code    64  foc_cmd.o(i.foc_cmd_task)
    foc_ident_apply                          0x08007c6d   Thumb Code   150  foc_ident.o(i.foc_ident_apply)
    foc_ident_is_active                      0x08007d11   Thumb Code    32  foc_ident.o(i.foc_ident_is_active)
    foc_ident_start                          0x08007d35   Thumb Code   138  foc_ident.o(i.foc_ident_start)
    foc_ident_task                           0x08007e3d   Thumb Code   674  foc_ident.o(i.foc_ident_task)
    foc_lpf_init                             0x080081cd   Thumb Code    14  foc_pid.o(i.foc_lpf_init)
    foc_lpf_update                           0x080081e1   Thumb Code    54  foc_pid.o(i.foc_lpf_update)
    foc_motor_arm                            0x08008219   Thumb Code   154  foc_motor.o(i.foc_motor_arm)
    foc_motor_clear_fault                    0x0800836d   Thumb Code    24  foc_motor.o(i.foc_motor_clear_fault)
    foc_motor_disarm                         0x08008385   Thumb Code    64  foc_motor.o(i.foc_motor_disarm)
    foc_motor_encoder_theta_e                0x080083c9   Thumb Code    36  foc_motor.o(i.foc_motor_encoder_theta_e)
    foc_motor_fast_loop                      0x080083ed   Thumb Code   774  foc_motor.o(i.foc_motor_fast_loop)
    foc_motor_fault                          0x08008709   Thumb Code    56  foc_motor.o(i.foc_motor_fault)
    foc_motor_init                           0x08008745   Thumb Code   522  foc_motor.o(i.foc_motor_init)
    foc_motor_openloop_hold                  0x08008961   Thumb Code    46  foc_motor.o(i.foc_motor_openloop_hold)
    foc_motor_openloop_spin                  0x08008995   Thumb Code    46  foc_motor.o(i.foc_motor_openloop_spin)
    foc_motor_override_current_limits        0x080089cd   Thumb Code    10  foc_motor.o(i.foc_motor_override_current_limits)
    foc_motor_restore_current_limits         0x080089d7   Thumb Code    18  foc_motor.o(i.foc_motor_restore_current_limits)
    foc_motor_set_angle_source               0x080089e9   Thumb Code     6  foc_motor.o(i.foc_motor_set_angle_source)
    foc_motor_set_mode                       0x080089f1   Thumb Code   158  foc_motor.o(i.foc_motor_set_mode)
    foc_motor_set_target                     0x08008a95   Thumb Code     6  foc_motor.o(i.foc_motor_set_target)
    foc_pid_init                             0x08008cbd   Thumb Code     8  foc_pid.o(i.foc_pid_init)
    foc_pid_reset                            0x08008cc5   Thumb Code    18  foc_pid.o(i.foc_pid_reset)
    foc_pid_set_limit                        0x08008cdd   Thumb Code     6  foc_pid.o(i.foc_pid_set_limit)
    foc_pid_update                           0x08008ce5   Thumb Code   202  foc_pid.o(i.foc_pid_update)
    foc_store_erase                          0x08008db5   Thumb Code    72  foc_store.o(i.foc_store_erase)
    foc_store_load                           0x08008e01   Thumb Code   166  foc_store.o(i.foc_store_load)
    foc_store_save                           0x08008eb1   Thumb Code   190  foc_store.o(i.foc_store_save)
    foc_svm_calc                             0x08008f79   Thumb Code   288  foc_svm.o(i.foc_svm_calc)
    foc_telemetry_get_enable                 0x0800912d   Thumb Code     6  foc_telemetry.o(i.foc_telemetry_get_enable)
    foc_telemetry_init                       0x08009139   Thumb Code     8  foc_telemetry.o(i.foc_telemetry_init)
    foc_telemetry_isr_tick                   0x08009145   Thumb Code   250  foc_telemetry.o(i.foc_telemetry_isr_tick)
    foc_telemetry_set_enable                 0x08009255   Thumb Code    10  foc_telemetry.o(i.foc_telemetry_set_enable)
    foc_telemetry_suspend                    0x08009265   Thumb Code    10  foc_telemetry.o(i.foc_telemetry_suspend)
    foc_traj_eval                            0x08009275   Thumb Code   228  foc_traj.o(i.foc_traj_eval)
    foc_traj_plan                            0x0800935d   Thumb Code   542  foc_traj.o(i.foc_traj_plan)
    fputc                                    0x080095e1   Thumb Code    20  main.o(i.fputc)
    main                                     0x080098e1   Thumb Code   194  main.o(i.main)
    system_fault_capture                     0x08009b79   Thumb Code   112  main.o(i.system_fault_capture)
    system_fault_diag_boot_init              0x08009bf9   Thumb Code   398  main.o(i.system_fault_diag_boot_init)
    system_power_checkpoint                  0x08009da9   Thumb Code   242  main.o(i.system_power_checkpoint)
    UARTPrescTable                           0x08009eb4   Data          24  stm32g4xx_hal_uart.o(.constdata)
    AHBPrescTable                            0x08009edc   Data          16  system_stm32g4xx.o(.constdata)
    APBPrescTable                            0x08009eec   Data           8  system_stm32g4xx.o(.constdata)
    g_board_m0_driver                        0x08009f40   Data          24  foc_board_g431.o(.constdata)
    g_board_m0_current                       0x08009f58   Data           8  foc_board_g431.o(.constdata)
    g_board_m0_sensor                        0x08009f60   Data          28  foc_board_g431.o(.constdata)
    sinTable_f32                             0x08009f7c   Data        2052  commontables.o(.constdata)
    __ctype_categories                       0x0800a780   Data          64  ctype_c.o(.constdata)
    Region$$Table$$Base                      0x0800ab8c   Number         0  anon$$obj.o(Region$$Table)
    Region$$Table$$Limit                     0x0800abac   Number         0  anon$$obj.o(Region$$Table)
    g_abz_z_irq_count                        0x20000004   Data           4  main.o(.data)
    uwTickPrio                               0x20000010   Data           4  stm32g4xx_hal.o(.data)
    uwTickFreq                               0x20000014   Data           4  stm32g4xx_hal.o(.data)
    uwTick                                   0x20000018   Data           4  stm32g4xx_hal.o(.data)
    pFlash                                   0x2000001c   Data          32  stm32g4xx_hal_flash.o(.data)
    SystemCoreClock                          0x2000003c   Data           4  system_stm32g4xx.o(.data)
    g_foc_state_diag                         0x20000040   Data           1  foc_app.o(.data)
    g_m0_openloop_vq                         0x20000044   Data           4  foc_app.o(.data)
    g_m0_openloop_rpm                        0x20000048   Data           4  foc_app.o(.data)
    g_foc_calib_state                        0x2000004c   Data           1  foc_calib.o(.data)
    g_foc_calib_align_voltage                0x20000050   Data           4  foc_calib.o(.data)
    g_foc_calib_search_voltage               0x20000054   Data           4  foc_calib.o(.data)
    g_foc_pwm_stage                          0x200000fc   Data           1  foc_board_g431.o(.data)
    g_foc_pwm_enabled                        0x200000fd   Data           1  foc_board_g431.o(.data)
    __stdout                                 0x20000104   Data           4  stdout.o(.data)
    g_system_fault_diag                      0x2000010c   Data         152  main.o(.bss)
    hadc1                                    0x200001a4   Data         108  main.o(.bss)
    hadc2                                    0x20000210   Data         108  main.o(.bss)
    hopamp1                                  0x2000027c   Data          60  main.o(.bss)
    hopamp2                                  0x200002b8   Data          60  main.o(.bss)
    hopamp3                                  0x200002f4   Data          60  main.o(.bss)
    htim1                                    0x20000330   Data          76  main.o(.bss)
    htim4                                    0x2000037c   Data          76  main.o(.bss)
    huart2                                   0x200003c8   Data         148  main.o(.bss)
    hdma_usart2_tx                           0x2000045c   Data          96  main.o(.bss)
    hdma_usart2_rx                           0x200004bc   Data          96  main.o(.bss)
    g_foc_motors                             0x2000051c   Data         456  foc_app.o(.bss)
    g_current_shunt_diag                     0x2000086c   Data          80  current_shunt.o(.bss)
    g_foc_cpu_diag                           0x200008bc   Data          12  foc_board_g431.o(.bss)
    __initial_sp                             0x20000d18   Data           0  startup_stm32g431xx.o(STACK)



==============================================================================

Memory Map of the image

  Image Entry point : 0x080001d9

  Load Region LR_IROM1 (Base: 0x08000000, Size: 0x0000acb8, Max: 0x00020000, ABSOLUTE)

    Execution Region ER_IROM1 (Exec base: 0x08000000, Load base: 0x08000000, Size: 0x0000abac, Max: 0x00020000, ABSOLUTE)

    Exec Addr    Load Addr    Size         Type   Attr      Idx    E Section Name        Object

    0x08000000   0x08000000   0x000001d8   Data   RO            3    RESET               startup_stm32g431xx.o
    0x080001d8   0x080001d8   0x00000000   Code   RO        12192  * .ARM.Collect$$$$00000000  mc_w.l(entry.o)
    0x080001d8   0x080001d8   0x00000004   Code   RO        12558    .ARM.Collect$$$$00000001  mc_w.l(entry2.o)
    0x080001dc   0x080001dc   0x00000004   Code   RO        12561    .ARM.Collect$$$$00000004  mc_w.l(entry5.o)
    0x080001e0   0x080001e0   0x00000000   Code   RO        12563    .ARM.Collect$$$$00000008  mc_w.l(entry7b.o)
    0x080001e0   0x080001e0   0x00000000   Code   RO        12565    .ARM.Collect$$$$0000000A  mc_w.l(entry8b.o)
    0x080001e0   0x080001e0   0x00000008   Code   RO        12566    .ARM.Collect$$$$0000000B  mc_w.l(entry9a.o)
    0x080001e8   0x080001e8   0x00000000   Code   RO        12568    .ARM.Collect$$$$0000000D  mc_w.l(entry10a.o)
    0x080001e8   0x080001e8   0x00000000   Code   RO        12570    .ARM.Collect$$$$0000000F  mc_w.l(entry11a.o)
    0x080001e8   0x080001e8   0x00000004   Code   RO        12559    .ARM.Collect$$$$00002712  mc_w.l(entry2.o)
    0x080001ec   0x080001ec   0x00000024   Code   RO            4    .text               startup_stm32g431xx.o
    0x08000210   0x08000210   0x00000062   Code   RO        12195    .text               mc_w.l(uldiv.o)
    0x08000272   0x08000272   0x0000001e   Code   RO        12199    .text               mc_w.l(llshl.o)
    0x08000290   0x08000290   0x00000024   Code   RO        12201    .text               mc_w.l(llsshr.o)
    0x080002b4   0x080002b4   0x00000024   Code   RO        12203    .text               mc_w.l(memcpya.o)
    0x080002d8   0x080002d8   0x00000024   Code   RO        12205    .text               mc_w.l(memseta.o)
    0x080002fc   0x080002fc   0x0000001c   Code   RO        12207    .text               mc_w.l(strcmp.o)
    0x08000318   0x08000318   0x0000001a   Code   RO        12209    .text               mc_w.l(memcmp.o)
    0x08000332   0x08000332   0x00000002   PAD
    0x08000334   0x08000334   0x00000044   Code   RO        12211    .text               mc_w.l(strtok.o)
    0x08000378   0x08000378   0x0000014e   Code   RO        12480    .text               mf_w.l(dadd.o)
    0x080004c6   0x080004c6   0x000000e4   Code   RO        12482    .text               mf_w.l(dmul.o)
    0x080005aa   0x080005aa   0x000000de   Code   RO        12484    .text               mf_w.l(ddiv.o)
    0x08000688   0x08000688   0x00000026   Code   RO        12498    .text               mf_w.l(f2d.o)
    0x080006ae   0x080006ae   0x00000002   PAD
    0x080006b0   0x080006b0   0x00000030   Code   RO        12502    .text               mf_w.l(cdrcmple.o)
    0x080006e0   0x080006e0   0x00000038   Code   RO        12504    .text               mf_w.l(d2f.o)
    0x08000718   0x08000718   0x0000002c   Code   RO        12573    .text               mc_w.l(uidiv.o)
    0x08000744   0x08000744   0x00000020   Code   RO        12575    .text               mc_w.l(llushr.o)
    0x08000764   0x08000764   0x0000009c   Code   RO        12584    .text               mc_w.l(strtod.o)
    0x08000800   0x08000800   0x00000000   Code   RO        12586    .text               mc_w.l(iusefp.o)
    0x08000800   0x08000800   0x0000006e   Code   RO        12587    .text               mf_w.l(fepilogue.o)
    0x0800086e   0x0800086e   0x00000052   Code   RO        12589    .text               mf_w.l(frem.o)
    0x080008c0   0x080008c0   0x000000ba   Code   RO        12591    .text               mf_w.l(depilogue.o)
    0x0800097a   0x0800097a   0x00000030   Code   RO        12595    .text               mf_w.l(dfixul.o)
    0x080009aa   0x080009aa   0x00000002   PAD
    0x080009ac   0x080009ac   0x00000024   Code   RO        12599    .text               mc_w.l(init.o)
    0x080009d0   0x080009d0   0x0000000a   Code   RO        12601    .text               mc_w.l(isspace_c.o)
    0x080009da   0x080009da   0x00000002   PAD
    0x080009dc   0x080009dc   0x00000338   Code   RO        12603    .text               mc_w.l(scanf_fp.o)
    0x08000d14   0x08000d14   0x00000040   Code   RO        12607    .text               mc_w.l(_sgetc.o)
    0x08000d54   0x08000d54   0x00000028   Code   RO        12609    .text               mc_w.l(ctype_c.o)
    0x08000d7c   0x08000d7c   0x00000018   Code   RO        12612    .text               mf_w.l(dfltul.o)
    0x08000d94   0x08000d94   0x00000054   Code   RO          309    i.ADC1_2_IRQHandler  stm32g4xx_it.o
    0x08000de8   0x08000de8   0x00000070   Code   RO          531    i.ADC_Disable       stm32g4xx_hal_adc.o
    0x08000e58   0x08000e58   0x00000008   Code   RO          310    i.BusFault_Handler  stm32g4xx_it.o
    0x08000e60   0x08000e60   0x0000000c   Code   RO          311    i.DMA1_Channel1_IRQHandler  stm32g4xx_it.o
    0x08000e6c   0x08000e6c   0x0000000c   Code   RO          312    i.DMA1_Channel2_IRQHandler  stm32g4xx_it.o
    0x08000e78   0x08000e78   0x00000040   Code   RO         1825    i.DMA_CalcDMAMUXChannelBaseAndMask  stm32g4xx_hal_dma.o
    0x08000eb8   0x08000eb8   0x00000024   Code   RO         1826    i.DMA_CalcDMAMUXRequestGenBaseAndMask  stm32g4xx_hal_dma.o
    0x08000edc   0x08000edc   0x0000003e   Code   RO         1827    i.DMA_SetConfig     stm32g4xx_hal_dma.o
    0x08000f1a   0x08000f1a   0x00000002   Code   RO          313    i.DebugMon_Handler  stm32g4xx_it.o
    0x08000f1c   0x08000f1c   0x00000008   Code   RO          314    i.EXTI15_10_IRQHandler  stm32g4xx_it.o
    0x08000f24   0x08000f24   0x00000008   Code   RO          315    i.EXTI9_5_IRQHandler  stm32g4xx_it.o
    0x08000f2c   0x08000f2c   0x0000000a   Code   RO           13    i.Error_Handler     main.o
    0x08000f36   0x08000f36   0x00000002   PAD
    0x08000f38   0x08000f38   0x0000005c   Code   RO         1575    i.FLASH_FlushCaches  stm32g4xx_hal_flash_ex.o
    0x08000f94   0x08000f94   0x0000001c   Code   RO         1576    i.FLASH_MassErase   stm32g4xx_hal_flash_ex.o
    0x08000fb0   0x08000fb0   0x00000028   Code   RO         1578    i.FLASH_PageErase   stm32g4xx_hal_flash_ex.o
    0x08000fd8   0x08000fd8   0x0000001c   Code   RO         1466    i.FLASH_Program_DoubleWord  stm32g4xx_hal_flash.o
    0x08000ff4   0x08000ff4   0x0000002c   Code   RO         1467    i.FLASH_Program_Fast  stm32g4xx_hal_flash.o
    0x08001020   0x08001020   0x00000064   Code   RO         1468    i.FLASH_WaitForLastOperation  stm32g4xx_hal_flash.o
    0x08001084   0x08001084   0x00000094   Code   RO          765    i.HAL_ADCEx_Calibration_Start  stm32g4xx_hal_adc_ex.o
    0x08001118   0x08001118   0x00000002   Code   RO          769    i.HAL_ADCEx_EndOfSamplingCallback  stm32g4xx_hal_adc_ex.o
    0x0800111a   0x0800111a   0x00000002   PAD
    0x0800111c   0x0800111c   0x00000518   Code   RO          771    i.HAL_ADCEx_InjectedConfigChannel  stm32g4xx_hal_adc_ex.o
    0x08001634   0x08001634   0x00000002   Code   RO          772    i.HAL_ADCEx_InjectedConvCpltCallback  stm32g4xx_hal_adc_ex.o
    0x08001636   0x08001636   0x00000002   Code   RO          775    i.HAL_ADCEx_InjectedQueueOverflowCallback  stm32g4xx_hal_adc_ex.o
    0x08001638   0x08001638   0x00000002   Code   RO          780    i.HAL_ADCEx_LevelOutOfWindow2Callback  stm32g4xx_hal_adc_ex.o
    0x0800163a   0x0800163a   0x00000002   Code   RO          781    i.HAL_ADCEx_LevelOutOfWindow3Callback  stm32g4xx_hal_adc_ex.o
    0x0800163c   0x0800163c   0x000000d4   Code   RO          782    i.HAL_ADCEx_MultiModeConfigChannel  stm32g4xx_hal_adc_ex.o
    0x08001710   0x08001710   0x00000002   Code   RO          535    i.HAL_ADC_ConvCpltCallback  stm32g4xx_hal_adc.o
    0x08001712   0x08001712   0x00000002   Code   RO          538    i.HAL_ADC_ErrorCallback  stm32g4xx_hal_adc.o
    0x08001714   0x08001714   0x0000026c   Code   RO          542    i.HAL_ADC_IRQHandler  stm32g4xx_hal_adc.o
    0x08001980   0x08001980   0x000001f8   Code   RO          543    i.HAL_ADC_Init      stm32g4xx_hal_adc.o
    0x08001b78   0x08001b78   0x00000002   Code   RO          544    i.HAL_ADC_LevelOutOfWindowCallback  stm32g4xx_hal_adc.o
    0x08001b7a   0x08001b7a   0x00000002   PAD
    0x08001b7c   0x08001b7c   0x00000114   Code   RO          435    i.HAL_ADC_MspInit   stm32g4xx_hal_msp.o
    0x08001c90   0x08001c90   0x0000006a   Code   RO         1828    i.HAL_DMA_Abort     stm32g4xx_hal_dma.o
    0x08001cfa   0x08001cfa   0x00000078   Code   RO         1829    i.HAL_DMA_Abort_IT  stm32g4xx_hal_dma.o
    0x08001d72   0x08001d72   0x000000ba   Code   RO         1833    i.HAL_DMA_IRQHandler  stm32g4xx_hal_dma.o
    0x08001e2c   0x08001e2c   0x000000c0   Code   RO         1834    i.HAL_DMA_Init      stm32g4xx_hal_dma.o
    0x08001eec   0x08001eec   0x0000008c   Code   RO         1838    i.HAL_DMA_Start_IT  stm32g4xx_hal_dma.o
    0x08001f78   0x08001f78   0x00000024   Code   RO          981    i.HAL_Delay         stm32g4xx_hal.o
    0x08001f9c   0x08001f9c   0x000000d4   Code   RO         1582    i.HAL_FLASHEx_Erase  stm32g4xx_hal_flash_ex.o
    0x08002070   0x08002070   0x0000001c   Code   RO         1472    i.HAL_FLASH_Lock    stm32g4xx_hal_flash.o
    0x0800208c   0x0800208c   0x000000a4   Code   RO         1477    i.HAL_FLASH_Program  stm32g4xx_hal_flash.o
    0x08002130   0x08002130   0x00000028   Code   RO         1479    i.HAL_FLASH_Unlock  stm32g4xx_hal_flash.o
    0x08002158   0x08002158   0x0000003c   Code   RO           14    i.HAL_GPIO_EXTI_Callback  main.o
    0x08002194   0x08002194   0x00000018   Code   RO         1689    i.HAL_GPIO_EXTI_IRQHandler  stm32g4xx_hal_gpio.o
    0x080021ac   0x080021ac   0x00000248   Code   RO         1690    i.HAL_GPIO_Init     stm32g4xx_hal_gpio.o
    0x080023f4   0x080023f4   0x0000000c   Code   RO          985    i.HAL_GetTick       stm32g4xx_hal.o
    0x08002400   0x08002400   0x00000010   Code   RO          991    i.HAL_IncTick       stm32g4xx_hal.o
    0x08002410   0x08002410   0x0000001e   Code   RO          992    i.HAL_Init          stm32g4xx_hal.o
    0x0800242e   0x0800242e   0x00000002   PAD
    0x08002430   0x08002430   0x00000044   Code   RO          993    i.HAL_InitTick      stm32g4xx_hal.o
    0x08002474   0x08002474   0x00000030   Code   RO          436    i.HAL_MspInit       stm32g4xx_hal_msp.o
    0x080024a4   0x080024a4   0x0000001a   Code   RO         2339    i.HAL_NVIC_EnableIRQ  stm32g4xx_hal_cortex.o
    0x080024be   0x080024be   0x00000002   PAD
    0x080024c0   0x080024c0   0x00000040   Code   RO         2345    i.HAL_NVIC_SetPriority  stm32g4xx_hal_cortex.o
    0x08002500   0x08002500   0x00000024   Code   RO         2346    i.HAL_NVIC_SetPriorityGrouping  stm32g4xx_hal_cortex.o
    0x08002524   0x08002524   0x000000f4   Code   RO         2482    i.HAL_OPAMP_Init    stm32g4xx_hal_opamp.o
    0x08002618   0x08002618   0x00000094   Code   RO          438    i.HAL_OPAMP_MspInit  stm32g4xx_hal_msp.o
    0x080026ac   0x080026ac   0x0000002c   Code   RO         2488    i.HAL_OPAMP_Start   stm32g4xx_hal_opamp.o
    0x080026d8   0x080026d8   0x000000bc   Code   RO         2093    i.HAL_PWREx_ControlVoltageScaling  stm32g4xx_hal_pwr_ex.o
    0x08002794   0x08002794   0x00000010   Code   RO         2105    i.HAL_PWREx_DisableUCPDDeadBattery  stm32g4xx_hal_pwr_ex.o
    0x080027a4   0x080027a4   0x00000288   Code   RO         1352    i.HAL_RCCEx_PeriphCLKConfig  stm32g4xx_hal_rcc_ex.o
    0x08002a2c   0x08002a2c   0x000001dc   Code   RO         1227    i.HAL_RCC_ClockConfig  stm32g4xx_hal_rcc.o
    0x08002c08   0x08002c08   0x00000024   Code   RO         1235    i.HAL_RCC_GetPCLK1Freq  stm32g4xx_hal_rcc.o
    0x08002c2c   0x08002c2c   0x00000024   Code   RO         1236    i.HAL_RCC_GetPCLK2Freq  stm32g4xx_hal_rcc.o
    0x08002c50   0x08002c50   0x0000006c   Code   RO         1237    i.HAL_RCC_GetSysClockFreq  stm32g4xx_hal_rcc.o
    0x08002cbc   0x08002cbc   0x00000404   Code   RO         1240    i.HAL_RCC_OscConfig  stm32g4xx_hal_rcc.o
    0x080030c0   0x080030c0   0x00000028   Code   RO         2350    i.HAL_SYSTICK_Config  stm32g4xx_hal_cortex.o
    0x080030e8   0x080030e8   0x00000002   Code   RO         3303    i.HAL_TIMEx_Break2Callback  stm32g4xx_hal_tim_ex.o
    0x080030ea   0x080030ea   0x00000002   Code   RO         3304    i.HAL_TIMEx_BreakCallback  stm32g4xx_hal_tim_ex.o
    0x080030ec   0x080030ec   0x00000002   Code   RO         3305    i.HAL_TIMEx_CommutCallback  stm32g4xx_hal_tim_ex.o
    0x080030ee   0x080030ee   0x00000002   PAD
    0x080030f0   0x080030f0   0x0000009c   Code   RO         3308    i.HAL_TIMEx_ConfigBreakDeadTime  stm32g4xx_hal_tim_ex.o
    0x0800318c   0x0800318c   0x00000002   Code   RO         3316    i.HAL_TIMEx_DirectionChangeCallback  stm32g4xx_hal_tim_ex.o
    0x0800318e   0x0800318e   0x00000002   Code   RO         3330    i.HAL_TIMEx_EncoderIndexCallback  stm32g4xx_hal_tim_ex.o
    0x08003190   0x08003190   0x00000002   Code   RO         3344    i.HAL_TIMEx_IndexErrorCallback  stm32g4xx_hal_tim_ex.o
    0x08003192   0x08003192   0x00000002   PAD
    0x08003194   0x08003194   0x0000009c   Code   RO         3345    i.HAL_TIMEx_MasterConfigSynchronization  stm32g4xx_hal_tim_ex.o
    0x08003230   0x08003230   0x00000002   Code   RO         3366    i.HAL_TIMEx_TransitionErrorCallback  stm32g4xx_hal_tim_ex.o
    0x08003232   0x08003232   0x00000062   Code   RO         2589    i.HAL_TIM_Base_Init  stm32g4xx_hal_tim.o
    0x08003294   0x08003294   0x0000003c   Code   RO          440    i.HAL_TIM_Base_MspInit  stm32g4xx_hal_msp.o
    0x080032d0   0x080032d0   0x00000100   Code   RO         2598    i.HAL_TIM_ConfigClockSource  stm32g4xx_hal_tim.o
    0x080033d0   0x080033d0   0x000000a8   Code   RO         2610    i.HAL_TIM_Encoder_Init  stm32g4xx_hal_tim.o
    0x08003478   0x08003478   0x00000060   Code   RO          442    i.HAL_TIM_Encoder_MspInit  stm32g4xx_hal_msp.o
    0x080034d8   0x080034d8   0x0000008e   Code   RO         2613    i.HAL_TIM_Encoder_Start  stm32g4xx_hal_tim.o
    0x08003566   0x08003566   0x00000002   Code   RO         2623    i.HAL_TIM_IC_CaptureCallback  stm32g4xx_hal_tim.o
    0x08003568   0x08003568   0x000001a2   Code   RO         2637    i.HAL_TIM_IRQHandler  stm32g4xx_hal_tim.o
    0x0800370a   0x0800370a   0x00000002   PAD
    0x0800370c   0x0800370c   0x000000a4   Code   RO          443    i.HAL_TIM_MspPostInit  stm32g4xx_hal_msp.o
    0x080037b0   0x080037b0   0x00000002   Code   RO         2640    i.HAL_TIM_OC_DelayElapsedCallback  stm32g4xx_hal_tim.o
    0x080037b2   0x080037b2   0x00000124   Code   RO         2661    i.HAL_TIM_PWM_ConfigChannel  stm32g4xx_hal_tim.o
    0x080038d6   0x080038d6   0x00000062   Code   RO         2664    i.HAL_TIM_PWM_Init  stm32g4xx_hal_tim.o
    0x08003938   0x08003938   0x00000002   Code   RO         2666    i.HAL_TIM_PWM_MspInit  stm32g4xx_hal_tim.o
    0x0800393a   0x0800393a   0x00000002   Code   RO         2667    i.HAL_TIM_PWM_PulseFinishedCallback  stm32g4xx_hal_tim.o
    0x0800393c   0x0800393c   0x000000fc   Code   RO         2669    i.HAL_TIM_PWM_Start  stm32g4xx_hal_tim.o
    0x08003a38   0x08003a38   0x00000014   Code   RO           15    i.HAL_TIM_PeriodElapsedCallback  main.o
    0x08003a4c   0x08003a4c   0x00000002   Code   RO         2680    i.HAL_TIM_TriggerCallback  stm32g4xx_hal_tim.o
    0x08003a4e   0x08003a4e   0x0000003e   Code   RO         4152    i.HAL_UARTEx_DisableFifoMode  stm32g4xx_hal_uart_ex.o
    0x08003a8c   0x08003a8c   0x0000004a   Code   RO         4158    i.HAL_UARTEx_ReceiveToIdle_DMA  stm32g4xx_hal_uart_ex.o
    0x08003ad6   0x08003ad6   0x00000002   PAD
    0x08003ad8   0x08003ad8   0x0000008c   Code   RO         4884    i.HAL_UARTEx_RxEventCallback  foc_cmd.o
    0x08003b64   0x08003b64   0x00000002   Code   RO         4160    i.HAL_UARTEx_RxFifoFullCallback  stm32g4xx_hal_uart_ex.o
    0x08003b66   0x08003b66   0x0000004c   Code   RO         4161    i.HAL_UARTEx_SetRxFifoThreshold  stm32g4xx_hal_uart_ex.o
    0x08003bb2   0x08003bb2   0x0000004c   Code   RO         4162    i.HAL_UARTEx_SetTxFifoThreshold  stm32g4xx_hal_uart_ex.o
    0x08003bfe   0x08003bfe   0x00000002   Code   RO         4164    i.HAL_UARTEx_TxFifoEmptyCallback  stm32g4xx_hal_uart_ex.o
    0x08003c00   0x08003c00   0x00000002   Code   RO         4165    i.HAL_UARTEx_WakeupCallback  stm32g4xx_hal_uart_ex.o
    0x08003c02   0x08003c02   0x00000002   PAD
    0x08003c04   0x08003c04   0x00000038   Code   RO         4885    i.HAL_UART_ErrorCallback  foc_cmd.o
    0x08003c3c   0x08003c3c   0x0000031c   Code   RO         3760    i.HAL_UART_IRQHandler  stm32g4xx_hal_uart.o
    0x08003f58   0x08003f58   0x0000006a   Code   RO         3761    i.HAL_UART_Init     stm32g4xx_hal_uart.o
    0x08003fc2   0x08003fc2   0x00000002   PAD
    0x08003fc4   0x08003fc4   0x000000f4   Code   RO          445    i.HAL_UART_MspInit  stm32g4xx_hal_msp.o
    0x080040b8   0x080040b8   0x00000002   Code   RO         3768    i.HAL_UART_RxCpltCallback  stm32g4xx_hal_uart.o
    0x080040ba   0x080040ba   0x00000002   Code   RO         3769    i.HAL_UART_RxHalfCpltCallback  stm32g4xx_hal_uart.o
    0x080040bc   0x080040bc   0x000000ae   Code   RO         3770    i.HAL_UART_Transmit  stm32g4xx_hal_uart.o
    0x0800416a   0x0800416a   0x00000002   PAD
    0x0800416c   0x0800416c   0x00000090   Code   RO         3771    i.HAL_UART_Transmit_DMA  stm32g4xx_hal_uart.o
    0x080041fc   0x080041fc   0x00000002   Code   RO         3773    i.HAL_UART_TxCpltCallback  stm32g4xx_hal_uart.o
    0x080041fe   0x080041fe   0x00000002   Code   RO         3774    i.HAL_UART_TxHalfCpltCallback  stm32g4xx_hal_uart.o
    0x08004200   0x08004200   0x00000008   Code   RO          316    i.HardFault_Handler  stm32g4xx_it.o
    0x08004208   0x08004208   0x0000000c   Code   RO          790    i.LL_ADC_GetOffsetChannel  stm32g4xx_hal_adc_ex.o
    0x08004214   0x08004214   0x00000008   Code   RO          558    i.LL_ADC_INJ_IsConversionOngoing  stm32g4xx_hal_adc.o
    0x0800421c   0x0800421c   0x00000008   Code   RO          791    i.LL_ADC_INJ_IsConversionOngoing  stm32g4xx_hal_adc_ex.o
    0x08004224   0x08004224   0x00000008   Code   RO          559    i.LL_ADC_REG_IsConversionOngoing  stm32g4xx_hal_adc.o
    0x0800422c   0x0800422c   0x00000008   Code   RO          792    i.LL_ADC_REG_IsConversionOngoing  stm32g4xx_hal_adc_ex.o
    0x08004234   0x08004234   0x00000010   Code   RO          560    i.LL_ADC_REG_IsTriggerSourceSWStart  stm32g4xx_hal_adc.o
    0x08004244   0x08004244   0x0000001e   Code   RO          793    i.LL_ADC_SetChannelSamplingTime  stm32g4xx_hal_adc_ex.o
    0x08004262   0x08004262   0x00000010   Code   RO          794    i.LL_ADC_SetOffsetState  stm32g4xx_hal_adc_ex.o
    0x08004272   0x08004272   0x00000002   PAD
    0x08004274   0x08004274   0x000000b4   Code   RO           16    i.MX_ADC1_Init      main.o
    0x08004328   0x08004328   0x000000a4   Code   RO           17    i.MX_ADC2_Init      main.o
    0x080043cc   0x080043cc   0x000000b0   Code   RO           18    i.MX_GPIO_Init      main.o
    0x0800447c   0x0800447c   0x00000038   Code   RO           19    i.MX_OPAMP1_Init    main.o
    0x080044b4   0x080044b4   0x00000038   Code   RO           20    i.MX_OPAMP2_Init    main.o
    0x080044ec   0x080044ec   0x0000003c   Code   RO           21    i.MX_OPAMP3_Init    main.o
    0x08004528   0x08004528   0x0000010c   Code   RO           22    i.MX_TIM1_Init      main.o
    0x08004634   0x08004634   0x0000006c   Code   RO           23    i.MX_TIM4_Init      main.o
    0x080046a0   0x080046a0   0x00000058   Code   RO           24    i.MX_USART2_UART_Init  main.o
    0x080046f8   0x080046f8   0x00000008   Code   RO          317    i.MemManage_Handler  stm32g4xx_it.o
    0x08004700   0x08004700   0x00000008   Code   RO          318    i.NMI_Handler       stm32g4xx_it.o
    0x08004708   0x08004708   0x00000002   Code   RO          319    i.PendSV_Handler    stm32g4xx_it.o
    0x0800470a   0x0800470a   0x00000002   Code   RO          320    i.SVC_Handler       stm32g4xx_it.o
    0x0800470c   0x0800470c   0x00000004   Code   RO          321    i.SysTick_Handler   stm32g4xx_it.o
    0x08004710   0x08004710   0x00000062   Code   RO           25    i.SystemClock_Config  main.o
    0x08004772   0x08004772   0x00000002   PAD
    0x08004774   0x08004774   0x00000010   Code   RO         4271    i.SystemInit        system_stm32g4xx.o
    0x08004784   0x08004784   0x0000000c   Code   RO          322    i.TIM1_UP_TIM16_IRQHandler  stm32g4xx_it.o
    0x08004790   0x08004790   0x000000bc   Code   RO         2682    i.TIM_Base_SetConfig  stm32g4xx_hal_tim.o
    0x0800484c   0x0800484c   0x0000001a   Code   RO         2683    i.TIM_CCxChannelCmd  stm32g4xx_hal_tim.o
    0x08004866   0x08004866   0x00000014   Code   RO         2693    i.TIM_ETR_SetConfig  stm32g4xx_hal_tim.o
    0x0800487a   0x0800487a   0x00000002   PAD
    0x0800487c   0x0800487c   0x00000014   Code   RO         2694    i.TIM_ITRx_SetConfig  stm32g4xx_hal_tim.o
    0x08004890   0x08004890   0x0000009c   Code   RO         2695    i.TIM_OC1_SetConfig  stm32g4xx_hal_tim.o
    0x0800492c   0x0800492c   0x00000090   Code   RO         2696    i.TIM_OC2_SetConfig  stm32g4xx_hal_tim.o
    0x080049bc   0x080049bc   0x00000090   Code   RO         2697    i.TIM_OC3_SetConfig  stm32g4xx_hal_tim.o
    0x08004a4c   0x08004a4c   0x00000090   Code   RO         2698    i.TIM_OC4_SetConfig  stm32g4xx_hal_tim.o
    0x08004adc   0x08004adc   0x00000070   Code   RO         2699    i.TIM_OC5_SetConfig  stm32g4xx_hal_tim.o
    0x08004b4c   0x08004b4c   0x00000070   Code   RO         2700    i.TIM_OC6_SetConfig  stm32g4xx_hal_tim.o
    0x08004bbc   0x08004bbc   0x00000022   Code   RO         2702    i.TIM_TI1_ConfigInputStage  stm32g4xx_hal_tim.o
    0x08004bde   0x08004bde   0x00000024   Code   RO         2704    i.TIM_TI2_ConfigInputStage  stm32g4xx_hal_tim.o
    0x08004c02   0x08004c02   0x00000002   PAD
    0x08004c04   0x08004c04   0x00000044   Code   RO         4166    i.UARTEx_SetNbDataToProcess  stm32g4xx_hal_uart_ex.o
    0x08004c48   0x08004c48   0x000000c8   Code   RO         3775    i.UART_AdvFeatureConfig  stm32g4xx_hal_uart.o
    0x08004d10   0x08004d10   0x000000ac   Code   RO         3776    i.UART_CheckIdleState  stm32g4xx_hal_uart.o
    0x08004dbc   0x08004dbc   0x00000010   Code   RO         3777    i.UART_DMAAbortOnError  stm32g4xx_hal_uart.o
    0x08004dcc   0x08004dcc   0x00000050   Code   RO         3778    i.UART_DMAError     stm32g4xx_hal_uart.o
    0x08004e1c   0x08004e1c   0x00000086   Code   RO         3779    i.UART_DMAReceiveCplt  stm32g4xx_hal_uart.o
    0x08004ea2   0x08004ea2   0x00000020   Code   RO         3781    i.UART_DMARxHalfCplt  stm32g4xx_hal_uart.o
    0x08004ec2   0x08004ec2   0x00000042   Code   RO         3783    i.UART_DMATransmitCplt  stm32g4xx_hal_uart.o
    0x08004f04   0x08004f04   0x0000000a   Code   RO         3785    i.UART_DMATxHalfCplt  stm32g4xx_hal_uart.o
    0x08004f0e   0x08004f0e   0x00000002   PAD
    0x08004f10   0x08004f10   0x00000054   Code   RO         3787    i.UART_EndRxTransfer  stm32g4xx_hal_uart.o
    0x08004f64   0x08004f64   0x0000002e   Code   RO         3788    i.UART_EndTxTransfer  stm32g4xx_hal_uart.o
    0x08004f92   0x08004f92   0x00000002   PAD
    0x08004f94   0x08004f94   0x00000274   Code   RO         3793    i.UART_SetConfig    stm32g4xx_hal_uart.o
    0x08005208   0x08005208   0x000000a8   Code   RO         3794    i.UART_Start_Receive_DMA  stm32g4xx_hal_uart.o
    0x080052b0   0x080052b0   0x00000094   Code   RO         3800    i.UART_WaitOnFlagUntilTimeout  stm32g4xx_hal_uart.o
    0x08005344   0x08005344   0x0000000c   Code   RO          323    i.USART2_IRQHandler  stm32g4xx_it.o
    0x08005350   0x08005350   0x00000008   Code   RO          324    i.UsageFault_Handler  stm32g4xx_it.o
    0x08005358   0x08005358   0x00000020   Code   RO        12452    i.__0printf         mc_w.l(printfa.o)
    0x08005378   0x08005378   0x00000024   Code   RO        12457    i.__0vsnprintf      mc_w.l(printfa.o)
    0x0800539c   0x0800539c   0x00000020   Code   RO         2352    i.__NVIC_SetPriority  stm32g4xx_hal_cortex.o
    0x080053bc   0x080053bc   0x000000b0   Code   RO        12096    i.__hardfp_fmodf    m_wm.l(fmodf.o)
    0x0800546c   0x0800546c   0x0000003a   Code   RO        12162    i.__hardfp_sqrtf    m_wm.l(sqrtf.o)
    0x080054a6   0x080054a6   0x00000002   PAD
    0x080054a8   0x080054a8   0x00000038   Code   RO        12174    i.__hardfp_strtof   m_wm.l(strtof.o)
    0x080054e0   0x080054e0   0x00000010   Code   RO        12530    i.__mathlib_flt_invalid  m_wm.l(funder.o)
    0x080054f0   0x080054f0   0x0000000e   Code   RO        12616    i.__scatterload_copy  mc_w.l(handlers.o)
    0x080054fe   0x080054fe   0x00000002   Code   RO        12617    i.__scatterload_null  mc_w.l(handlers.o)
    0x08005500   0x08005500   0x0000000e   Code   RO        12618    i.__scatterload_zeroinit  mc_w.l(handlers.o)
    0x0800550e   0x0800550e   0x00000002   PAD
    0x08005510   0x08005510   0x0000000c   Code   RO        12579    i.__set_errno       mc_w.l(errno.o)
    0x0800551c   0x0800551c   0x00000164   Code   RO        12459    i._fp_digits        mc_w.l(printfa.o)
    0x08005680   0x08005680   0x0000000e   Code   RO        12605    i._is_digit         mc_w.l(scanf_fp.o)
    0x0800568e   0x0800568e   0x00000002   PAD
    0x08005690   0x08005690   0x000006dc   Code   RO        12460    i._printf_core      mc_w.l(printfa.o)
    0x08005d6c   0x08005d6c   0x00000024   Code   RO        12461    i._printf_post_padding  mc_w.l(printfa.o)
    0x08005d90   0x08005d90   0x0000002e   Code   RO        12462    i._printf_pre_padding  mc_w.l(printfa.o)
    0x08005dbe   0x08005dbe   0x00000016   Code   RO        12463    i._snputc           mc_w.l(printfa.o)
    0x08005dd4   0x08005dd4   0x0000001a   Code   RO         5101    i.abz_calc_delta    abz_encoder.o
    0x08005dee   0x08005dee   0x00000002   PAD
    0x08005df0   0x08005df0   0x0000000c   Code   RO         5102    i.abz_encoder_angle_rad  abz_encoder.o
    0x08005dfc   0x08005dfc   0x00000020   Code   RO         5103    i.abz_encoder_consume_index  abz_encoder.o
    0x08005e1c   0x08005e1c   0x00000010   Code   RO         5105    i.abz_encoder_force_zero  abz_encoder.o
    0x08005e2c   0x08005e2c   0x00000058   Code   RO         5106    i.abz_encoder_init  abz_encoder.o
    0x08005e84   0x08005e84   0x0000001c   Code   RO         5108    i.abz_encoder_on_index  abz_encoder.o
    0x08005ea0   0x08005ea0   0x00000010   Code   RO         5109    i.abz_encoder_set_zero_on_index  abz_encoder.o
    0x08005eb0   0x08005eb0   0x00000140   Code   RO         5110    i.abz_encoder_update  abz_encoder.o
    0x08005ff0   0x08005ff0   0x0000000c   Code   RO         5111    i.abz_encoder_velocity_rpm  abz_encoder.o
    0x08005ffc   0x08005ffc   0x00000014   Code   RO         5112    i.abz_wrap_position  abz_encoder.o
    0x08006010   0x08006010   0x00000084   Code   RO         7099    i.arm_cos_f32       fastmathfunctions.o
    0x08006094   0x08006094   0x00000080   Code   RO         7104    i.arm_sin_f32       fastmathfunctions.o
    0x08006114   0x08006114   0x0000001c   Code   RO         4800    i.calib_checkpoint  foc_calib.o
    0x08006130   0x08006130   0x00000012   Code   RO         4801    i.calib_clear_pending_index  foc_calib.o
    0x08006142   0x08006142   0x00000002   PAD
    0x08006144   0x08006144   0x00000054   Code   RO         4802    i.calib_fail        foc_calib.o
    0x08006198   0x08006198   0x00000028   Code   RO         4803    i.calib_ramp_voltage  foc_calib.o
    0x080061c0   0x080061c0   0x0000000c   Code   RO         4804    i.calib_set_state   foc_calib.o
    0x080061cc   0x080061cc   0x0000091c   Code   RO         4886    i.cmd_execute       foc_cmd.o
    0x08006ae8   0x08006ae8   0x00000150   Code   RO         4887    i.cmd_print_status  foc_cmd.o
    0x08006c38   0x08006c38   0x0000018c   Code   RO         5194    i.current_shunt_adc_irq  current_shunt.o
    0x08006dc4   0x08006dc4   0x0000007c   Code   RO         5195    i.current_shunt_calibrate  current_shunt.o
    0x08006e40   0x08006e40   0x000000a8   Code   RO         5196    i.current_shunt_enable_adc  current_shunt.o
    0x08006ee8   0x08006ee8   0x00000048   Code   RO         5197    i.current_shunt_fail  current_shunt.o
    0x08006f30   0x08006f30   0x00000028   Code   RO         5198    i.current_shunt_get_currents  current_shunt.o
    0x08006f58   0x08006f58   0x00000134   Code   RO         5199    i.current_shunt_init  current_shunt.o
    0x0800708c   0x0800708c   0x0000000c   Code   RO         5200    i.current_shunt_is_ready  current_shunt.o
    0x08007098   0x08007098   0x00000010   Code   RO         5201    i.current_shunt_jsqr  current_shunt.o
    0x080070a8   0x080070a8   0x000000b8   Code   RO         5202    i.current_shunt_prepare_pwm  current_shunt.o
    0x08007160   0x08007160   0x000000e0   Code   RO         5203    i.current_shunt_reconstruct  current_shunt.o
    0x08007240   0x08007240   0x00000054   Code   RO         5204    i.current_shunt_snapshot  current_shunt.o
    0x08007294   0x08007294   0x00000100   Code   RO         5205    i.current_shunt_tim_update_irq  current_shunt.o
    0x08007394   0x08007394   0x0000000c   Code   RO         4711    i.foc_app_diag_state  foc_app.o
    0x080073a0   0x080073a0   0x000001d8   Code   RO         4712    i.foc_app_init      foc_app.o
    0x08007578   0x08007578   0x00000024   Code   RO         4713    i.foc_app_isr_current_loop  foc_app.o
    0x0800759c   0x0800759c   0x00000008   Code   RO         4714    i.foc_app_motor     foc_app.o
    0x080075a4   0x080075a4   0x00000058   Code   RO         4715    i.foc_app_on_key    foc_app.o
    0x080075fc   0x080075fc   0x00000068   Code   RO         4716    i.foc_app_task      foc_app.o
    0x08007664   0x08007664   0x00000038   Code   RO         5342    i.foc_board_cpu_sample  foc_board_g431.o
    0x0800769c   0x0800769c   0x0000000c   Code   RO         5343    i.foc_board_cycles  foc_board_g431.o
    0x080076a8   0x080076a8   0x00000024   Code   RO         5344    i.foc_board_dwt_init  foc_board_g431.o
    0x080076cc   0x080076cc   0x000000b8   Code   RO         5345    i.foc_board_init    foc_board_g431.o
    0x08007784   0x08007784   0x00000044   Code   RO         5346    i.foc_board_watchdog_init  foc_board_g431.o
    0x080077c8   0x080077c8   0x00000010   Code   RO         5347    i.foc_board_watchdog_kick  foc_board_g431.o
    0x080077d8   0x080077d8   0x0000000c   Code   RO         4805    i.foc_calib_get_state  foc_calib.o
    0x080077e4   0x080077e4   0x00000024   Code   RO         4806    i.foc_calib_is_active  foc_calib.o
    0x08007808   0x08007808   0x000000c8   Code   RO         4807    i.foc_calib_start   foc_calib.o
    0x080078d0   0x080078d0   0x00000288   Code   RO         4808    i.foc_calib_task    foc_calib.o
    0x08007b58   0x08007b58   0x00000020   Code   RO         4305    i.foc_clampf        foc_pid.o
    0x08007b78   0x08007b78   0x00000020   Code   RO         4367    i.foc_clampf        foc_svm.o
    0x08007b98   0x08007b98   0x00000020   Code   RO         4488    i.foc_clampf        foc_motor.o
    0x08007bb8   0x08007bb8   0x00000014   Code   RO         4888    i.foc_cmd_init      foc_cmd.o
    0x08007bcc   0x08007bcc   0x00000058   Code   RO         4889    i.foc_cmd_print     foc_cmd.o
    0x08007c24   0x08007c24   0x00000048   Code   RO         4890    i.foc_cmd_task      foc_cmd.o
    0x08007c6c   0x08007c6c   0x000000a4   Code   RO         5025    i.foc_ident_apply   foc_ident.o
    0x08007d10   0x08007d10   0x00000024   Code   RO         5028    i.foc_ident_is_active  foc_ident.o
    0x08007d34   0x08007d34   0x00000108   Code   RO         5029    i.foc_ident_start   foc_ident.o
    0x08007e3c   0x08007e3c   0x00000390   Code   RO         5030    i.foc_ident_task    foc_ident.o
    0x080081cc   0x080081cc   0x00000014   Code   RO         4306    i.foc_lpf_init      foc_pid.o
    0x080081e0   0x080081e0   0x00000036   Code   RO         4308    i.foc_lpf_update    foc_pid.o
    0x08008216   0x08008216   0x00000002   PAD
    0x08008218   0x08008218   0x000000a0   Code   RO         4489    i.foc_motor_arm     foc_motor.o
    0x080082b8   0x080082b8   0x000000b4   Code   RO         4490    i.foc_motor_check_current  foc_motor.o
    0x0800836c   0x0800836c   0x00000018   Code   RO         4491    i.foc_motor_clear_fault  foc_motor.o
    0x08008384   0x08008384   0x00000044   Code   RO         4492    i.foc_motor_disarm  foc_motor.o
    0x080083c8   0x080083c8   0x00000024   Code   RO         4493    i.foc_motor_encoder_theta_e  foc_motor.o
    0x080083ec   0x080083ec   0x0000031c   Code   RO         4494    i.foc_motor_fast_loop  foc_motor.o
    0x08008708   0x08008708   0x0000003c   Code   RO         4495    i.foc_motor_fault   foc_motor.o
    0x08008744   0x08008744   0x0000021c   Code   RO         4496    i.foc_motor_init    foc_motor.o
    0x08008960   0x08008960   0x00000034   Code   RO         4497    i.foc_motor_openloop_hold  foc_motor.o
    0x08008994   0x08008994   0x00000038   Code   RO         4498    i.foc_motor_openloop_spin  foc_motor.o
    0x080089cc   0x080089cc   0x0000000a   Code   RO         4499    i.foc_motor_override_current_limits  foc_motor.o
    0x080089d6   0x080089d6   0x00000012   Code   RO         4500    i.foc_motor_restore_current_limits  foc_motor.o
    0x080089e8   0x080089e8   0x00000006   Code   RO         4501    i.foc_motor_set_angle_source  foc_motor.o
    0x080089ee   0x080089ee   0x00000002   PAD
    0x080089f0   0x080089f0   0x000000a4   Code   RO         4502    i.foc_motor_set_mode  foc_motor.o
    0x08008a94   0x08008a94   0x00000006   Code   RO         4503    i.foc_motor_set_target  foc_motor.o
    0x08008a9a   0x08008a9a   0x00000002   PAD
    0x08008a9c   0x08008a9c   0x00000220   Code   RO         4504    i.foc_motor_slow_loop  foc_motor.o
    0x08008cbc   0x08008cbc   0x00000008   Code   RO         4309    i.foc_pid_init      foc_pid.o
    0x08008cc4   0x08008cc4   0x00000018   Code   RO         4310    i.foc_pid_reset     foc_pid.o
    0x08008cdc   0x08008cdc   0x00000006   Code   RO         4311    i.foc_pid_set_limit  foc_pid.o
    0x08008ce2   0x08008ce2   0x00000002   PAD
    0x08008ce4   0x08008ce4   0x000000d0   Code   RO         4312    i.foc_pid_update    foc_pid.o
    0x08008db4   0x08008db4   0x0000004c   Code   RO         5455    i.foc_store_erase   foc_store.o
    0x08008e00   0x08008e00   0x000000b0   Code   RO         5456    i.foc_store_load    foc_store.o
    0x08008eb0   0x08008eb0   0x000000c8   Code   RO         5457    i.foc_store_save    foc_store.o
    0x08008f78   0x08008f78   0x00000128   Code   RO         4368    i.foc_svm_calc      foc_svm.o
    0x080090a0   0x080090a0   0x0000008c   Code   RO         4369    i.foc_svm_sector    foc_svm.o
    0x0800912c   0x0800912c   0x0000000c   Code   RO         4974    i.foc_telemetry_get_enable  foc_telemetry.o
    0x08009138   0x08009138   0x0000000c   Code   RO         4975    i.foc_telemetry_init  foc_telemetry.o
    0x08009144   0x08009144   0x00000110   Code   RO         4976    i.foc_telemetry_isr_tick  foc_telemetry.o
    0x08009254   0x08009254   0x00000010   Code   RO         4977    i.foc_telemetry_set_enable  foc_telemetry.o
    0x08009264   0x08009264   0x00000010   Code   RO         4978    i.foc_telemetry_suspend  foc_telemetry.o
    0x08009274   0x08009274   0x000000e8   Code   RO         4687    i.foc_traj_eval     foc_traj.o
    0x0800935c   0x0800935c   0x0000022c   Code   RO         4688    i.foc_traj_plan     foc_traj.o
    0x08009588   0x08009588   0x0000002c   Code   RO         4505    i.foc_wrap_0_2pi    foc_motor.o
    0x080095b4   0x080095b4   0x0000002c   Code   RO         4809    i.foc_wrap_0_2pi    foc_calib.o
    0x080095e0   0x080095e0   0x00000018   Code   RO           27    i.fputc             main.o
    0x080095f8   0x080095f8   0x0000003c   Code   RO         5031    i.ident_cleanup     foc_ident.o
    0x08009634   0x08009634   0x00000038   Code   RO         5032    i.ident_fail        foc_ident.o
    0x0800966c   0x0800966c   0x000000c0   Code   RO         5033    i.ident_ls_hook     foc_ident.o
    0x0800972c   0x0800972c   0x00000058   Code   RO         5348    i.m0_pwm_bootstrap  foc_board_g431.o
    0x08009784   0x08009784   0x0000003c   Code   RO         5349    i.m0_pwm_disable    foc_board_g431.o
    0x080097c0   0x080097c0   0x0000005c   Code   RO         5350    i.m0_pwm_enable     foc_board_g431.o
    0x0800981c   0x0800981c   0x00000044   Code   RO         5351    i.m0_pwm_set_compare  foc_board_g431.o
    0x08009860   0x08009860   0x00000040   Code   RO         5352    i.m0_pwm_set_low_sides_now  foc_board_g431.o
    0x080098a0   0x080098a0   0x00000040   Code   RO         5353    i.m0_pwm_set_neutral_now  foc_board_g431.o
    0x080098e0   0x080098e0   0x0000015c   Code   RO           28    i.main              main.o
    0x08009a3c   0x08009a3c   0x00000038   Code   RO         4891    i.mode_name         foc_cmd.o
    0x08009a74   0x08009a74   0x00000044   Code   RO         4892    i.state_name        foc_cmd.o
    0x08009ab8   0x08009ab8   0x00000034   Code   RO         5458    i.store_crc32       foc_store.o
    0x08009aec   0x08009aec   0x0000008c   Code   RO         5459    i.store_program     foc_store.o
    0x08009b78   0x08009b78   0x00000080   Code   RO           29    i.system_fault_capture  main.o
    0x08009bf8   0x08009bf8   0x000001b0   Code   RO           30    i.system_fault_diag_boot_init  main.o
    0x08009da8   0x08009da8   0x0000010c   Code   RO           31    i.system_power_checkpoint  main.o
    0x08009eb4   0x08009eb4   0x00000018   Data   RO         3801    .constdata          stm32g4xx_hal_uart.o
    0x08009ecc   0x08009ecc   0x00000010   Data   RO         4167    .constdata          stm32g4xx_hal_uart_ex.o
    0x08009edc   0x08009edc   0x00000010   Data   RO         4272    .constdata          system_stm32g4xx.o
    0x08009eec   0x08009eec   0x00000008   Data   RO         4273    .constdata          system_stm32g4xx.o
    0x08009ef4   0x08009ef4   0x0000004c   Data   RO         4718    .constdata          foc_app.o
    0x08009f40   0x08009f40   0x00000018   Data   RO         5355    .constdata          foc_board_g431.o
    0x08009f58   0x08009f58   0x00000008   Data   RO         5356    .constdata          foc_board_g431.o
    0x08009f60   0x08009f60   0x0000001c   Data   RO         5357    .constdata          foc_board_g431.o
    0x08009f7c   0x08009f7c   0x00000804   Data   RO         6271    .constdata          commontables.o
    0x0800a780   0x0800a780   0x00000040   Data   RO        12610    .constdata          mc_w.l(ctype_c.o)
    0x0800a7c0   0x0800a7c0   0x00000355   Data   RO         4894    .conststring        foc_cmd.o
    0x0800ab15   0x0800ab15   0x00000003   PAD
    0x0800ab18   0x0800ab18   0x00000072   Data   RO         5035    .conststring        foc_ident.o
    0x0800ab8a   0x0800ab8a   0x00000002   PAD
    0x0800ab8c   0x0800ab8c   0x00000020   Data   RO        12614    Region$$Table       anon$$obj.o


    Execution Region RW_IRAM1 (Exec base: 0x20000000, Load base: 0x0800abac, Size: 0x00000d18, Max: 0x00008000, ABSOLUTE)

    Exec Addr    Load Addr    Size         Type   Attr      Idx    E Section Name        Object

    0x20000000   0x0800abac   0x0000000c   Data   RW           35    .data               main.o
    0x2000000c   0x0800abb8   0x00000004   Data   RW          446    .data               stm32g4xx_hal_msp.o
    0x20000010   0x0800abbc   0x0000000c   Data   RW         1012    .data               stm32g4xx_hal.o
    0x2000001c   0x0800abc8   0x00000020   Data   RW         1480    .data               stm32g4xx_hal_flash.o
    0x2000003c   0x0800abe8   0x00000004   Data   RW         4274    .data               system_stm32g4xx.o
    0x20000040   0x0800abec   0x0000000c   Data   RW         4719    .data               foc_app.o
    0x2000004c   0x0800abf8   0x00000014   Data   RW         4810    .data               foc_calib.o
    0x20000060   0x0800ac0c   0x00000006   Data   RW         4895    .data               foc_cmd.o
    0x20000066   0x0800ac12   0x00000002   PAD
    0x20000068   0x0800ac14   0x00000048   Data   RW         4979    .data               foc_telemetry.o
    0x200000b0   0x0800ac5c   0x00000030   Data   RW         5036    .data               foc_ident.o
    0x200000e0   0x0800ac8c   0x0000001c   Data   RW         5207    .data               current_shunt.o
    0x200000fc   0x0800aca8   0x00000002   Data   RW         5358    .data               foc_board_g431.o
    0x200000fe   0x0800acaa   0x00000002   PAD
    0x20000100   0x0800acac   0x00000004   Data   RW        12212    .data               mc_w.l(strtok.o)
    0x20000104   0x0800acb0   0x00000004   Data   RW        12572    .data               mc_w.l(stdout.o)
    0x20000108   0x0800acb4   0x00000004   Data   RW        12580    .data               mc_w.l(errno.o)
    0x2000010c        -       0x00000350   Zero   RW           32    .bss                main.o
    0x2000045c        -       0x00000060   Zero   RW           33    .bss                main.o
    0x200004bc        -       0x00000060   Zero   RW           34    .bss                main.o
    0x2000051c        -       0x000001c8   Zero   RW         4717    .bss                foc_app.o
    0x200006e4        -       0x00000140   Zero   RW         4893    .bss                foc_cmd.o
    0x20000824        -       0x00000010   Zero   RW         5034    .bss                foc_ident.o
    0x20000834        -       0x00000038   Zero   RW         5113    .bss                abz_encoder.o
    0x2000086c        -       0x00000050   Zero   RW         5206    .bss                current_shunt.o
    0x200008bc        -       0x0000000c   Zero   RW         5354    .bss                foc_board_g431.o
    0x200008c8        -       0x00000050   Zero   RW         5460    .bss                foc_store.o
    0x20000918        -       0x00000400   Zero   RW            1    STACK               startup_stm32g431xx.o


==============================================================================

Image component sizes


      Code (inc. data)   RO Data    RW Data    ZI Data      Debug   Object Name

       570         74          0          0         56       7167   abz_encoder.o
         0          0       2052          0          0      12129   commontables.o
      1884        172          0         28         80      85943   current_shunt.o
       260         28          0          0          0       1620   fastmathfunctions.o
       720        150         76         12        456       5714   foc_app.o
       808        112         60          2         12       7906   foc_board_g431.o
      1122         70          0         20          0       9348   foc_calib.o
      3168       1102        853          6        320      10001   foc_cmd.o
      1684        434        114         48         16       7679   foc_ident.o
      2796        100          0          0          0      23618   foc_motor.o
       352         18          0          0          0       6240   foc_pid.o
       644         38          0          0         80      10224   foc_store.o
       468         24          0          0          0      12723   foc_svm.o
       328         44          0         72          0       3497   foc_telemetry.o
       788         18          0          0          0       2780   foc_traj.o
      2544        346          0         12       1040     717355   main.o
        36          8        472          0       1024        828   startup_stm32g431xx.o
       162         24          0         12          0       4277   stm32g4xx_hal.o
      1274         48          0          0          0      74000   stm32g4xx_hal_adc.o
      1748         76          0          0          0      77216   stm32g4xx_hal_adc_ex.o
       198         14          0          0          0      33791   stm32g4xx_hal_cortex.o
       906         30          0          0          0       6506   stm32g4xx_hal_dma.o
       404         48          0         32          0      23138   stm32g4xx_hal_flash.o
       372         28          0          0          0       4174   stm32g4xx_hal_flash_ex.o
       608         40          0          0          0       2287   stm32g4xx_hal_gpio.o
      1036        102          0          4          0       5966   stm32g4xx_hal_msp.o
       288          8          0          0          0       2443   stm32g4xx_hal_opamp.o
       204         18          0          0          0       1393   stm32g4xx_hal_pwr_ex.o
      1684         88          0          0          0       6220   stm32g4xx_hal_rcc.o
       648         10          0          0          0       1868   stm32g4xx_hal_rcc_ex.o
      2870        238          0          0          0      19985   stm32g4xx_hal_tim.o
       326         32          0          0          0       6244   stm32g4xx_hal_tim_ex.o
      3012        110         24          0          0      36713   stm32g4xx_hal_uart.o
       362          6         16          0          0       6209   stm32g4xx_hal_uart_ex.o
       198         38          0          0          0      73323   stm32g4xx_it.o
        16          4         24          4          0       1103   system_stm32g4xx.o

    ----------------------------------------------------------------------
     34536       3700       3728        256       3084    1311628   Object Totals
         0          0         32          0          0          0   (incl. Generated)
        48          0          5          4          0          0   (incl. Padding)

    ----------------------------------------------------------------------

      Code (inc. data)   RO Data    RW Data    ZI Data      Debug   Library Member Name

       176          0          0          0          0        168   fmodf.o
        16          6          0          0          0        116   funder.o
        58          0          0          0          0        136   sqrtf.o
        56         14          0          0          0        128   strtof.o
        64          0          0          0          0         84   _sgetc.o
        40          6         64          0          0         68   ctype_c.o
         0          0          0          0          0          0   entry.o
         0          0          0          0          0          0   entry10a.o
         0          0          0          0          0          0   entry11a.o
         8          4          0          0          0          0   entry2.o
         4          0          0          0          0          0   entry5.o
         0          0          0          0          0          0   entry7b.o
         0          0          0          0          0          0   entry8b.o
         8          4          0          0          0          0   entry9a.o
        12          6          0          4          0         68   errno.o
        30          0          0          0          0          0   handlers.o
        36          8          0          0          0         68   init.o
        10          0          0          0          0         68   isspace_c.o
         0          0          0          0          0          0   iusefp.o
        30          0          0          0          0         68   llshl.o
        36          0          0          0          0         68   llsshr.o
        32          0          0          0          0         68   llushr.o
        26          0          0          0          0         80   memcmp.o
        36          0          0          0          0         68   memcpya.o
        36          0          0          0          0        108   memseta.o
      2284         94          0          0          0        592   printfa.o
       838         12          0          0          0        216   scanf_fp.o
         0          0          0          4          0          0   stdout.o
        28          0          0          0          0         76   strcmp.o
       156         14          0          0          0        120   strtod.o
        68          6          0          4          0         80   strtok.o
        44          0          0          0          0         80   uidiv.o
        98          0          0          0          0         92   uldiv.o
        48          0          0          0          0         68   cdrcmple.o
        56          0          0          0          0         88   d2f.o
       334          0          0          0          0        148   dadd.o
       222          0          0          0          0        100   ddiv.o
       186          0          0          0          0        176   depilogue.o
        48          0          0          0          0         68   dfixul.o
        24          0          0          0          0         76   dfltul.o
       228          0          0          0          0         96   dmul.o
        38          0          0          0          0         68   f2d.o
       110          0          0          0          0        168   fepilogue.o
        82          0          0          0          0         96   frem.o

    ----------------------------------------------------------------------
      5620        174         64         12          0       3772   Library Totals
        14          0          0          0          0          0   (incl. Padding)

    ----------------------------------------------------------------------

      Code (inc. data)   RO Data    RW Data    ZI Data      Debug   Library Name

       306         20          0          0          0        548   m_wm.l
      3924        154         64         12          0       2072   mc_w.l
      1376          0          0          0          0       1152   mf_w.l

    ----------------------------------------------------------------------
      5620        174         64         12          0       3772   Library Totals

    ----------------------------------------------------------------------

==============================================================================


      Code (inc. data)   RO Data    RW Data    ZI Data      Debug   

     40156       3874       3792        268       3084    1287588   Grand Totals
     40156       3874       3792        268       3084    1287588   ELF Image Totals
     40156       3874       3792        268          0          0   ROM Totals

==============================================================================

    Total RO  Size (Code + RO Data)                43948 (  42.92kB)
    Total RW  Size (RW Data + ZI Data)              3352 (   3.27kB)
    Total ROM Size (Code + RO Data + RW Data)      44216 (  43.18kB)

==============================================================================

