Component: ARM Compiler 5.06 update 1 (build 61) Tool: armlink [4d35a8]

==============================================================================

Section Cross References

    startup_stm32g431xx.o(RESET) refers to startup_stm32g431xx.o(STACK) for __initial_sp
    startup_stm32g431xx.o(RESET) refers to startup_stm32g431xx.o(.text) for Reset_Handler
    startup_stm32g431xx.o(RESET) refers to stm32g4xx_it.o(i.NMI_Handler) for NMI_Handler
    startup_stm32g431xx.o(RESET) refers to stm32g4xx_it.o(i.HardFault_Handler) for HardFault_Handler
    startup_stm32g431xx.o(RESET) refers to stm32g4xx_it.o(i.MemManage_Handler) for MemManage_Handler
    startup_stm32g431xx.o(RESET) refers to stm32g4xx_it.o(i.BusFault_Handler) for BusFault_Handler
    startup_stm32g431xx.o(RESET) refers to stm32g4xx_it.o(i.UsageFault_Handler) for UsageFault_Handler
    startup_stm32g431xx.o(RESET) refers to stm32g4xx_it.o(i.SVC_Handler) for SVC_Handler
    startup_stm32g431xx.o(RESET) refers to stm32g4xx_it.o(i.DebugMon_Handler) for DebugMon_Handler
    startup_stm32g431xx.o(RESET) refers to stm32g4xx_it.o(i.PendSV_Handler) for PendSV_Handler
    startup_stm32g431xx.o(RESET) refers to stm32g4xx_it.o(i.SysTick_Handler) for SysTick_Handler
    startup_stm32g431xx.o(RESET) refers to stm32g4xx_it.o(i.DMA1_Channel1_IRQHandler) for DMA1_Channel1_IRQHandler
    startup_stm32g431xx.o(RESET) refers to stm32g4xx_it.o(i.DMA1_Channel2_IRQHandler) for DMA1_Channel2_IRQHandler
    startup_stm32g431xx.o(RESET) refers to stm32g4xx_it.o(i.ADC1_2_IRQHandler) for ADC1_2_IRQHandler
    startup_stm32g431xx.o(RESET) refers to stm32g4xx_it.o(i.EXTI9_5_IRQHandler) for EXTI9_5_IRQHandler
    startup_stm32g431xx.o(RESET) refers to stm32g4xx_it.o(i.TIM1_UP_TIM16_IRQHandler) for TIM1_UP_TIM16_IRQHandler
    startup_stm32g431xx.o(RESET) refers to stm32g4xx_it.o(i.USART2_IRQHandler) for USART2_IRQHandler
    startup_stm32g431xx.o(RESET) refers to stm32g4xx_it.o(i.EXTI15_10_IRQHandler) for EXTI15_10_IRQHandler
    startup_stm32g431xx.o(.text) refers to system_stm32g4xx.o(i.SystemInit) for SystemInit
    startup_stm32g431xx.o(.text) refers to entry.o(.ARM.Collect$$$$00000000) for __main
    vofa.o(i.VOFA_Task) refers to stm32g4xx_hal_uart.o(i.HAL_UART_GetState) for HAL_UART_GetState
    vofa.o(i.VOFA_Task) refers to foc_calib.o(i.foc_calib_get_state) for foc_calib_get_state
    vofa.o(i.VOFA_Task) refers to current_shunt.o(i.current_shunt_get_currents) for current_shunt_get_currents
    vofa.o(i.VOFA_Task) refers to current_shunt.o(i.current_shunt_is_ready) for current_shunt_is_ready
    vofa.o(i.VOFA_Task) refers to stm32g4xx_hal_uart.o(i.HAL_UART_Transmit_DMA) for HAL_UART_Transmit_DMA
    vofa.o(i.VOFA_Task) refers to foc_config.o(.bss) for foc_log_monitor
    vofa.o(i.VOFA_Task) refers to main.o(.bss) for huart2
    vofa.o(i.VOFA_Task) refers to vofa.o(.data) for .data
    vofa.o(i.VOFA_Task) refers to foc_controller.o(.data) for foc_feedback
    vofa.o(i.VOFA_Task) refers to main.o(.data) for g_abz_z_irq_count
    main.o(i.Error_Handler) refers to main.o(i.system_fault_capture) for system_fault_capture
    main.o(i.HAL_GPIO_EXTI_Callback) refers to abz_encoder.o(i.abz_encoder_on_index) for abz_encoder_on_index
    main.o(i.HAL_GPIO_EXTI_Callback) refers to stm32g4xx_hal.o(i.HAL_GetTick) for HAL_GetTick
    main.o(i.HAL_GPIO_EXTI_Callback) refers to foc_app.o(i.foc_get_state) for foc_get_state
    main.o(i.HAL_GPIO_EXTI_Callback) refers to foc_app.o(i.foc_set_state) for foc_set_state
    main.o(i.HAL_GPIO_EXTI_Callback) refers to foc_config.o(i.foc_pwm_disable) for foc_pwm_disable
    main.o(i.HAL_GPIO_EXTI_Callback) refers to main.o(i.system_power_checkpoint) for system_power_checkpoint
    main.o(i.HAL_GPIO_EXTI_Callback) refers to current_shunt.o(i.current_shunt_is_ready) for current_shunt_is_ready
    main.o(i.HAL_GPIO_EXTI_Callback) refers to foc_calib.o(i.foc_calib_is_valid) for foc_calib_is_valid
    main.o(i.HAL_GPIO_EXTI_Callback) refers to foc_controller.o(i.foc_set_angle_source) for foc_set_angle_source
    main.o(i.HAL_GPIO_EXTI_Callback) refers to foc_config.o(i.foc_pwm_enable) for foc_pwm_enable
    main.o(i.HAL_GPIO_EXTI_Callback) refers to foc_calib.o(i.foc_calib_start) for foc_calib_start
    main.o(i.HAL_GPIO_EXTI_Callback) refers to main.o(.data) for .data
    main.o(i.HAL_GPIO_EXTI_Callback) refers to foc_app.o(.data) for g_foc_state_diag
    main.o(i.HAL_GPIO_EXTI_Callback) refers to foc_calib.o(.data) for g_foc_calib_state
    main.o(i.HAL_GPIO_EXTI_Callback) refers to foc_config.o(.data) for g_foc_pwm_stage
    main.o(i.HAL_TIM_PeriodElapsedCallback) refers to current_shunt.o(i.current_shunt_tim_update_irq) for current_shunt_tim_update_irq
    main.o(i.MX_ADC1_Init) refers to memseta.o(.text) for __aeabi_memclr4
    main.o(i.MX_ADC1_Init) refers to stm32g4xx_hal_adc.o(i.HAL_ADC_Init) for HAL_ADC_Init
    main.o(i.MX_ADC1_Init) refers to stm32g4xx_hal_adc_ex.o(i.HAL_ADCEx_MultiModeConfigChannel) for HAL_ADCEx_MultiModeConfigChannel
[...]
    i.TIM_TI1_ConfigInputStage               0x08003e64   Section        0  stm32g4xx_hal_tim.o(i.TIM_TI1_ConfigInputStage)
    TIM_TI1_ConfigInputStage                 0x08003e65   Thumb Code    34  stm32g4xx_hal_tim.o(i.TIM_TI1_ConfigInputStage)
    i.TIM_TI2_ConfigInputStage               0x08003e86   Section        0  stm32g4xx_hal_tim.o(i.TIM_TI2_ConfigInputStage)
    TIM_TI2_ConfigInputStage                 0x08003e87   Thumb Code    36  stm32g4xx_hal_tim.o(i.TIM_TI2_ConfigInputStage)
    i.UARTEx_SetNbDataToProcess              0x08003eac   Section        0  stm32g4xx_hal_uart_ex.o(i.UARTEx_SetNbDataToProcess)
    UARTEx_SetNbDataToProcess                0x08003ead   Thumb Code    62  stm32g4xx_hal_uart_ex.o(i.UARTEx_SetNbDataToProcess)
    i.UART_AdvFeatureConfig                  0x08003ef0   Section        0  stm32g4xx_hal_uart.o(i.UART_AdvFeatureConfig)
    i.UART_CheckIdleState                    0x08003fb8   Section        0  stm32g4xx_hal_uart.o(i.UART_CheckIdleState)
    i.UART_DMAAbortOnError                   0x08004064   Section        0  stm32g4xx_hal_uart.o(i.UART_DMAAbortOnError)
    UART_DMAAbortOnError                     0x08004065   Thumb Code    16  stm32g4xx_hal_uart.o(i.UART_DMAAbortOnError)
    i.UART_DMAError                          0x08004074   Section        0  stm32g4xx_hal_uart.o(i.UART_DMAError)
    UART_DMAError                            0x08004075   Thumb Code    80  stm32g4xx_hal_uart.o(i.UART_DMAError)
    i.UART_DMATransmitCplt                   0x080040c4   Section        0  stm32g4xx_hal_uart.o(i.UART_DMATransmitCplt)
    UART_DMATransmitCplt                     0x080040c5   Thumb Code    66  stm32g4xx_hal_uart.o(i.UART_DMATransmitCplt)
    i.UART_DMATxHalfCplt                     0x08004106   Section        0  stm32g4xx_hal_uart.o(i.UART_DMATxHalfCplt)
    UART_DMATxHalfCplt                       0x08004107   Thumb Code    10  stm32g4xx_hal_uart.o(i.UART_DMATxHalfCplt)
    i.UART_EndRxTransfer                     0x08004110   Section        0  stm32g4xx_hal_uart.o(i.UART_EndRxTransfer)
    UART_EndRxTransfer                       0x08004111   Thumb Code    78  stm32g4xx_hal_uart.o(i.UART_EndRxTransfer)
    i.UART_EndTxTransfer                     0x08004164   Section        0  stm32g4xx_hal_uart.o(i.UART_EndTxTransfer)
    UART_EndTxTransfer                       0x08004165   Thumb Code    46  stm32g4xx_hal_uart.o(i.UART_EndTxTransfer)
    i.UART_SetConfig                         0x08004194   Section        0  stm32g4xx_hal_uart.o(i.UART_SetConfig)
    i.UART_WaitOnFlagUntilTimeout            0x08004408   Section        0  stm32g4xx_hal_uart.o(i.UART_WaitOnFlagUntilTimeout)
    i.USART2_IRQHandler                      0x0800449c   Section        0  stm32g4xx_it.o(i.USART2_IRQHandler)
    i.UsageFault_Handler                     0x080044a8   Section        0  stm32g4xx_it.o(i.UsageFault_Handler)
    i.VOFA_Task                              0x080044b0   Section        0  vofa.o(i.VOFA_Task)
    i.__0printf$1                            0x0800459c   Section        0  printf1.o(i.__0printf$1)
    i.__NVIC_SetPriority                     0x080045bc   Section        0  stm32g4xx_hal_cortex.o(i.__NVIC_SetPriority)
    __NVIC_SetPriority                       0x080045bd   Thumb Code    32  stm32g4xx_hal_cortex.o(i.__NVIC_SetPriority)
    i.__hardfp_fmodf                         0x080045dc   Section        0  fmodf.o(i.__hardfp_fmodf)
    i.__mathlib_flt_invalid                  0x0800468c   Section        0  funder.o(i.__mathlib_flt_invalid)
    i.__scatterload_copy                     0x0800469c   Section       14  handlers.o(i.__scatterload_copy)
    i.__scatterload_null                     0x080046aa   Section        2  handlers.o(i.__scatterload_null)
    i.__scatterload_zeroinit                 0x080046ac   Section       14  handlers.o(i.__scatterload_zeroinit)
    i.__set_errno                            0x080046bc   Section        0  errno.o(i.__set_errno)
    i._printf_core                           0x080046c8   Section        0  printf1.o(i._printf_core)
    _printf_core                             0x080046c9   Thumb Code   336  printf1.o(i._printf_core)
    i.abz_calc_delta                         0x0800481c   Section        0  abz_encoder.o(i.abz_calc_delta)
    abz_calc_delta                           0x0800481d   Thumb Code    26  abz_encoder.o(i.abz_calc_delta)
    i.abz_encoder_consume_index              0x08004838   Section        0  abz_encoder.o(i.abz_encoder_consume_index)
    i.abz_encoder_force_zero                 0x08004858   Section        0  abz_encoder.o(i.abz_encoder_force_zero)
    i.abz_encoder_init                       0x08004868   Section        0  abz_encoder.o(i.abz_encoder_init)
    i.abz_encoder_on_index                   0x080048cc   Section        0  abz_encoder.o(i.abz_encoder_on_index)
    i.abz_encoder_set_zero_on_index          0x080048e8   Section        0  abz_encoder.o(i.abz_encoder_set_zero_on_index)
    i.abz_encoder_update                     0x080048f8   Section        0  abz_encoder.o(i.abz_encoder_update)
    i.abz_wrap_position                      0x08004a4c   Section        0  abz_encoder.o(i.abz_wrap_position)
    abz_wrap_position                        0x08004a4d   Thumb Code    20  abz_encoder.o(i.abz_wrap_position)
    i.arm_cos_f32                            0x08004a60   Section        0  fastmathfunctions.o(i.arm_cos_f32)
    i.arm_sin_f32                            0x08004ae4   Section        0  fastmathfunctions.o(i.arm_sin_f32)
    i.current_shunt_adc_irq                  0x08004b64   Section        0  current_shunt.o(i.current_shunt_adc_irq)
    i.current_shunt_calibrate                0x08004cf0   Section        0  current_shunt.o(i.current_shunt_calibrate)
    i.current_shunt_enable_adc               0x08004d6c   Section        0  current_shunt.o(i.current_shunt_enable_adc)
    current_shunt_enable_adc                 0x08004d6d   Thumb Code   154  current_shunt.o(i.current_shunt_enable_adc)
    i.current_shunt_fail                     0x08004e14   Section        0  current_shunt.o(i.current_shunt_fail)
    current_shunt_fail                       0x08004e15   Thumb Code    56  current_shunt.o(i.current_shunt_fail)
    i.current_shunt_get_currents             0x08004e5c   Section        0  current_shunt.o(i.current_shunt_get_currents)
    i.current_shunt_init                     0x08004e84   Section        0  current_shunt.o(i.current_shunt_init)
    i.current_shunt_is_ready                 0x08004fb8   Section        0  current_shunt.o(i.current_shunt_is_ready)
    i.current_shunt_jsqr                     0x08004fc4   Section        0  current_shunt.o(i.current_shunt_jsqr)
    current_shunt_jsqr                       0x08004fc5   Thumb Code    16  current_shunt.o(i.current_shunt_jsqr)
    i.current_shunt_prepare_pwm              0x08004fd4   Section        0  current_shunt.o(i.current_shunt_prepare_pwm)
    i.current_shunt_reconstruct              0x0800508c   Section        0  current_shunt.o(i.current_shunt_reconstruct)
    current_shunt_reconstruct                0x0800508d   Thumb Code   214  current_shunt.o(i.current_shunt_reconstruct)
    i.current_shunt_snapshot                 0x0800516c   Section        0  current_shunt.o(i.current_shunt_snapshot)
    current_shunt_snapshot                   0x0800516d   Thumb Code    70  current_shunt.o(i.current_shunt_snapshot)
    i.current_shunt_tim_update_irq           0x080051c0   Section        0  current_shunt.o(i.current_shunt_tim_update_irq)
    i.foc_calib_abort                        0x080052c0   Section        0  foc_calib.o(i.foc_calib_abort)
    i.foc_calib_clear_pending_index          0x080052c4   Section        0  foc_calib.o(i.foc_calib_clear_pending_index)
    foc_calib_clear_pending_index            0x080052c5   Thumb Code    14  foc_calib.o(i.foc_calib_clear_pending_index)
    i.foc_calib_finish_fail                  0x080052d4   Section        0  foc_calib.o(i.foc_calib_finish_fail)
    foc_calib_finish_fail                    0x080052d5   Thumb Code    60  foc_calib.o(i.foc_calib_finish_fail)
    i.foc_calib_get_result                   0x08005324   Section        0  foc_calib.o(i.foc_calib_get_result)
    i.foc_calib_get_state                    0x0800532c   Section        0  foc_calib.o(i.foc_calib_get_state)
    i.foc_calib_is_active                    0x08005338   Section        0  foc_calib.o(i.foc_calib_is_active)
    i.foc_calib_is_valid                     0x08005364   Section        0  foc_calib.o(i.foc_calib_is_valid)
    i.foc_calib_ramp_voltage                 0x08005370   Section        0  foc_calib.o(i.foc_calib_ramp_voltage)
    foc_calib_ramp_voltage                   0x08005371   Thumb Code    32  foc_calib.o(i.foc_calib_ramp_voltage)
    i.foc_calib_start                        0x08005398   Section        0  foc_calib.o(i.foc_calib_start)
    i.foc_calib_task                         0x0800542c   Section        0  foc_calib.o(i.foc_calib_task)
    i.foc_contr_init                         0x0800560c   Section        0  foc_controller.o(i.foc_contr_init)
    i.foc_current_limit_ok                   0x08005690   Section        0  foc_controller.o(i.foc_current_limit_ok)
    foc_current_limit_ok                     0x08005691   Thumb Code   284  foc_controller.o(i.foc_current_limit_ok)
    i.foc_get_calibrated_electrical_angle    0x080057c4   Section        0  foc_controller.o(i.foc_get_calibrated_electrical_angle)
    i.foc_get_currents                       0x0800580c   Section        0  foc_config.o(i.foc_get_currents)
    i.foc_get_state                          0x08005810   Section        0  foc_app.o(i.foc_get_state)
    i.foc_init                               0x0800581c   Section        0  foc_app.o(i.foc_init)
    i.foc_limit_voltage                      0x0800588c   Section        0  foc_controller.o(i.foc_limit_voltage)
    foc_limit_voltage                        0x0800588d   Thumb Code    36  foc_controller.o(i.foc_limit_voltage)
    i.foc_log_monitor_init                   0x080058c0   Section        0  foc_config.o(i.foc_log_monitor_init)
    i.foc_motor_init                         0x080058f0   Section        0  foc_config.o(i.foc_motor_init)
    i.foc_openloop_hold                      0x08005948   Section        0  foc_controller.o(i.foc_openloop_hold)
    i.foc_openloop_spin                      0x0800599c   Section        0  foc_controller.o(i.foc_openloop_spin)
    i.foc_pwm_bootstrap_start                0x080059c4   Section        0  foc_config.o(i.foc_pwm_bootstrap_start)
    i.foc_pwm_disable                        0x08005a20   Section        0  foc_config.o(i.foc_pwm_disable)
    i.foc_pwm_enable                         0x08005a60   Section        0  foc_config.o(i.foc_pwm_enable)
    i.foc_pwm_set_low_sides_now              0x08005abc   Section        0  foc_config.o(i.foc_pwm_set_low_sides_now)
    foc_pwm_set_low_sides_now                0x08005abd   Thumb Code    58  foc_config.o(i.foc_pwm_set_low_sides_now)
    i.foc_pwm_set_neutral_now                0x08005afc   Section        0  foc_config.o(i.foc_pwm_set_neutral_now)
    foc_pwm_set_neutral_now                  0x08005afd   Thumb Code    60  foc_config.o(i.foc_pwm_set_neutral_now)
    i.foc_safety_latch_fault                 0x08005b3c   Section        0  foc_controller.o(i.foc_safety_latch_fault)
    i.foc_set_angle_source                   0x08005b54   Section        0  foc_controller.o(i.foc_set_angle_source)
    i.foc_set_dq_voltage                     0x08005b60   Section        0  foc_controller.o(i.foc_set_dq_voltage)
    i.foc_set_pwm                            0x08005b8c   Section        0  foc_config.o(i.foc_set_pwm)
    i.foc_set_speed_rpm                      0x08005bd0   Section        0  foc_controller.o(i.foc_set_speed_rpm)
    i.foc_set_state                          0x08005c08   Section        0  foc_app.o(i.foc_set_state)
    i.foc_svpwm_sector                       0x08005c18   Section        0  foc_math.o(i.foc_svpwm_sector)
    foc_svpwm_sector                         0x08005c19   Thumb Code   132  foc_math.o(i.foc_svpwm_sector)
    i.foc_tim_irq                            0x08005ca4   Section        0  foc_controller.o(i.foc_tim_irq)
    i.foc_timer_init                         0x08005d6c   Section        0  foc_config.o(i.foc_timer_init)
    i.foc_vf_set_voltage                     0x08005e24   Section        0  foc_controller.o(i.foc_vf_set_voltage)
    i.fputc                                  0x08005e38   Section        0  main.o(i.fputc)
    i.inverse_park_transform                 0x08005e50   Section        0  foc_math.o(i.inverse_park_transform)
    i.limit_angle_rad                        0x08005e94   Section        0  foc_math.o(i.limit_angle_rad)
    i.main                                   0x08005ec0   Section        0  main.o(i.main)
    i.svpwm_calc                             0x08006040   Section        0  foc_math.o(i.svpwm_calc)
    i.system_fault_capture                   0x080061ac   Section        0  main.o(i.system_fault_capture)
    i.system_fault_diag_boot_init            0x0800622c   Section        0  main.o(i.system_fault_diag_boot_init)
    i.system_power_checkpoint                0x080063dc   Section        0  main.o(i.system_power_checkpoint)
    .constdata                               0x080064e8   Section       24  stm32g4xx_hal_uart.o(.constdata)
    .constdata                               0x08006500   Section       16  stm32g4xx_hal_uart_ex.o(.constdata)
    numerator                                0x08006500   Data           8  stm32g4xx_hal_uart_ex.o(.constdata)
    denominator                              0x08006508   Data           8  stm32g4xx_hal_uart_ex.o(.constdata)
    .constdata                               0x08006510   Section       16  system_stm32g4xx.o(.constdata)
    .constdata                               0x08006520   Section        8  system_stm32g4xx.o(.constdata)
    .constdata                               0x08006528   Section     2052  commontables.o(.constdata)
    .data                                    0x20000000   Section       52  vofa.o(.data)
    .data                                    0x20000034   Section       20  main.o(.data)
    system_backup_access_ready               0x20000035   Data           1  main.o(.data)
    last_press_time                          0x20000044   Data           4  main.o(.data)
    .data                                    0x20000048   Section        4  stm32g4xx_hal_msp.o(.data)
    HAL_RCC_ADC12_CLK_ENABLED                0x20000048   Data           4  stm32g4xx_hal_msp.o(.data)
    .data                                    0x2000004c   Section       12  stm32g4xx_hal.o(.data)
    .data                                    0x20000058   Section        4  system_stm32g4xx.o(.data)
    .data                                    0x2000005c   Section       12  foc_controller.o(.data)
    angle_source                             0x2000005c   Data           1  foc_controller.o(.data)
    vofa_sample_counter                      0x2000005e   Data           2  foc_controller.o(.data)
    .data                                    0x20000068   Section        2  foc_config.o(.data)
    .data                                    0x2000006a   Section        3  foc_app.o(.data)
    app_state                                0x2000006b   Data           2  foc_app.o(.data)
    .data                                    0x20000070   Section       16  foc_calib.o(.data)
    calib_state_tick                         0x2000007c   Data           4  foc_calib.o(.data)
    .data                                    0x20000080   Section       28  current_shunt.o(.data)
    pending_pair                             0x20000080   Data           1  current_shunt.o(.data)
    active_pair                              0x20000081   Data           1  current_shunt.o(.data)
    contexts_armed                           0x20000082   Data           1  current_shunt.o(.data)
    initialized                              0x20000083   Data           1  current_shunt.o(.data)
    ready                                    0x20000084   Data           1  current_shunt.o(.data)
    pending_trigger_edge                     0x20000088   Data           4  current_shunt.o(.data)
    offset_sum_u                             0x2000008c   Data           4  current_shunt.o(.data)
    offset_sum_v                             0x20000090   Data           4  current_shunt.o(.data)
    offset_sum_w                             0x20000094   Data           4  current_shunt.o(.data)
    offset_sample_count                      0x20000098   Data           4  current_shunt.o(.data)
    .data                                    0x2000009c   Section        4  stdout.o(.data)
    .data                                    0x200000a0   Section        4  errno.o(.data)
    _errno                                   0x200000a0   Data           4  errno.o(.data)
    .bss                                     0x200000a4   Section      848  main.o(.bss)
    .bss                                     0x200003f4   Section       96  main.o(.bss)
    .bss                                     0x20000454   Section       96  main.o(.bss)
    .bss                                     0x200004b4   Section       80  foc_controller.o(.bss)
    .bss                                     0x20000504   Section       52  foc_config.o(.bss)
    .bss                                     0x20000538   Section       16  foc_calib.o(.bss)
    calib_result                             0x20000538   Data          16  foc_calib.o(.bss)
    .bss                                     0x20000548   Section       60  abz_encoder.o(.bss)
    enc                                      0x20000548   Data          60  abz_encoder.o(.bss)
    .bss                                     0x20000584   Section       80  current_shunt.o(.bss)
    STACK                                    0x200005d8   Section     1024  startup_stm32g431xx.o(STACK)

    Global Symbols

    Symbol Name                              Value     Ov Type        Size  Object(Section)

    BuildAttributes$$THM_ISAv4$E$P$D$K$B$S$7EM$VFPi3$EXTD16$VFPS$VFMA$PE$A:L22UL41UL21$X:L11$S22US41US21$IEEE1$IW$USESV6$~STKCKD$USESV7$~SHL$OTIME$ROPI$IEEEX$EBA8$MICROLIB$REQ8$PRES8$EABIv2 0x00000000   Number         0  anon$$obj.o ABSOLUTE
    __ARM_use_no_argv                        0x00000000   Number         0  main.o ABSOLUTE
    _printf_a                                0x00000000   Number         0  stubs.o ABSOLUTE
    _printf_c                                0x00000000   Number         0  stubs.o ABSOLUTE
    _printf_charcount                        0x00000000   Number         0  stubs.o ABSOLUTE
    _printf_d                                0x00000000   Number         0  stubs.o ABSOLUTE
    _printf_e                                0x00000000   Number         0  stubs.o ABSOLUTE
    _printf_f                                0x00000000   Number         0  stubs.o ABSOLUTE
    _printf_flags                            0x00000000   Number         0  stubs.o ABSOLUTE
    _printf_fp_dec                           0x00000000   Number         0  stubs.o ABSOLUTE
    _printf_fp_hex                           0x00000000   Number         0  stubs.o ABSOLUTE
    _printf_g                                0x00000000   Number         0  stubs.o ABSOLUTE
    _printf_i                                0x00000000   Number         0  stubs.o ABSOLUTE
    _printf_int_dec                          0x00000000   Number         0  stubs.o ABSOLUTE
    _printf_l                                0x00000000   Number         0  stubs.o ABSOLUTE
    _printf_lc                               0x00000000   Number         0  stubs.o ABSOLUTE
    _printf_ll                               0x00000000   Number         0  stubs.o ABSOLUTE
    _printf_lld                              0x00000000   Number         0  stubs.o ABSOLUTE
    _printf_lli                              0x00000000   Number         0  stubs.o ABSOLUTE
    _printf_llo                              0x00000000   Number         0  stubs.o ABSOLUTE
    _printf_llu                              0x00000000   Number         0  stubs.o ABSOLUTE
    _printf_llx                              0x00000000   Number         0  stubs.o ABSOLUTE
    _printf_longlong_dec                     0x00000000   Number         0  stubs.o ABSOLUTE
    _printf_longlong_hex                     0x00000000   Number         0  stubs.o ABSOLUTE
    _printf_longlong_oct                     0x00000000   Number         0  stubs.o ABSOLUTE
    _printf_ls                               0x00000000   Number         0  stubs.o ABSOLUTE
    _printf_mbtowc                           0x00000000   Number         0  stubs.o ABSOLUTE
    _printf_n                                0x00000000   Number         0  stubs.o ABSOLUTE
    _printf_o                                0x00000000   Number         0  stubs.o ABSOLUTE
    _printf_p                                0x00000000   Number         0  stubs.o ABSOLUTE
    _printf_percent                          0x00000000   Number         0  stubs.o ABSOLUTE
    _printf_pre_padding                      0x00000000   Number         0  stubs.o ABSOLUTE
    _printf_return_value                     0x00000000   Number         0  stubs.o ABSOLUTE
    _printf_s                                0x00000000   Number         0  stubs.o ABSOLUTE
    _printf_sizespec                         0x00000000   Number         0  stubs.o ABSOLUTE
    _printf_str                              0x00000000   Number         0  stubs.o ABSOLUTE
    _printf_truncate_signed                  0x00000000   Number         0  stubs.o ABSOLUTE
    _printf_truncate_unsigned                0x00000000   Number         0  stubs.o ABSOLUTE
    _printf_u                                0x00000000   Number         0  stubs.o ABSOLUTE
    _printf_wc                               0x00000000   Number         0  stubs.o ABSOLUTE
    _printf_wctomb                           0x00000000   Number         0  stubs.o ABSOLUTE
    _printf_widthprec                        0x00000000   Number         0  stubs.o ABSOLUTE
    _printf_x                                0x00000000   Number         0  stubs.o ABSOLUTE
    __cpp_initialize__aeabi_                  - Undefined Weak Reference
    __cxa_finalize                            - Undefined Weak Reference
    __decompress                              - Undefined Weak Reference
    _clock_init                               - Undefined Weak Reference
    _microlib_exit                            - Undefined Weak Reference
    __Vectors_Size                           0x000001d8   Number         0  startup_stm32g431xx.o ABSOLUTE
    __Vectors                                0x08000000   Data           4  startup_stm32g431xx.o(RESET)
    __Vectors_End                            0x080001d8   Data           0  startup_stm32g431xx.o(RESET)
    __main                                   0x080001d9   Thumb Code     0  entry.o(.ARM.Collect$$$$00000000)
    _main_stk                                0x080001d9   Thumb Code     0  entry2.o(.ARM.Collect$$$$00000001)
    _main_scatterload                        0x080001dd   Thumb Code     0  entry5.o(.ARM.Collect$$$$00000004)
    __main_after_scatterload                 0x080001e1   Thumb Code     0  entry5.o(.ARM.Collect$$$$00000004)
    _main_clock                              0x080001e1   Thumb Code     0  entry7b.o(.ARM.Collect$$$$00000008)
    _main_cpp_init                           0x080001e1   Thumb Code     0  entry8b.o(.ARM.Collect$$$$0000000A)
    _main_init                               0x080001e1   Thumb Code     0  entry9a.o(.ARM.Collect$$$$0000000B)
    __rt_final_cpp                           0x080001e9   Thumb Code     0  entry10a.o(.ARM.Collect$$$$0000000D)
    __rt_final_exit                          0x080001e9   Thumb Code     0  entry11a.o(.ARM.Collect$$$$0000000F)
    Reset_Handler                            0x080001ed   Thumb Code     8  startup_stm32g431xx.o(.text)
    COMP1_2_3_IRQHandler                     0x08000207   Thumb Code     0  startup_stm32g431xx.o(.text)
    COMP4_IRQHandler                         0x08000207   Thumb Code     0  startup_stm32g431xx.o(.text)
    CORDIC_IRQHandler                        0x08000207   Thumb Code     0  startup_stm32g431xx.o(.text)
    CRS_IRQHandler                           0x08000207   Thumb Code     0  startup_stm32g431xx.o(.text)
    DMA1_Channel3_IRQHandler                 0x08000207   Thumb Code     0  startup_stm32g431xx.o(.text)
    DMA1_Channel4_IRQHandler                 0x08000207   Thumb Code     0  startup_stm32g431xx.o(.text)
    DMA1_Channel5_IRQHandler                 0x08000207   Thumb Code     0  startup_stm32g431xx.o(.text)
    DMA1_Channel6_IRQHandler                 0x08000207   Thumb Code     0  startup_stm32g431xx.o(.text)
    DMA2_Channel1_IRQHandler                 0x08000207   Thumb Code     0  startup_stm32g431xx.o(.text)
    DMA2_Channel2_IRQHandler                 0x08000207   Thumb Code     0  startup_stm32g431xx.o(.text)
    DMA2_Channel3_IRQHandler                 0x08000207   Thumb Code     0  startup_stm32g431xx.o(.text)
    DMA2_Channel4_IRQHandler                 0x08000207   Thumb Code     0  startup_stm32g431xx.o(.text)
    DMA2_Channel5_IRQHandler                 0x08000207   Thumb Code     0  startup_stm32g431xx.o(.text)
    DMA2_Channel6_IRQHandler                 0x08000207   Thumb Code     0  startup_stm32g431xx.o(.text)
    DMAMUX_OVR_IRQHandler                    0x08000207   Thumb Code     0  startup_stm32g431xx.o(.text)
    EXTI0_IRQHandler                         0x08000207   Thumb Code     0  startup_stm32g431xx.o(.text)
    EXTI1_IRQHandler                         0x08000207   Thumb Code     0  startup_stm32g431xx.o(.text)
    EXTI2_IRQHandler                         0x08000207   Thumb Code     0  startup_stm32g431xx.o(.text)
    EXTI3_IRQHandler                         0x08000207   Thumb Code     0  startup_stm32g431xx.o(.text)
    EXTI4_IRQHandler                         0x08000207   Thumb Code     0  startup_stm32g431xx.o(.text)
    FDCAN1_IT0_IRQHandler                    0x08000207   Thumb Code     0  startup_stm32g431xx.o(.text)
    FDCAN1_IT1_IRQHandler                    0x08000207   Thumb Code     0  startup_stm32g431xx.o(.text)
    FLASH_IRQHandler                         0x08000207   Thumb Code     0  startup_stm32g431xx.o(.text)
    FMAC_IRQHandler                          0x08000207   Thumb Code     0  startup_stm32g431xx.o(.text)
    FPU_IRQHandler                           0x08000207   Thumb Code     0  startup_stm32g431xx.o(.text)
    I2C1_ER_IRQHandler                       0x08000207   Thumb Code     0  startup_stm32g431xx.o(.text)
    I2C1_EV_IRQHandler                       0x08000207   Thumb Code     0  startup_stm32g431xx.o(.text)
    I2C2_ER_IRQHandler                       0x08000207   Thumb Code     0  startup_stm32g431xx.o(.text)
    I2C2_EV_IRQHandler                       0x08000207   Thumb Code     0  startup_stm32g431xx.o(.text)
    I2C3_ER_IRQHandler                       0x08000207   Thumb Code     0  startup_stm32g431xx.o(.text)
    I2C3_EV_IRQHandler                       0x08000207   Thumb Code     0  startup_stm32g431xx.o(.text)
    LPTIM1_IRQHandler                        0x08000207   Thumb Code     0  startup_stm32g431xx.o(.text)
    LPUART1_IRQHandler                       0x08000207   Thumb Code     0  startup_stm32g431xx.o(.text)
    PVD_PVM_IRQHandler                       0x08000207   Thumb Code     0  startup_stm32g431xx.o(.text)
    RCC_IRQHandler                           0x08000207   Thumb Code     0  startup_stm32g431xx.o(.text)
    RNG_IRQHandler                           0x08000207   Thumb Code     0  startup_stm32g431xx.o(.text)
    RTC_Alarm_IRQHandler                     0x08000207   Thumb Code     0  startup_stm32g431xx.o(.text)
    RTC_TAMP_LSECSS_IRQHandler               0x08000207   Thumb Code     0  startup_stm32g431xx.o(.text)
    RTC_WKUP_IRQHandler                      0x08000207   Thumb Code     0  startup_stm32g431xx.o(.text)
    SAI1_IRQHandler                          0x08000207   Thumb Code     0  startup_stm32g431xx.o(.text)
    SPI1_IRQHandler                          0x08000207   Thumb Code     0  startup_stm32g431xx.o(.text)
    SPI2_IRQHandler                          0x08000207   Thumb Code     0  startup_stm32g431xx.o(.text)
    SPI3_IRQHandler                          0x08000207   Thumb Code     0  startup_stm32g431xx.o(.text)
    TIM1_BRK_TIM15_IRQHandler                0x08000207   Thumb Code     0  startup_stm32g431xx.o(.text)
    TIM1_CC_IRQHandler                       0x08000207   Thumb Code     0  startup_stm32g431xx.o(.text)
    TIM1_TRG_COM_TIM17_IRQHandler            0x08000207   Thumb Code     0  startup_stm32g431xx.o(.text)
    TIM2_IRQHandler                          0x08000207   Thumb Code     0  startup_stm32g431xx.o(.text)
    TIM3_IRQHandler                          0x08000207   Thumb Code     0  startup_stm32g431xx.o(.text)
    TIM4_IRQHandler                          0x08000207   Thumb Code     0  startup_stm32g431xx.o(.text)
    TIM6_DAC_IRQHandler                      0x08000207   Thumb Code     0  startup_stm32g431xx.o(.text)
    TIM7_IRQHandler                          0x08000207   Thumb Code     0  startup_stm32g431xx.o(.text)
    TIM8_BRK_IRQHandler                      0x08000207   Thumb Code     0  startup_stm32g431xx.o(.text)
    TIM8_CC_IRQHandler                       0x08000207   Thumb Code     0  startup_stm32g431xx.o(.text)
    TIM8_TRG_COM_IRQHandler                  0x08000207   Thumb Code     0  startup_stm32g431xx.o(.text)
    TIM8_UP_IRQHandler                       0x08000207   Thumb Code     0  startup_stm32g431xx.o(.text)
    UART4_IRQHandler                         0x08000207   Thumb Code     0  startup_stm32g431xx.o(.text)
    UCPD1_IRQHandler                         0x08000207   Thumb Code     0  startup_stm32g431xx.o(.text)
    USART1_IRQHandler                        0x08000207   Thumb Code     0  startup_stm32g431xx.o(.text)
    USART3_IRQHandler                        0x08000207   Thumb Code     0  startup_stm32g431xx.o(.text)
    USBWakeUp_IRQHandler                     0x08000207   Thumb Code     0  startup_stm32g431xx.o(.text)
    USB_HP_IRQHandler                        0x08000207   Thumb Code     0  startup_stm32g431xx.o(.text)
    USB_LP_IRQHandler                        0x08000207   Thumb Code     0  startup_stm32g431xx.o(.text)
    WWDG_IRQHandler                          0x08000207   Thumb Code     0  startup_stm32g431xx.o(.text)
    __aeabi_uldivmod                         0x08000211   Thumb Code    98  uldiv.o(.text)
    __aeabi_llsl                             0x08000273   Thumb Code    30  llshl.o(.text)
    _ll_shift_l                              0x08000273   Thumb Code     0  llshl.o(.text)
    __aeabi_memset                           0x08000291   Thumb Code    14  memseta.o(.text)
    __aeabi_memset4                          0x08000291   Thumb Code     0  memseta.o(.text)
    __aeabi_memset8                          0x08000291   Thumb Code     0  memseta.o(.text)
    __aeabi_memclr                           0x0800029f   Thumb Code     4  memseta.o(.text)
    __aeabi_memclr4                          0x0800029f   Thumb Code     0  memseta.o(.text)
    __aeabi_memclr8                          0x0800029f   Thumb Code     0  memseta.o(.text)
    _memset$wrapper                          0x080002a3   Thumb Code    18  memseta.o(.text)
    __aeabi_uidiv                            0x080002b5   Thumb Code     0  uidiv.o(.text)
    __aeabi_uidivmod                         0x080002b5   Thumb Code    44  uidiv.o(.text)
    __aeabi_llsr                             0x080002e1   Thumb Code    32  llushr.o(.text)
    _ll_ushift_r                             0x080002e1   Thumb Code     0  llushr.o(.text)
    __I$use$fp                               0x08000301   Thumb Code     0  iusefp.o(.text)
    _float_round                             0x08000301   Thumb Code    18  fepilogue.o(.text)
    _float_epilogue                          0x08000313   Thumb Code    92  fepilogue.o(.text)
    _frem                                    0x0800036f   Thumb Code    82  frem.o(.text)
    __scatterload                            0x080003c1   Thumb Code    28  init.o(.text)
    __scatterload_rt2                        0x080003c1   Thumb Code     0  init.o(.text)
    ADC1_2_IRQHandler                        0x080003e5   Thumb Code    70  stm32g4xx_it.o(i.ADC1_2_IRQHandler)
    ADC_Disable                              0x08000439   Thumb Code   106  stm32g4xx_hal_adc.o(i.ADC_Disable)
    BusFault_Handler                         0x080004a9   Thumb Code     8  stm32g4xx_it.o(i.BusFault_Handler)
    DMA1_Channel1_IRQHandler                 0x080004b1   Thumb Code     6  stm32g4xx_it.o(i.DMA1_Channel1_IRQHandler)
    DMA1_Channel2_IRQHandler                 0x080004bd   Thumb Code     6  stm32g4xx_it.o(i.DMA1_Channel2_IRQHandler)
    DebugMon_Handler                         0x0800056b   Thumb Code     2  stm32g4xx_it.o(i.DebugMon_Handler)
    EXTI15_10_IRQHandler                     0x0800056d   Thumb Code     8  stm32g4xx_it.o(i.EXTI15_10_IRQHandler)
    EXTI9_5_IRQHandler                       0x08000575   Thumb Code     8  stm32g4xx_it.o(i.EXTI9_5_IRQHandler)
    Error_Handler                            0x0800057d   Thumb Code    10  main.o(i.Error_Handler)
    HAL_ADCEx_Calibration_Start              0x08000589   Thumb Code   138  stm32g4xx_hal_adc_ex.o(i.HAL_ADCEx_Calibration_Start)
    HAL_ADCEx_EndOfSamplingCallback          0x0800061d   Thumb Code     2  stm32g4xx_hal_adc_ex.o(i.HAL_ADCEx_EndOfSamplingCallback)
    HAL_ADCEx_InjectedConfigChannel          0x08000621   Thumb Code  1264  stm32g4xx_hal_adc_ex.o(i.HAL_ADCEx_InjectedConfigChannel)
    HAL_ADCEx_InjectedConvCpltCallback       0x08000b39   Thumb Code     2  stm32g4xx_hal_adc_ex.o(i.HAL_ADCEx_InjectedConvCpltCallback)
    HAL_ADCEx_InjectedQueueOverflowCallback  0x08000b3b   Thumb Code     2  stm32g4xx_hal_adc_ex.o(i.HAL_ADCEx_InjectedQueueOverflowCallback)
    HAL_ADCEx_LevelOutOfWindow2Callback      0x08000b3d   Thumb Code     2  stm32g4xx_hal_adc_ex.o(i.HAL_ADCEx_LevelOutOfWindow2Callback)
    HAL_ADCEx_LevelOutOfWindow3Callback      0x08000b3f   Thumb Code     2  stm32g4xx_hal_adc_ex.o(i.HAL_ADCEx_LevelOutOfWindow3Callback)
    HAL_ADCEx_MultiModeConfigChannel         0x08000b41   Thumb Code   204  stm32g4xx_hal_adc_ex.o(i.HAL_ADCEx_MultiModeConfigChannel)
    HAL_ADC_ConvCpltCallback                 0x08000c15   Thumb Code     2  stm32g4xx_hal_adc.o(i.HAL_ADC_ConvCpltCallback)
    HAL_ADC_ErrorCallback                    0x08000c17   Thumb Code     2  stm32g4xx_hal_adc.o(i.HAL_ADC_ErrorCallback)
    HAL_ADC_IRQHandler                       0x08000c19   Thumb Code   612  stm32g4xx_hal_adc.o(i.HAL_ADC_IRQHandler)
    HAL_ADC_Init                             0x08000e85   Thumb Code   470  stm32g4xx_hal_adc.o(i.HAL_ADC_Init)
    HAL_ADC_LevelOutOfWindowCallback         0x0800107d   Thumb Code     2  stm32g4xx_hal_adc.o(i.HAL_ADC_LevelOutOfWindowCallback)
    HAL_ADC_MspInit                          0x08001081   Thumb Code   258  stm32g4xx_hal_msp.o(i.HAL_ADC_MspInit)
    HAL_DMA_Abort                            0x08001195   Thumb Code   106  stm32g4xx_hal_dma.o(i.HAL_DMA_Abort)
    HAL_DMA_Abort_IT                         0x080011ff   Thumb Code   120  stm32g4xx_hal_dma.o(i.HAL_DMA_Abort_IT)
    HAL_DMA_IRQHandler                       0x08001277   Thumb Code   186  stm32g4xx_hal_dma.o(i.HAL_DMA_IRQHandler)
    HAL_DMA_Init                             0x08001331   Thumb Code   178  stm32g4xx_hal_dma.o(i.HAL_DMA_Init)
    HAL_DMA_Start_IT                         0x080013f1   Thumb Code   140  stm32g4xx_hal_dma.o(i.HAL_DMA_Start_IT)
    HAL_Delay                                0x0800147d   Thumb Code    32  stm32g4xx_hal.o(i.HAL_Delay)
    HAL_GPIO_EXTI_Callback                   0x080014a1   Thumb Code   142  main.o(i.HAL_GPIO_EXTI_Callback)
    HAL_GPIO_EXTI_IRQHandler                 0x08001541   Thumb Code    18  stm32g4xx_hal_gpio.o(i.HAL_GPIO_EXTI_IRQHandler)
    HAL_GPIO_Init                            0x08001559   Thumb Code   550  stm32g4xx_hal_gpio.o(i.HAL_GPIO_Init)
    HAL_GetTick                              0x080017a1   Thumb Code     6  stm32g4xx_hal.o(i.HAL_GetTick)
    HAL_IncTick                              0x080017ad   Thumb Code    12  stm32g4xx_hal.o(i.HAL_IncTick)
    HAL_Init                                 0x080017bd   Thumb Code    30  stm32g4xx_hal.o(i.HAL_Init)
    HAL_InitTick                             0x080017dd   Thumb Code    58  stm32g4xx_hal.o(i.HAL_InitTick)
    HAL_MspInit                              0x08001821   Thumb Code    42  stm32g4xx_hal_msp.o(i.HAL_MspInit)
    HAL_NVIC_EnableIRQ                       0x08001851   Thumb Code    26  stm32g4xx_hal_cortex.o(i.HAL_NVIC_EnableIRQ)
    HAL_NVIC_SetPriority                     0x0800186d   Thumb Code    60  stm32g4xx_hal_cortex.o(i.HAL_NVIC_SetPriority)
    HAL_NVIC_SetPriorityGrouping             0x080018ad   Thumb Code    26  stm32g4xx_hal_cortex.o(i.HAL_NVIC_SetPriorityGrouping)
    HAL_OPAMP_Init                           0x080018d1   Thumb Code   236  stm32g4xx_hal_opamp.o(i.HAL_OPAMP_Init)
    HAL_OPAMP_MspInit                        0x080019c5   Thumb Code   134  stm32g4xx_hal_msp.o(i.HAL_OPAMP_MspInit)
    HAL_OPAMP_Start                          0x08001a59   Thumb Code    44  stm32g4xx_hal_opamp.o(i.HAL_OPAMP_Start)
    HAL_PWREx_ControlVoltageScaling          0x08001a85   Thumb Code   174  stm32g4xx_hal_pwr_ex.o(i.HAL_PWREx_ControlVoltageScaling)
    HAL_PWREx_DisableUCPDDeadBattery         0x08001b41   Thumb Code    12  stm32g4xx_hal_pwr_ex.o(i.HAL_PWREx_DisableUCPDDeadBattery)
    HAL_RCCEx_PeriphCLKConfig                0x08001b51   Thumb Code   638  stm32g4xx_hal_rcc_ex.o(i.HAL_RCCEx_PeriphCLKConfig)
    HAL_RCC_ClockConfig                      0x08001dd9   Thumb Code   444  stm32g4xx_hal_rcc.o(i.HAL_RCC_ClockConfig)
    HAL_RCC_GetPCLK1Freq                     0x08001fb5   Thumb Code    24  stm32g4xx_hal_rcc.o(i.HAL_RCC_GetPCLK1Freq)
    HAL_RCC_GetPCLK2Freq                     0x08001fd9   Thumb Code    24  stm32g4xx_hal_rcc.o(i.HAL_RCC_GetPCLK2Freq)
    HAL_RCC_GetSysClockFreq                  0x08001ffd   Thumb Code    98  stm32g4xx_hal_rcc.o(i.HAL_RCC_GetSysClockFreq)
    HAL_RCC_OscConfig                        0x08002069   Thumb Code  1028  stm32g4xx_hal_rcc.o(i.HAL_RCC_OscConfig)
    HAL_SYSTICK_Config                       0x0800246d   Thumb Code    40  stm32g4xx_hal_cortex.o(i.HAL_SYSTICK_Config)
    HAL_TIMEx_Break2Callback                 0x08002495   Thumb Code     2  stm32g4xx_hal_tim_ex.o(i.HAL_TIMEx_Break2Callback)
    HAL_TIMEx_BreakCallback                  0x08002497   Thumb Code     2  stm32g4xx_hal_tim_ex.o(i.HAL_TIMEx_BreakCallback)
    HAL_TIMEx_CommutCallback                 0x08002499   Thumb Code     2  stm32g4xx_hal_tim_ex.o(i.HAL_TIMEx_CommutCallback)
    HAL_TIMEx_ConfigBreakDeadTime            0x0800249d   Thumb Code   148  stm32g4xx_hal_tim_ex.o(i.HAL_TIMEx_ConfigBreakDeadTime)
    HAL_TIMEx_DirectionChangeCallback        0x08002539   Thumb Code     2  stm32g4xx_hal_tim_ex.o(i.HAL_TIMEx_DirectionChangeCallback)
    HAL_TIMEx_EncoderIndexCallback           0x0800253b   Thumb Code     2  stm32g4xx_hal_tim_ex.o(i.HAL_TIMEx_EncoderIndexCallback)
    HAL_TIMEx_IndexErrorCallback             0x0800253d   Thumb Code     2  stm32g4xx_hal_tim_ex.o(i.HAL_TIMEx_IndexErrorCallback)
    HAL_TIMEx_MasterConfigSynchronization    0x08002541   Thumb Code   132  stm32g4xx_hal_tim_ex.o(i.HAL_TIMEx_MasterConfigSynchronization)
    HAL_TIMEx_TransitionErrorCallback        0x080025dd   Thumb Code     2  stm32g4xx_hal_tim_ex.o(i.HAL_TIMEx_TransitionErrorCallback)
    HAL_TIM_Base_Init                        0x080025df   Thumb Code    98  stm32g4xx_hal_tim.o(i.HAL_TIM_Base_Init)
    HAL_TIM_Base_MspInit                     0x08002641   Thumb Code    50  stm32g4xx_hal_msp.o(i.HAL_TIM_Base_MspInit)
    HAL_TIM_ConfigClockSource                0x0800267d   Thumb Code   246  stm32g4xx_hal_tim.o(i.HAL_TIM_ConfigClockSource)
    HAL_TIM_Encoder_Init                     0x0800277d   Thumb Code   162  stm32g4xx_hal_tim.o(i.HAL_TIM_Encoder_Init)
    HAL_TIM_Encoder_MspInit                  0x08002825   Thumb Code    84  stm32g4xx_hal_msp.o(i.HAL_TIM_Encoder_MspInit)
    HAL_TIM_Encoder_Start                    0x08002885   Thumb Code   142  stm32g4xx_hal_tim.o(i.HAL_TIM_Encoder_Start)
    HAL_TIM_IC_CaptureCallback               0x08002913   Thumb Code     2  stm32g4xx_hal_tim.o(i.HAL_TIM_IC_CaptureCallback)
    HAL_TIM_IRQHandler                       0x08002915   Thumb Code   418  stm32g4xx_hal_tim.o(i.HAL_TIM_IRQHandler)
    HAL_TIM_MspPostInit                      0x08002ab9   Thumb Code   148  stm32g4xx_hal_msp.o(i.HAL_TIM_MspPostInit)
    HAL_TIM_OC_DelayElapsedCallback          0x08002b5d   Thumb Code     2  stm32g4xx_hal_tim.o(i.HAL_TIM_OC_DelayElapsedCallback)
    HAL_TIM_PWM_ConfigChannel                0x08002b5f   Thumb Code   292  stm32g4xx_hal_tim.o(i.HAL_TIM_PWM_ConfigChannel)
    HAL_TIM_PWM_Init                         0x08002c83   Thumb Code    98  stm32g4xx_hal_tim.o(i.HAL_TIM_PWM_Init)
    HAL_TIM_PWM_MspInit                      0x08002ce5   Thumb Code     2  stm32g4xx_hal_tim.o(i.HAL_TIM_PWM_MspInit)
    HAL_TIM_PWM_PulseFinishedCallback        0x08002ce7   Thumb Code     2  stm32g4xx_hal_tim.o(i.HAL_TIM_PWM_PulseFinishedCallback)
    HAL_TIM_PWM_Start                        0x08002ce9   Thumb Code   218  stm32g4xx_hal_tim.o(i.HAL_TIM_PWM_Start)
    HAL_TIM_PeriodElapsedCallback            0x08002de5   Thumb Code    14  main.o(i.HAL_TIM_PeriodElapsedCallback)
    HAL_TIM_TriggerCallback                  0x08002df9   Thumb Code     2  stm32g4xx_hal_tim.o(i.HAL_TIM_TriggerCallback)
    HAL_UARTEx_DisableFifoMode               0x08002dfb   Thumb Code    62  stm32g4xx_hal_uart_ex.o(i.HAL_UARTEx_DisableFifoMode)
    HAL_UARTEx_RxEventCallback               0x08002e39   Thumb Code     2  stm32g4xx_hal_uart.o(i.HAL_UARTEx_RxEventCallback)
    HAL_UARTEx_RxFifoFullCallback            0x08002e3b   Thumb Code     2  stm32g4xx_hal_uart_ex.o(i.HAL_UARTEx_RxFifoFullCallback)
    HAL_UARTEx_SetRxFifoThreshold            0x08002e3d   Thumb Code    76  stm32g4xx_hal_uart_ex.o(i.HAL_UARTEx_SetRxFifoThreshold)
    HAL_UARTEx_SetTxFifoThreshold            0x08002e89   Thumb Code    76  stm32g4xx_hal_uart_ex.o(i.HAL_UARTEx_SetTxFifoThreshold)
    HAL_UARTEx_TxFifoEmptyCallback           0x08002ed5   Thumb Code     2  stm32g4xx_hal_uart_ex.o(i.HAL_UARTEx_TxFifoEmptyCallback)
    HAL_UARTEx_WakeupCallback                0x08002ed7   Thumb Code     2  stm32g4xx_hal_uart_ex.o(i.HAL_UARTEx_WakeupCallback)
    HAL_UART_ErrorCallback                   0x08002ed9   Thumb Code     2  stm32g4xx_hal_uart.o(i.HAL_UART_ErrorCallback)
    HAL_UART_GetState                        0x08002edb   Thumb Code    12  stm32g4xx_hal_uart.o(i.HAL_UART_GetState)
    HAL_UART_IRQHandler                      0x08002ee9   Thumb Code   782  stm32g4xx_hal_uart.o(i.HAL_UART_IRQHandler)
    HAL_UART_Init                            0x08003205   Thumb Code   106  stm32g4xx_hal_uart.o(i.HAL_UART_Init)
    HAL_UART_MspInit                         0x08003271   Thumb Code   218  stm32g4xx_hal_msp.o(i.HAL_UART_MspInit)
    HAL_UART_Transmit                        0x08003365   Thumb Code   174  stm32g4xx_hal_uart.o(i.HAL_UART_Transmit)
    HAL_UART_Transmit_DMA                    0x08003415   Thumb Code   132  stm32g4xx_hal_uart.o(i.HAL_UART_Transmit_DMA)
    HAL_UART_TxCpltCallback                  0x080034a5   Thumb Code     2  stm32g4xx_hal_uart.o(i.HAL_UART_TxCpltCallback)
    HAL_UART_TxHalfCpltCallback              0x080034a7   Thumb Code     2  stm32g4xx_hal_uart.o(i.HAL_UART_TxHalfCpltCallback)
    HardFault_Handler                        0x080034a9   Thumb Code     8  stm32g4xx_it.o(i.HardFault_Handler)
    MemManage_Handler                        0x080039a1   Thumb Code     8  stm32g4xx_it.o(i.MemManage_Handler)
    NMI_Handler                              0x080039a9   Thumb Code     8  stm32g4xx_it.o(i.NMI_Handler)
    PendSV_Handler                           0x080039b1   Thumb Code     2  stm32g4xx_it.o(i.PendSV_Handler)
    SVC_Handler                              0x080039b3   Thumb Code     2  stm32g4xx_it.o(i.SVC_Handler)
    SysTick_Handler                          0x080039b5   Thumb Code     4  stm32g4xx_it.o(i.SysTick_Handler)
    SystemClock_Config                       0x080039b9   Thumb Code    98  main.o(i.SystemClock_Config)
    SystemInit                               0x08003a1d   Thumb Code    12  system_stm32g4xx.o(i.SystemInit)
    TIM1_UP_TIM16_IRQHandler                 0x08003a2d   Thumb Code     6  stm32g4xx_it.o(i.TIM1_UP_TIM16_IRQHandler)
    TIM_Base_SetConfig                       0x08003a39   Thumb Code   160  stm32g4xx_hal_tim.o(i.TIM_Base_SetConfig)
    TIM_CCxChannelCmd                        0x08003af5   Thumb Code    26  stm32g4xx_hal_tim.o(i.TIM_CCxChannelCmd)
    TIM_ETR_SetConfig                        0x08003b0f   Thumb Code    20  stm32g4xx_hal_tim.o(i.TIM_ETR_SetConfig)
    TIM_OC2_SetConfig                        0x08003bd5   Thumb Code   120  stm32g4xx_hal_tim.o(i.TIM_OC2_SetConfig)
    UART_AdvFeatureConfig                    0x08003ef1   Thumb Code   200  stm32g4xx_hal_uart.o(i.UART_AdvFeatureConfig)
    UART_CheckIdleState                      0x08003fb9   Thumb Code   172  stm32g4xx_hal_uart.o(i.UART_CheckIdleState)
    UART_SetConfig                           0x08004195   Thumb Code   582  stm32g4xx_hal_uart.o(i.UART_SetConfig)
    UART_WaitOnFlagUntilTimeout              0x08004409   Thumb Code   148  stm32g4xx_hal_uart.o(i.UART_WaitOnFlagUntilTimeout)
    USART2_IRQHandler                        0x0800449d   Thumb Code     6  stm32g4xx_it.o(i.USART2_IRQHandler)
    UsageFault_Handler                       0x080044a9   Thumb Code     8  stm32g4xx_it.o(i.UsageFault_Handler)
    VOFA_Task                                0x080044b1   Thumb Code   212  vofa.o(i.VOFA_Task)
    __0printf$1                              0x0800459d   Thumb Code    22  printf1.o(i.__0printf$1)
    __1printf$1                              0x0800459d   Thumb Code     0  printf1.o(i.__0printf$1)
    __2printf                                0x0800459d   Thumb Code     0  printf1.o(i.__0printf$1)
    __hardfp_fmodf                           0x080045dd   Thumb Code   176  fmodf.o(i.__hardfp_fmodf)
    __mathlib_flt_invalid                    0x0800468d   Thumb Code    10  funder.o(i.__mathlib_flt_invalid)
    __scatterload_copy                       0x0800469d   Thumb Code    14  handlers.o(i.__scatterload_copy)
    __scatterload_null                       0x080046ab   Thumb Code     2  handlers.o(i.__scatterload_null)
    __scatterload_zeroinit                   0x080046ad   Thumb Code    14  handlers.o(i.__scatterload_zeroinit)
    __set_errno                              0x080046bd   Thumb Code     6  errno.o(i.__set_errno)
    abz_encoder_consume_index                0x08004839   Thumb Code    28  abz_encoder.o(i.abz_encoder_consume_index)
    abz_encoder_force_zero                   0x08004859   Thumb Code    10  abz_encoder.o(i.abz_encoder_force_zero)
    abz_encoder_init                         0x08004869   Thumb Code    88  abz_encoder.o(i.abz_encoder_init)
    abz_encoder_on_index                     0x080048cd   Thumb Code    18  abz_encoder.o(i.abz_encoder_on_index)
    abz_encoder_set_zero_on_index            0x080048e9   Thumb Code    12  abz_encoder.o(i.abz_encoder_set_zero_on_index)
    abz_encoder_update                       0x080048f9   Thumb Code   310  abz_encoder.o(i.abz_encoder_update)
    arm_cos_f32                              0x08004a61   Thumb Code   118  fastmathfunctions.o(i.arm_cos_f32)
    arm_sin_f32                              0x08004ae5   Thumb Code   114  fastmathfunctions.o(i.arm_sin_f32)
    current_shunt_adc_irq                    0x08004b65   Thumb Code   374  current_shunt.o(i.current_shunt_adc_irq)
    current_shunt_calibrate                  0x08004cf1   Thumb Code   112  current_shunt.o(i.current_shunt_calibrate)
    current_shunt_get_currents               0x08004e5d   Thumb Code    36  current_shunt.o(i.current_shunt_get_currents)
    current_shunt_init                       0x08004e85   Thumb Code   266  current_shunt.o(i.current_shunt_init)
    current_shunt_is_ready                   0x08004fb9   Thumb Code     6  current_shunt.o(i.current_shunt_is_ready)
    current_shunt_prepare_pwm                0x08004fd5   Thumb Code   172  current_shunt.o(i.current_shunt_prepare_pwm)
    current_shunt_tim_update_irq             0x080051c1   Thumb Code   236  current_shunt.o(i.current_shunt_tim_update_irq)
    foc_calib_abort                          0x080052c1   Thumb Code     4  foc_calib.o(i.foc_calib_abort)
    foc_calib_get_result                     0x08005325   Thumb Code     4  foc_calib.o(i.foc_calib_get_result)
    foc_calib_get_state                      0x0800532d   Thumb Code     6  foc_calib.o(i.foc_calib_get_state)
    foc_calib_is_active                      0x08005339   Thumb Code    40  foc_calib.o(i.foc_calib_is_active)
    foc_calib_is_valid                       0x08005365   Thumb Code     6  foc_calib.o(i.foc_calib_is_valid)
    foc_calib_start                          0x08005399   Thumb Code   126  foc_calib.o(i.foc_calib_start)
    foc_calib_task                           0x0800542d   Thumb Code   452  foc_calib.o(i.foc_calib_task)
    foc_contr_init                           0x0800560d   Thumb Code   124  foc_controller.o(i.foc_contr_init)
    foc_get_calibrated_electrical_angle      0x080057c5   Thumb Code    62  foc_controller.o(i.foc_get_calibrated_electrical_angle)
    foc_get_currents                         0x0800580d   Thumb Code     4  foc_config.o(i.foc_get_currents)
    foc_get_state                            0x08005811   Thumb Code     6  foc_app.o(i.foc_get_state)
    foc_init                                 0x0800581d   Thumb Code    94  foc_app.o(i.foc_init)
    foc_log_monitor_init                     0x080058c1   Thumb Code    34  foc_config.o(i.foc_log_monitor_init)
    foc_motor_init                           0x080058f1   Thumb Code    60  foc_config.o(i.foc_motor_init)
    foc_openloop_hold                        0x08005949   Thumb Code    70  foc_controller.o(i.foc_openloop_hold)
    foc_openloop_spin                        0x0800599d   Thumb Code    36  foc_controller.o(i.foc_openloop_spin)
    foc_pwm_bootstrap_start                  0x080059c5   Thumb Code    74  foc_config.o(i.foc_pwm_bootstrap_start)
    foc_pwm_disable                          0x08005a21   Thumb Code    46  foc_config.o(i.foc_pwm_disable)
    foc_pwm_enable                           0x08005a61   Thumb Code    76  foc_config.o(i.foc_pwm_enable)
    foc_safety_latch_fault                   0x08005b3d   Thumb Code    20  foc_controller.o(i.foc_safety_latch_fault)
    foc_set_angle_source                     0x08005b55   Thumb Code     6  foc_controller.o(i.foc_set_angle_source)
    foc_set_dq_voltage                       0x08005b61   Thumb Code    38  foc_controller.o(i.foc_set_dq_voltage)
    foc_set_pwm                              0x08005b8d   Thumb Code    62  foc_config.o(i.foc_set_pwm)
    foc_set_speed_rpm                        0x08005bd1   Thumb Code    40  foc_controller.o(i.foc_set_speed_rpm)
    foc_set_state                            0x08005c09   Thumb Code    10  foc_app.o(i.foc_set_state)
    foc_tim_irq                              0x08005ca5   Thumb Code   186  foc_controller.o(i.foc_tim_irq)
    foc_timer_init                           0x08005d6d   Thumb Code   168  foc_config.o(i.foc_timer_init)
    foc_vf_set_voltage                       0x08005e25   Thumb Code    14  foc_controller.o(i.foc_vf_set_voltage)
    fputc                                    0x08005e39   Thumb Code    20  main.o(i.fputc)
    inverse_park_transform                   0x08005e51   Thumb Code    68  foc_math.o(i.inverse_park_transform)
    limit_angle_rad                          0x08005e95   Thumb Code    38  foc_math.o(i.limit_angle_rad)
    main                                     0x08005ec1   Thumb Code   248  main.o(i.main)
    svpwm_calc                               0x08006041   Thumb Code   332  foc_math.o(i.svpwm_calc)
    system_fault_capture                     0x080061ad   Thumb Code   112  main.o(i.system_fault_capture)
    system_fault_diag_boot_init              0x0800622d   Thumb Code   398  main.o(i.system_fault_diag_boot_init)
    system_power_checkpoint                  0x080063dd   Thumb Code   242  main.o(i.system_power_checkpoint)
    UARTPrescTable                           0x080064e8   Data          24  stm32g4xx_hal_uart.o(.constdata)
    AHBPrescTable                            0x08006510   Data          16  system_stm32g4xx.o(.constdata)
    APBPrescTable                            0x08006520   Data           8  system_stm32g4xx.o(.constdata)
    sinTable_f32                             0x08006528   Data        2052  commontables.o(.constdata)
    Region$$Table$$Base                      0x08006d2c   Number         0  anon$$obj.o(Region$$Table)
    Region$$Table$$Limit                     0x08006d4c   Number         0  anon$$obj.o(Region$$Table)
    VOFA_Handle                              0x20000000   Data          52  vofa.o(.data)
    g_startup_require_encoder_calibration    0x20000034   Data           1  main.o(.data)
    g_target_voltage                         0x20000038   Data           4  main.o(.data)
    g_target_speed_rpm                       0x2000003c   Data           4  main.o(.data)
    g_abz_z_irq_count                        0x20000040   Data           4  main.o(.data)
    uwTickPrio                               0x2000004c   Data           4  stm32g4xx_hal.o(.data)
    uwTickFreq                               0x20000050   Data           4  stm32g4xx_hal.o(.data)
    uwTick                                   0x20000054   Data           4  stm32g4xx_hal.o(.data)
    SystemCoreClock                          0x20000058   Data           4  system_stm32g4xx.o(.data)
    foc_feedback                             0x20000060   Data           8  foc_controller.o(.data)
    g_foc_pwm_enabled                        0x20000068   Data           1  foc_config.o(.data)
    g_foc_pwm_stage                          0x20000069   Data           1  foc_config.o(.data)
    g_foc_state_diag                         0x2000006a   Data           1  foc_app.o(.data)
    g_foc_calib_state                        0x20000070   Data           1  foc_calib.o(.data)
    g_foc_calib_align_voltage                0x20000074   Data           4  foc_calib.o(.data)
    g_foc_calib_search_voltage               0x20000078   Data           4  foc_calib.o(.data)
    __stdout                                 0x2000009c   Data           4  stdout.o(.data)
    g_system_fault_diag                      0x200000a4   Data         152  main.o(.bss)
    hadc1                                    0x2000013c   Data         108  main.o(.bss)
    hadc2                                    0x200001a8   Data         108  main.o(.bss)
    hopamp1                                  0x20000214   Data          60  main.o(.bss)
    hopamp2                                  0x20000250   Data          60  main.o(.bss)
    hopamp3                                  0x2000028c   Data          60  main.o(.bss)
    htim1                                    0x200002c8   Data          76  main.o(.bss)
    htim4                                    0x20000314   Data          76  main.o(.bss)
    huart2                                   0x20000360   Data         148  main.o(.bss)
    hdma_usart2_tx                           0x200003f4   Data          96  main.o(.bss)
    hdma_usart2_rx                           0x20000454   Data          96  main.o(.bss)
    vf                                       0x200004b4   Data          36  foc_controller.o(.bss)
    g_foc_safety_diag                        0x200004d8   Data          44  foc_controller.o(.bss)
    foc_motor_info                           0x20000504   Data          28  foc_config.o(.bss)
    foc_log_monitor                          0x20000520   Data          24  foc_config.o(.bss)
    g_current_shunt_diag                     0x20000584   Data          80  current_shunt.o(.bss)
    __initial_sp                             0x200009d8   Data           0  startup_stm32g431xx.o(STACK)



==============================================================================

Memory Map of the image

  Image Entry point : 0x080001d9

  Load Region LR_IROM1 (Base: 0x08000000, Size: 0x00006df0, Max: 0x00020000, ABSOLUTE)

    Execution Region ER_IROM1 (Exec base: 0x08000000, Load base: 0x08000000, Size: 0x00006d4c, Max: 0x00020000, ABSOLUTE)

    Exec Addr    Load Addr    Size         Type   Attr      Idx    E Section Name        Object

    0x08000000   0x08000000   0x000001d8   Data   RO            3    RESET               startup_stm32g431xx.o
    0x080001d8   0x080001d8   0x00000000   Code   RO        11772  * .ARM.Collect$$$$00000000  mc_w.l(entry.o)
    0x080001d8   0x080001d8   0x00000004   Code   RO        12128    .ARM.Collect$$$$00000001  mc_w.l(entry2.o)
    0x080001dc   0x080001dc   0x00000004   Code   RO        12131    .ARM.Collect$$$$00000004  mc_w.l(entry5.o)
    0x080001e0   0x080001e0   0x00000000   Code   RO        12133    .ARM.Collect$$$$00000008  mc_w.l(entry7b.o)
    0x080001e0   0x080001e0   0x00000000   Code   RO        12135    .ARM.Collect$$$$0000000A  mc_w.l(entry8b.o)
    0x080001e0   0x080001e0   0x00000008   Code   RO        12136    .ARM.Collect$$$$0000000B  mc_w.l(entry9a.o)
    0x080001e8   0x080001e8   0x00000000   Code   RO        12138    .ARM.Collect$$$$0000000D  mc_w.l(entry10a.o)
    0x080001e8   0x080001e8   0x00000000   Code   RO        12140    .ARM.Collect$$$$0000000F  mc_w.l(entry11a.o)
    0x080001e8   0x080001e8   0x00000004   Code   RO        12129    .ARM.Collect$$$$00002712  mc_w.l(entry2.o)
    0x080001ec   0x080001ec   0x00000024   Code   RO            4    .text               startup_stm32g431xx.o
    0x08000210   0x08000210   0x00000062   Code   RO        11775    .text               mc_w.l(uldiv.o)
    0x08000272   0x08000272   0x0000001e   Code   RO        11779    .text               mc_w.l(llshl.o)
    0x08000290   0x08000290   0x00000024   Code   RO        11785    .text               mc_w.l(memseta.o)
    0x080002b4   0x080002b4   0x0000002c   Code   RO        12143    .text               mc_w.l(uidiv.o)
    0x080002e0   0x080002e0   0x00000020   Code   RO        12145    .text               mc_w.l(llushr.o)
    0x08000300   0x08000300   0x00000000   Code   RO        12154    .text               mc_w.l(iusefp.o)
    0x08000300   0x08000300   0x0000006e   Code   RO        12155    .text               mf_w.l(fepilogue.o)
    0x0800036e   0x0800036e   0x00000052   Code   RO        12157    .text               mf_w.l(frem.o)
    0x080003c0   0x080003c0   0x00000024   Code   RO        12167    .text               mc_w.l(init.o)
    0x080003e4   0x080003e4   0x00000054   Code   RO          425    i.ADC1_2_IRQHandler  stm32g4xx_it.o
    0x08000438   0x08000438   0x00000070   Code   RO          651    i.ADC_Disable       stm32g4xx_hal_adc.o
    0x080004a8   0x080004a8   0x00000008   Code   RO          426    i.BusFault_Handler  stm32g4xx_it.o
    0x080004b0   0x080004b0   0x0000000c   Code   RO          427    i.DMA1_Channel1_IRQHandler  stm32g4xx_it.o
    0x080004bc   0x080004bc   0x0000000c   Code   RO          428    i.DMA1_Channel2_IRQHandler  stm32g4xx_it.o
    0x080004c8   0x080004c8   0x00000040   Code   RO         1945    i.DMA_CalcDMAMUXChannelBaseAndMask  stm32g4xx_hal_dma.o
    0x08000508   0x08000508   0x00000024   Code   RO         1946    i.DMA_CalcDMAMUXRequestGenBaseAndMask  stm32g4xx_hal_dma.o
    0x0800052c   0x0800052c   0x0000003e   Code   RO         1947    i.DMA_SetConfig     stm32g4xx_hal_dma.o
    0x0800056a   0x0800056a   0x00000002   Code   RO          429    i.DebugMon_Handler  stm32g4xx_it.o
    0x0800056c   0x0800056c   0x00000008   Code   RO          430    i.EXTI15_10_IRQHandler  stm32g4xx_it.o
    0x08000574   0x08000574   0x00000008   Code   RO          431    i.EXTI9_5_IRQHandler  stm32g4xx_it.o
    0x0800057c   0x0800057c   0x0000000a   Code   RO          260    i.Error_Handler     main.o
    0x08000586   0x08000586   0x00000002   PAD
    0x08000588   0x08000588   0x00000094   Code   RO          885    i.HAL_ADCEx_Calibration_Start  stm32g4xx_hal_adc_ex.o
    0x0800061c   0x0800061c   0x00000002   Code   RO          889    i.HAL_ADCEx_EndOfSamplingCallback  stm32g4xx_hal_adc_ex.o
    0x0800061e   0x0800061e   0x00000002   PAD
    0x08000620   0x08000620   0x00000518   Code   RO          891    i.HAL_ADCEx_InjectedConfigChannel  stm32g4xx_hal_adc_ex.o
    0x08000b38   0x08000b38   0x00000002   Code   RO          892    i.HAL_ADCEx_InjectedConvCpltCallback  stm32g4xx_hal_adc_ex.o
    0x08000b3a   0x08000b3a   0x00000002   Code   RO          895    i.HAL_ADCEx_InjectedQueueOverflowCallback  stm32g4xx_hal_adc_ex.o
    0x08000b3c   0x08000b3c   0x00000002   Code   RO          900    i.HAL_ADCEx_LevelOutOfWindow2Callback  stm32g4xx_hal_adc_ex.o
    0x08000b3e   0x08000b3e   0x00000002   Code   RO          901    i.HAL_ADCEx_LevelOutOfWindow3Callback  stm32g4xx_hal_adc_ex.o
    0x08000b40   0x08000b40   0x000000d4   Code   RO          902    i.HAL_ADCEx_MultiModeConfigChannel  stm32g4xx_hal_adc_ex.o
    0x08000c14   0x08000c14   0x00000002   Code   RO          655    i.HAL_ADC_ConvCpltCallback  stm32g4xx_hal_adc.o
    0x08000c16   0x08000c16   0x00000002   Code   RO          658    i.HAL_ADC_ErrorCallback  stm32g4xx_hal_adc.o
    0x08000c18   0x08000c18   0x0000026c   Code   RO          662    i.HAL_ADC_IRQHandler  stm32g4xx_hal_adc.o
    0x08000e84   0x08000e84   0x000001f8   Code   RO          663    i.HAL_ADC_Init      stm32g4xx_hal_adc.o
    0x0800107c   0x0800107c   0x00000002   Code   RO          664    i.HAL_ADC_LevelOutOfWindowCallback  stm32g4xx_hal_adc.o
    0x0800107e   0x0800107e   0x00000002   PAD
    0x08001080   0x08001080   0x00000114   Code   RO          555    i.HAL_ADC_MspInit   stm32g4xx_hal_msp.o
    0x08001194   0x08001194   0x0000006a   Code   RO         1948    i.HAL_DMA_Abort     stm32g4xx_hal_dma.o
    0x080011fe   0x080011fe   0x00000078   Code   RO         1949    i.HAL_DMA_Abort_IT  stm32g4xx_hal_dma.o
    0x08001276   0x08001276   0x000000ba   Code   RO         1953    i.HAL_DMA_IRQHandler  stm32g4xx_hal_dma.o
    0x08001330   0x08001330   0x000000c0   Code   RO         1954    i.HAL_DMA_Init      stm32g4xx_hal_dma.o
    0x080013f0   0x080013f0   0x0000008c   Code   RO         1958    i.HAL_DMA_Start_IT  stm32g4xx_hal_dma.o
    0x0800147c   0x0800147c   0x00000024   Code   RO         1101    i.HAL_Delay         stm32g4xx_hal.o
    0x080014a0   0x080014a0   0x000000a0   Code   RO          261    i.HAL_GPIO_EXTI_Callback  main.o
    0x08001540   0x08001540   0x00000018   Code   RO         1809    i.HAL_GPIO_EXTI_IRQHandler  stm32g4xx_hal_gpio.o
    0x08001558   0x08001558   0x00000248   Code   RO         1810    i.HAL_GPIO_Init     stm32g4xx_hal_gpio.o
    0x080017a0   0x080017a0   0x0000000c   Code   RO         1105    i.HAL_GetTick       stm32g4xx_hal.o
    0x080017ac   0x080017ac   0x00000010   Code   RO         1111    i.HAL_IncTick       stm32g4xx_hal.o
    0x080017bc   0x080017bc   0x0000001e   Code   RO         1112    i.HAL_Init          stm32g4xx_hal.o
    0x080017da   0x080017da   0x00000002   PAD
    0x080017dc   0x080017dc   0x00000044   Code   RO         1113    i.HAL_InitTick      stm32g4xx_hal.o
    0x08001820   0x08001820   0x00000030   Code   RO          556    i.HAL_MspInit       stm32g4xx_hal_msp.o
    0x08001850   0x08001850   0x0000001a   Code   RO         2459    i.HAL_NVIC_EnableIRQ  stm32g4xx_hal_cortex.o
    0x0800186a   0x0800186a   0x00000002   PAD
    0x0800186c   0x0800186c   0x00000040   Code   RO         2465    i.HAL_NVIC_SetPriority  stm32g4xx_hal_cortex.o
    0x080018ac   0x080018ac   0x00000024   Code   RO         2466    i.HAL_NVIC_SetPriorityGrouping  stm32g4xx_hal_cortex.o
    0x080018d0   0x080018d0   0x000000f4   Code   RO         2602    i.HAL_OPAMP_Init    stm32g4xx_hal_opamp.o
    0x080019c4   0x080019c4   0x00000094   Code   RO          558    i.HAL_OPAMP_MspInit  stm32g4xx_hal_msp.o
    0x08001a58   0x08001a58   0x0000002c   Code   RO         2608    i.HAL_OPAMP_Start   stm32g4xx_hal_opamp.o
    0x08001a84   0x08001a84   0x000000bc   Code   RO         2213    i.HAL_PWREx_ControlVoltageScaling  stm32g4xx_hal_pwr_ex.o
    0x08001b40   0x08001b40   0x00000010   Code   RO         2225    i.HAL_PWREx_DisableUCPDDeadBattery  stm32g4xx_hal_pwr_ex.o
    0x08001b50   0x08001b50   0x00000288   Code   RO         1472    i.HAL_RCCEx_PeriphCLKConfig  stm32g4xx_hal_rcc_ex.o
    0x08001dd8   0x08001dd8   0x000001dc   Code   RO         1347    i.HAL_RCC_ClockConfig  stm32g4xx_hal_rcc.o
    0x08001fb4   0x08001fb4   0x00000024   Code   RO         1355    i.HAL_RCC_GetPCLK1Freq  stm32g4xx_hal_rcc.o
    0x08001fd8   0x08001fd8   0x00000024   Code   RO         1356    i.HAL_RCC_GetPCLK2Freq  stm32g4xx_hal_rcc.o
    0x08001ffc   0x08001ffc   0x0000006c   Code   RO         1357    i.HAL_RCC_GetSysClockFreq  stm32g4xx_hal_rcc.o
    0x08002068   0x08002068   0x00000404   Code   RO         1360    i.HAL_RCC_OscConfig  stm32g4xx_hal_rcc.o
    0x0800246c   0x0800246c   0x00000028   Code   RO         2470    i.HAL_SYSTICK_Config  stm32g4xx_hal_cortex.o
    0x08002494   0x08002494   0x00000002   Code   RO         3423    i.HAL_TIMEx_Break2Callback  stm32g4xx_hal_tim_ex.o
    0x08002496   0x08002496   0x00000002   Code   RO         3424    i.HAL_TIMEx_BreakCallback  stm32g4xx_hal_tim_ex.o
    0x08002498   0x08002498   0x00000002   Code   RO         3425    i.HAL_TIMEx_CommutCallback  stm32g4xx_hal_tim_ex.o
    0x0800249a   0x0800249a   0x00000002   PAD
    0x0800249c   0x0800249c   0x0000009c   Code   RO         3428    i.HAL_TIMEx_ConfigBreakDeadTime  stm32g4xx_hal_tim_ex.o
    0x08002538   0x08002538   0x00000002   Code   RO         3436    i.HAL_TIMEx_DirectionChangeCallback  stm32g4xx_hal_tim_ex.o
    0x0800253a   0x0800253a   0x00000002   Code   RO         3450    i.HAL_TIMEx_EncoderIndexCallback  stm32g4xx_hal_tim_ex.o
    0x0800253c   0x0800253c   0x00000002   Code   RO         3464    i.HAL_TIMEx_IndexErrorCallback  stm32g4xx_hal_tim_ex.o
    0x0800253e   0x0800253e   0x00000002   PAD
    0x08002540   0x08002540   0x0000009c   Code   RO         3465    i.HAL_TIMEx_MasterConfigSynchronization  stm32g4xx_hal_tim_ex.o
    0x080025dc   0x080025dc   0x00000002   Code   RO         3486    i.HAL_TIMEx_TransitionErrorCallback  stm32g4xx_hal_tim_ex.o
    0x080025de   0x080025de   0x00000062   Code   RO         2709    i.HAL_TIM_Base_Init  stm32g4xx_hal_tim.o
    0x08002640   0x08002640   0x0000003c   Code   RO          560    i.HAL_TIM_Base_MspInit  stm32g4xx_hal_msp.o
    0x0800267c   0x0800267c   0x00000100   Code   RO         2718    i.HAL_TIM_ConfigClockSource  stm32g4xx_hal_tim.o
    0x0800277c   0x0800277c   0x000000a8   Code   RO         2730    i.HAL_TIM_Encoder_Init  stm32g4xx_hal_tim.o
    0x08002824   0x08002824   0x00000060   Code   RO          562    i.HAL_TIM_Encoder_MspInit  stm32g4xx_hal_msp.o
    0x08002884   0x08002884   0x0000008e   Code   RO         2733    i.HAL_TIM_Encoder_Start  stm32g4xx_hal_tim.o
    0x08002912   0x08002912   0x00000002   Code   RO         2743    i.HAL_TIM_IC_CaptureCallback  stm32g4xx_hal_tim.o
    0x08002914   0x08002914   0x000001a2   Code   RO         2757    i.HAL_TIM_IRQHandler  stm32g4xx_hal_tim.o
    0x08002ab6   0x08002ab6   0x00000002   PAD
    0x08002ab8   0x08002ab8   0x000000a4   Code   RO          563    i.HAL_TIM_MspPostInit  stm32g4xx_hal_msp.o
    0x08002b5c   0x08002b5c   0x00000002   Code   RO         2760    i.HAL_TIM_OC_DelayElapsedCallback  stm32g4xx_hal_tim.o
    0x08002b5e   0x08002b5e   0x00000124   Code   RO         2781    i.HAL_TIM_PWM_ConfigChannel  stm32g4xx_hal_tim.o
    0x08002c82   0x08002c82   0x00000062   Code   RO         2784    i.HAL_TIM_PWM_Init  stm32g4xx_hal_tim.o
    0x08002ce4   0x08002ce4   0x00000002   Code   RO         2786    i.HAL_TIM_PWM_MspInit  stm32g4xx_hal_tim.o
    0x08002ce6   0x08002ce6   0x00000002   Code   RO         2787    i.HAL_TIM_PWM_PulseFinishedCallback  stm32g4xx_hal_tim.o
    0x08002ce8   0x08002ce8   0x000000fc   Code   RO         2789    i.HAL_TIM_PWM_Start  stm32g4xx_hal_tim.o
    0x08002de4   0x08002de4   0x00000014   Code   RO          262    i.HAL_TIM_PeriodElapsedCallback  main.o
    0x08002df8   0x08002df8   0x00000002   Code   RO         2800    i.HAL_TIM_TriggerCallback  stm32g4xx_hal_tim.o
    0x08002dfa   0x08002dfa   0x0000003e   Code   RO         4272    i.HAL_UARTEx_DisableFifoMode  stm32g4xx_hal_uart_ex.o
    0x08002e38   0x08002e38   0x00000002   Code   RO         3861    i.HAL_UARTEx_RxEventCallback  stm32g4xx_hal_uart.o
    0x08002e3a   0x08002e3a   0x00000002   Code   RO         4280    i.HAL_UARTEx_RxFifoFullCallback  stm32g4xx_hal_uart_ex.o
    0x08002e3c   0x08002e3c   0x0000004c   Code   RO         4281    i.HAL_UARTEx_SetRxFifoThreshold  stm32g4xx_hal_uart_ex.o
    0x08002e88   0x08002e88   0x0000004c   Code   RO         4282    i.HAL_UARTEx_SetTxFifoThreshold  stm32g4xx_hal_uart_ex.o
    0x08002ed4   0x08002ed4   0x00000002   Code   RO         4284    i.HAL_UARTEx_TxFifoEmptyCallback  stm32g4xx_hal_uart_ex.o
    0x08002ed6   0x08002ed6   0x00000002   Code   RO         4285    i.HAL_UARTEx_WakeupCallback  stm32g4xx_hal_uart_ex.o
    0x08002ed8   0x08002ed8   0x00000002   Code   RO         3877    i.HAL_UART_ErrorCallback  stm32g4xx_hal_uart.o
    0x08002eda   0x08002eda   0x0000000c   Code   RO         3879    i.HAL_UART_GetState  stm32g4xx_hal_uart.o
    0x08002ee6   0x08002ee6   0x00000002   PAD
    0x08002ee8   0x08002ee8   0x0000031c   Code   RO         3880    i.HAL_UART_IRQHandler  stm32g4xx_hal_uart.o
    0x08003204   0x08003204   0x0000006a   Code   RO         3881    i.HAL_UART_Init     stm32g4xx_hal_uart.o
    0x0800326e   0x0800326e   0x00000002   PAD
    0x08003270   0x08003270   0x000000f4   Code   RO          565    i.HAL_UART_MspInit  stm32g4xx_hal_msp.o
    0x08003364   0x08003364   0x000000ae   Code   RO         3890    i.HAL_UART_Transmit  stm32g4xx_hal_uart.o
    0x08003412   0x08003412   0x00000002   PAD
    0x08003414   0x08003414   0x00000090   Code   RO         3891    i.HAL_UART_Transmit_DMA  stm32g4xx_hal_uart.o
    0x080034a4   0x080034a4   0x00000002   Code   RO         3893    i.HAL_UART_TxCpltCallback  stm32g4xx_hal_uart.o
    0x080034a6   0x080034a6   0x00000002   Code   RO         3894    i.HAL_UART_TxHalfCpltCallback  stm32g4xx_hal_uart.o
    0x080034a8   0x080034a8   0x00000008   Code   RO          432    i.HardFault_Handler  stm32g4xx_it.o
    0x080034b0   0x080034b0   0x0000000c   Code   RO          910    i.LL_ADC_GetOffsetChannel  stm32g4xx_hal_adc_ex.o
    0x080034bc   0x080034bc   0x00000008   Code   RO          678    i.LL_ADC_INJ_IsConversionOngoing  stm32g4xx_hal_adc.o
    0x080034c4   0x080034c4   0x00000008   Code   RO          911    i.LL_ADC_INJ_IsConversionOngoing  stm32g4xx_hal_adc_ex.o
    0x080034cc   0x080034cc   0x00000008   Code   RO          679    i.LL_ADC_REG_IsConversionOngoing  stm32g4xx_hal_adc.o
    0x080034d4   0x080034d4   0x00000008   Code   RO          912    i.LL_ADC_REG_IsConversionOngoing  stm32g4xx_hal_adc_ex.o
    0x080034dc   0x080034dc   0x00000010   Code   RO          680    i.LL_ADC_REG_IsTriggerSourceSWStart  stm32g4xx_hal_adc.o
    0x080034ec   0x080034ec   0x0000001e   Code   RO          913    i.LL_ADC_SetChannelSamplingTime  stm32g4xx_hal_adc_ex.o
    0x0800350a   0x0800350a   0x00000010   Code   RO          914    i.LL_ADC_SetOffsetState  stm32g4xx_hal_adc_ex.o
    0x0800351a   0x0800351a   0x00000002   PAD
    0x0800351c   0x0800351c   0x000000b4   Code   RO          263    i.MX_ADC1_Init      main.o
    0x080035d0   0x080035d0   0x000000a4   Code   RO          264    i.MX_ADC2_Init      main.o
    0x08003674   0x08003674   0x000000b0   Code   RO          265    i.MX_GPIO_Init      main.o
    0x08003724   0x08003724   0x00000038   Code   RO          266    i.MX_OPAMP1_Init    main.o
    0x0800375c   0x0800375c   0x00000038   Code   RO          267    i.MX_OPAMP2_Init    main.o
    0x08003794   0x08003794   0x0000003c   Code   RO          268    i.MX_OPAMP3_Init    main.o
    0x080037d0   0x080037d0   0x0000010c   Code   RO          269    i.MX_TIM1_Init      main.o
    0x080038dc   0x080038dc   0x0000006c   Code   RO          270    i.MX_TIM4_Init      main.o
    0x08003948   0x08003948   0x00000058   Code   RO          271    i.MX_USART2_UART_Init  main.o
    0x080039a0   0x080039a0   0x00000008   Code   RO          433    i.MemManage_Handler  stm32g4xx_it.o
    0x080039a8   0x080039a8   0x00000008   Code   RO          434    i.NMI_Handler       stm32g4xx_it.o
    0x080039b0   0x080039b0   0x00000002   Code   RO          435    i.PendSV_Handler    stm32g4xx_it.o
    0x080039b2   0x080039b2   0x00000002   Code   RO          436    i.SVC_Handler       stm32g4xx_it.o
    0x080039b4   0x080039b4   0x00000004   Code   RO          437    i.SysTick_Handler   stm32g4xx_it.o
    0x080039b8   0x080039b8   0x00000062   Code   RO          272    i.SystemClock_Config  main.o
    0x08003a1a   0x08003a1a   0x00000002   PAD
    0x08003a1c   0x08003a1c   0x00000010   Code   RO         4391    i.SystemInit        system_stm32g4xx.o
    0x08003a2c   0x08003a2c   0x0000000c   Code   RO          438    i.TIM1_UP_TIM16_IRQHandler  stm32g4xx_it.o
    0x08003a38   0x08003a38   0x000000bc   Code   RO         2802    i.TIM_Base_SetConfig  stm32g4xx_hal_tim.o
    0x08003af4   0x08003af4   0x0000001a   Code   RO         2803    i.TIM_CCxChannelCmd  stm32g4xx_hal_tim.o
    0x08003b0e   0x08003b0e   0x00000014   Code   RO         2813    i.TIM_ETR_SetConfig  stm32g4xx_hal_tim.o
    0x08003b22   0x08003b22   0x00000002   PAD
    0x08003b24   0x08003b24   0x00000014   Code   RO         2814    i.TIM_ITRx_SetConfig  stm32g4xx_hal_tim.o
    0x08003b38   0x08003b38   0x0000009c   Code   RO         2815    i.TIM_OC1_SetConfig  stm32g4xx_hal_tim.o
    0x08003bd4   0x08003bd4   0x00000090   Code   RO         2816    i.TIM_OC2_SetConfig  stm32g4xx_hal_tim.o
    0x08003c64   0x08003c64   0x00000090   Code   RO         2817    i.TIM_OC3_SetConfig  stm32g4xx_hal_tim.o
    0x08003cf4   0x08003cf4   0x00000090   Code   RO         2818    i.TIM_OC4_SetConfig  stm32g4xx_hal_tim.o
    0x08003d84   0x08003d84   0x00000070   Code   RO         2819    i.TIM_OC5_SetConfig  stm32g4xx_hal_tim.o
    0x08003df4   0x08003df4   0x00000070   Code   RO         2820    i.TIM_OC6_SetConfig  stm32g4xx_hal_tim.o
    0x08003e64   0x08003e64   0x00000022   Code   RO         2822    i.TIM_TI1_ConfigInputStage  stm32g4xx_hal_tim.o
    0x08003e86   0x08003e86   0x00000024   Code   RO         2824    i.TIM_TI2_ConfigInputStage  stm32g4xx_hal_tim.o
    0x08003eaa   0x08003eaa   0x00000002   PAD
    0x08003eac   0x08003eac   0x00000044   Code   RO         4286    i.UARTEx_SetNbDataToProcess  stm32g4xx_hal_uart_ex.o
    0x08003ef0   0x08003ef0   0x000000c8   Code   RO         3895    i.UART_AdvFeatureConfig  stm32g4xx_hal_uart.o
    0x08003fb8   0x08003fb8   0x000000ac   Code   RO         3896    i.UART_CheckIdleState  stm32g4xx_hal_uart.o
    0x08004064   0x08004064   0x00000010   Code   RO         3897    i.UART_DMAAbortOnError  stm32g4xx_hal_uart.o
    0x08004074   0x08004074   0x00000050   Code   RO         3898    i.UART_DMAError     stm32g4xx_hal_uart.o
    0x080040c4   0x080040c4   0x00000042   Code   RO         3903    i.UART_DMATransmitCplt  stm32g4xx_hal_uart.o
    0x08004106   0x08004106   0x0000000a   Code   RO         3905    i.UART_DMATxHalfCplt  stm32g4xx_hal_uart.o
    0x08004110   0x08004110   0x00000054   Code   RO         3907    i.UART_EndRxTransfer  stm32g4xx_hal_uart.o
    0x08004164   0x08004164   0x0000002e   Code   RO         3908    i.UART_EndTxTransfer  stm32g4xx_hal_uart.o
    0x08004192   0x08004192   0x00000002   PAD
    0x08004194   0x08004194   0x00000274   Code   RO         3913    i.UART_SetConfig    stm32g4xx_hal_uart.o
    0x08004408   0x08004408   0x00000094   Code   RO         3920    i.UART_WaitOnFlagUntilTimeout  stm32g4xx_hal_uart.o
    0x0800449c   0x0800449c   0x0000000c   Code   RO          439    i.USART2_IRQHandler  stm32g4xx_it.o
    0x080044a8   0x080044a8   0x00000008   Code   RO          440    i.UsageFault_Handler  stm32g4xx_it.o
    0x080044b0   0x080044b0   0x000000ec   Code   RO           13    i.VOFA_Task         vofa.o
    0x0800459c   0x0800459c   0x00000020   Code   RO        11834    i.__0printf$1       mc_w.l(printf1.o)
    0x080045bc   0x080045bc   0x00000020   Code   RO         2472    i.__NVIC_SetPriority  stm32g4xx_hal_cortex.o
    0x080045dc   0x080045dc   0x000000b0   Code   RO        11682    i.__hardfp_fmodf    m_wm.l(fmodf.o)
    0x0800468c   0x0800468c   0x00000010   Code   RO        12100    i.__mathlib_flt_invalid  m_wm.l(funder.o)
    0x0800469c   0x0800469c   0x0000000e   Code   RO        12171    i.__scatterload_copy  mc_w.l(handlers.o)
    0x080046aa   0x080046aa   0x00000002   Code   RO        12172    i.__scatterload_null  mc_w.l(handlers.o)
    0x080046ac   0x080046ac   0x0000000e   Code   RO        12173    i.__scatterload_zeroinit  mc_w.l(handlers.o)
    0x080046ba   0x080046ba   0x00000002   PAD
    0x080046bc   0x080046bc   0x0000000c   Code   RO        12149    i.__set_errno       mc_w.l(errno.o)
    0x080046c8   0x080046c8   0x00000154   Code   RO        11841    i._printf_core      mc_w.l(printf1.o)
    0x0800481c   0x0800481c   0x0000001a   Code   RO         4916    i.abz_calc_delta    abz_encoder.o
    0x08004836   0x08004836   0x00000002   PAD
    0x08004838   0x08004838   0x00000020   Code   RO         4917    i.abz_encoder_consume_index  abz_encoder.o
    0x08004858   0x08004858   0x00000010   Code   RO         4919    i.abz_encoder_force_zero  abz_encoder.o
    0x08004868   0x08004868   0x00000064   Code   RO         4921    i.abz_encoder_init  abz_encoder.o
    0x080048cc   0x080048cc   0x0000001c   Code   RO         4923    i.abz_encoder_on_index  abz_encoder.o
    0x080048e8   0x080048e8   0x00000010   Code   RO         4925    i.abz_encoder_set_zero_on_index  abz_encoder.o
    0x080048f8   0x080048f8   0x00000154   Code   RO         4926    i.abz_encoder_update  abz_encoder.o
    0x08004a4c   0x08004a4c   0x00000014   Code   RO         4927    i.abz_wrap_position  abz_encoder.o
    0x08004a60   0x08004a60   0x00000084   Code   RO         6697    i.arm_cos_f32       fastmathfunctions.o
    0x08004ae4   0x08004ae4   0x00000080   Code   RO         6702    i.arm_sin_f32       fastmathfunctions.o
    0x08004b64   0x08004b64   0x0000018c   Code   RO         5009    i.current_shunt_adc_irq  current_shunt.o
    0x08004cf0   0x08004cf0   0x0000007c   Code   RO         5010    i.current_shunt_calibrate  current_shunt.o
    0x08004d6c   0x08004d6c   0x000000a8   Code   RO         5011    i.current_shunt_enable_adc  current_shunt.o
    0x08004e14   0x08004e14   0x00000048   Code   RO         5012    i.current_shunt_fail  current_shunt.o
    0x08004e5c   0x08004e5c   0x00000028   Code   RO         5013    i.current_shunt_get_currents  current_shunt.o
    0x08004e84   0x08004e84   0x00000134   Code   RO         5014    i.current_shunt_init  current_shunt.o
    0x08004fb8   0x08004fb8   0x0000000c   Code   RO         5015    i.current_shunt_is_ready  current_shunt.o
    0x08004fc4   0x08004fc4   0x00000010   Code   RO         5016    i.current_shunt_jsqr  current_shunt.o
    0x08004fd4   0x08004fd4   0x000000b8   Code   RO         5017    i.current_shunt_prepare_pwm  current_shunt.o
    0x0800508c   0x0800508c   0x000000e0   Code   RO         5018    i.current_shunt_reconstruct  current_shunt.o
    0x0800516c   0x0800516c   0x00000054   Code   RO         5019    i.current_shunt_snapshot  current_shunt.o
    0x080051c0   0x080051c0   0x00000100   Code   RO         5020    i.current_shunt_tim_update_irq  current_shunt.o
    0x080052c0   0x080052c0   0x00000004   Code   RO         4824    i.foc_calib_abort   foc_calib.o
    0x080052c4   0x080052c4   0x0000000e   Code   RO         4825    i.foc_calib_clear_pending_index  foc_calib.o
    0x080052d2   0x080052d2   0x00000002   PAD
    0x080052d4   0x080052d4   0x00000050   Code   RO         4826    i.foc_calib_finish_fail  foc_calib.o
    0x08005324   0x08005324   0x00000008   Code   RO         4828    i.foc_calib_get_result  foc_calib.o
    0x0800532c   0x0800532c   0x0000000c   Code   RO         4829    i.foc_calib_get_state  foc_calib.o
    0x08005338   0x08005338   0x0000002c   Code   RO         4830    i.foc_calib_is_active  foc_calib.o
    0x08005364   0x08005364   0x0000000c   Code   RO         4831    i.foc_calib_is_valid  foc_calib.o
    0x08005370   0x08005370   0x00000028   Code   RO         4832    i.foc_calib_ramp_voltage  foc_calib.o
    0x08005398   0x08005398   0x00000094   Code   RO         4833    i.foc_calib_start   foc_calib.o
    0x0800542c   0x0800542c   0x000001e0   Code   RO         4834    i.foc_calib_task    foc_calib.o
    0x0800560c   0x0800560c   0x00000084   Code   RO         4428    i.foc_contr_init    foc_controller.o
    0x08005690   0x08005690   0x00000134   Code   RO         4429    i.foc_current_limit_ok  foc_controller.o
    0x080057c4   0x080057c4   0x00000048   Code   RO         4431    i.foc_get_calibrated_electrical_angle  foc_controller.o
    0x0800580c   0x0800580c   0x00000004   Code   RO         4631    i.foc_get_currents  foc_config.o
    0x08005810   0x08005810   0x0000000c   Code   RO         4742    i.foc_get_state     foc_app.o
    0x0800581c   0x0800581c   0x00000070   Code   RO         4743    i.foc_init          foc_app.o
    0x0800588c   0x0800588c   0x00000034   Code   RO         4432    i.foc_limit_voltage  foc_controller.o
    0x080058c0   0x080058c0   0x00000030   Code   RO         4633    i.foc_log_monitor_init  foc_config.o
    0x080058f0   0x080058f0   0x00000058   Code   RO         4634    i.foc_motor_init    foc_config.o
    0x08005948   0x08005948   0x00000054   Code   RO         4433    i.foc_openloop_hold  foc_controller.o
    0x0800599c   0x0800599c   0x00000028   Code   RO         4434    i.foc_openloop_spin  foc_controller.o
    0x080059c4   0x080059c4   0x0000005c   Code   RO         4635    i.foc_pwm_bootstrap_start  foc_config.o
    0x08005a20   0x08005a20   0x00000040   Code   RO         4636    i.foc_pwm_disable   foc_config.o
    0x08005a60   0x08005a60   0x0000005c   Code   RO         4637    i.foc_pwm_enable    foc_config.o
    0x08005abc   0x08005abc   0x00000040   Code   RO         4638    i.foc_pwm_set_low_sides_now  foc_config.o
    0x08005afc   0x08005afc   0x00000040   Code   RO         4639    i.foc_pwm_set_neutral_now  foc_config.o
    0x08005b3c   0x08005b3c   0x00000018   Code   RO         4435    i.foc_safety_latch_fault  foc_controller.o
    0x08005b54   0x08005b54   0x0000000c   Code   RO         4436    i.foc_set_angle_source  foc_controller.o
    0x08005b60   0x08005b60   0x0000002c   Code   RO         4437    i.foc_set_dq_voltage  foc_controller.o
    0x08005b8c   0x08005b8c   0x00000044   Code   RO         4705    i.foc_set_pwm       foc_config.o
    0x08005bd0   0x08005bd0   0x00000038   Code   RO         4438    i.foc_set_speed_rpm  foc_controller.o
    0x08005c08   0x08005c08   0x00000010   Code   RO         4746    i.foc_set_state     foc_app.o
    0x08005c18   0x08005c18   0x0000008c   Code   RO         4558    i.foc_svpwm_sector  foc_math.o
    0x08005ca4   0x08005ca4   0x000000c8   Code   RO         4439    i.foc_tim_irq       foc_controller.o
    0x08005d6c   0x08005d6c   0x000000b8   Code   RO         4640    i.foc_timer_init    foc_config.o
    0x08005e24   0x08005e24   0x00000014   Code   RO         4440    i.foc_vf_set_voltage  foc_controller.o
    0x08005e38   0x08005e38   0x00000018   Code   RO          274    i.fputc             main.o
    0x08005e50   0x08005e50   0x00000044   Code   RO         4592    i.inverse_park_transform  foc_math.o
    0x08005e94   0x08005e94   0x0000002c   Code   RO         4598    i.limit_angle_rad   foc_math.o
    0x08005ec0   0x08005ec0   0x00000180   Code   RO          275    i.main              main.o
    0x08006040   0x08006040   0x0000016c   Code   RO         4610    i.svpwm_calc        foc_math.o
    0x080061ac   0x080061ac   0x00000080   Code   RO          276    i.system_fault_capture  main.o
    0x0800622c   0x0800622c   0x000001b0   Code   RO          277    i.system_fault_diag_boot_init  main.o
    0x080063dc   0x080063dc   0x0000010c   Code   RO          278    i.system_power_checkpoint  main.o
    0x080064e8   0x080064e8   0x00000018   Data   RO         3921    .constdata          stm32g4xx_hal_uart.o
    0x08006500   0x08006500   0x00000010   Data   RO         4287    .constdata          stm32g4xx_hal_uart_ex.o
    0x08006510   0x08006510   0x00000010   Data   RO         4392    .constdata          system_stm32g4xx.o
    0x08006520   0x08006520   0x00000008   Data   RO         4393    .constdata          system_stm32g4xx.o
    0x08006528   0x08006528   0x00000804   Data   RO         5869    .constdata          commontables.o
    0x08006d2c   0x08006d2c   0x00000020   Data   RO        12169    Region$$Table       anon$$obj.o


    Execution Region RW_IRAM1 (Exec base: 0x20000000, Load base: 0x08006d4c, Size: 0x000009d8, Max: 0x00008000, ABSOLUTE)

    Exec Addr    Load Addr    Size         Type   Attr      Idx    E Section Name        Object

    0x20000000   0x08006d4c   0x00000034   Data   RW           14    .data               vofa.o
    0x20000034   0x08006d80   0x00000014   Data   RW          282    .data               main.o
    0x20000048   0x08006d94   0x00000004   Data   RW          566    .data               stm32g4xx_hal_msp.o
    0x2000004c   0x08006d98   0x0000000c   Data   RW         1132    .data               stm32g4xx_hal.o
    0x20000058   0x08006da4   0x00000004   Data   RW         4394    .data               system_stm32g4xx.o
    0x2000005c   0x08006da8   0x0000000c   Data   RW         4442    .data               foc_controller.o
    0x20000068   0x08006db4   0x00000002   Data   RW         4642    .data               foc_config.o
    0x2000006a   0x08006db6   0x00000003   Data   RW         4747    .data               foc_app.o
    0x2000006d   0x08006db9   0x00000003   PAD
    0x20000070   0x08006dbc   0x00000010   Data   RW         4836    .data               foc_calib.o
    0x20000080   0x08006dcc   0x0000001c   Data   RW         5022    .data               current_shunt.o
    0x2000009c   0x08006de8   0x00000004   Data   RW        12142    .data               mc_w.l(stdout.o)
    0x200000a0   0x08006dec   0x00000004   Data   RW        12150    .data               mc_w.l(errno.o)
    0x200000a4        -       0x00000350   Zero   RW          279    .bss                main.o
    0x200003f4        -       0x00000060   Zero   RW          280    .bss                main.o
    0x20000454        -       0x00000060   Zero   RW          281    .bss                main.o
    0x200004b4        -       0x00000050   Zero   RW         4441    .bss                foc_controller.o
    0x20000504        -       0x00000034   Zero   RW         4641    .bss                foc_config.o
    0x20000538        -       0x00000010   Zero   RW         4835    .bss                foc_calib.o
    0x20000548        -       0x0000003c   Zero   RW         4928    .bss                abz_encoder.o
    0x20000584        -       0x00000050   Zero   RW         5021    .bss                current_shunt.o
    0x200005d4   0x08006df0   0x00000004   PAD
    0x200005d8        -       0x00000400   Zero   RW            1    STACK               startup_stm32g431xx.o


==============================================================================

Image component sizes


      Code (inc. data)   RO Data    RW Data    ZI Data      Debug   Object Name

       578         66          0          0         60       7008   abz_encoder.o
         0          0       2052          0          0      12129   commontables.o
      1884        172          0         28         80      85865   current_shunt.o
       260         28          0          0          0       1620   fastmathfunctions.o
       140         30          0          3          0       2814   foc_app.o
       842        106          0         16         16       7766   foc_calib.o
       768        126          0          2         52       7778   foc_config.o
      1044        128          0         12         80      13878   foc_controller.o
       616         54          0          0          0       3844   foc_math.o
      2680        340          0         20       1040      16599   main.o
        36          8        472          0       1024        828   startup_stm32g431xx.o
       162         24          0         12          0       4277   stm32g4xx_hal.o
      1274         48          0          0          0      74000   stm32g4xx_hal_adc.o
      1748         76          0          0          0      77216   stm32g4xx_hal_adc_ex.o
       198         14          0          0          0      33791   stm32g4xx_hal_cortex.o
       906         30          0          0          0       6506   stm32g4xx_hal_dma.o
       608         40          0          0          0       2287   stm32g4xx_hal_gpio.o
      1036        102          0          4          0       5966   stm32g4xx_hal_msp.o
       288          8          0          0          0       2443   stm32g4xx_hal_opamp.o
       204         18          0          0          0       1393   stm32g4xx_hal_pwr_ex.o
      1684         88          0          0          0       6220   stm32g4xx_hal_rcc.o
       648         10          0          0          0       1868   stm32g4xx_hal_rcc_ex.o
      2870        238          0          0          0      19985   stm32g4xx_hal_tim.o
       326         32          0          0          0       6244   stm32g4xx_hal_tim_ex.o
      2690         98         24          0          0      35118   stm32g4xx_hal_uart.o
       288          6         16          0          0       5314   stm32g4xx_hal_uart_ex.o
       198         38          0          0          0      73323   stm32g4xx_it.o
        16          4         24          4          0       1103   system_stm32g4xx.o
       236         24          0         52          0     690647   vofa.o

    ----------------------------------------------------------------------
     24264       1956       2620        156       2356    1207830   Object Totals
         0          0         32          0          0          0   (incl. Generated)
        36          0          0          3          4          0   (incl. Padding)

    ----------------------------------------------------------------------

      Code (inc. data)   RO Data    RW Data    ZI Data      Debug   Library Member Name

       176          0          0          0          0        168   fmodf.o
        16          6          0          0          0        116   funder.o
         0          0          0          0          0          0   entry.o
         0          0          0          0          0          0   entry10a.o
         0          0          0          0          0          0   entry11a.o
         8          4          0          0          0          0   entry2.o
         4          0          0          0          0          0   entry5.o
         0          0          0          0          0          0   entry7b.o
         0          0          0          0          0          0   entry8b.o
         8          4          0          0          0          0   entry9a.o
        12          6          0          4          0         68   errno.o
        30          0          0          0          0          0   handlers.o
        36          8          0          0          0         68   init.o
         0          0          0          0          0          0   iusefp.o
        30          0          0          0          0         68   llshl.o
        32          0          0          0          0         68   llushr.o
        36          0          0          0          0        108   memseta.o
       372         14          0          0          0        184   printf1.o
         0          0          0          4          0          0   stdout.o
        44          0          0          0          0         80   uidiv.o
        98          0          0          0          0         92   uldiv.o
       110          0          0          0          0        168   fepilogue.o
        82          0          0          0          0         96   frem.o

    ----------------------------------------------------------------------
      1096         42          0          8          0       1284   Library Totals
         2          0          0          0          0          0   (incl. Padding)

    ----------------------------------------------------------------------

      Code (inc. data)   RO Data    RW Data    ZI Data      Debug   Library Name

       192          6          0          0          0        284   m_wm.l
       710         36          0          8          0        736   mc_w.l
       192          0          0          0          0        264   mf_w.l

    ----------------------------------------------------------------------
      1096         42          0          8          0       1284   Library Totals

    ----------------------------------------------------------------------

==============================================================================


      Code (inc. data)   RO Data    RW Data    ZI Data      Debug   

     25360       1998       2620        164       2356    1188302   Grand Totals
     25360       1998       2620        164       2356    1188302   ELF Image Totals
     25360       1998       2620        164          0          0   ROM Totals

==============================================================================

    Total RO  Size (Code + RO Data)                27980 (  27.32kB)
    Total RW  Size (RW Data + ZI Data)              2520 (   2.46kB)
    Total ROM Size (Code + RO Data + RW Data)      28144 (  27.48kB)

==============================================================================

